ARM GAS  C:\Users\pcoud\AppData\Local\Temp\ccW2G5Ui.s 			page 1


   1              		.syntax unified
   2              		.cpu cortex-m3
   3              		.fpu softvfp
   4              		.eabi_attribute 20, 1
   5              		.eabi_attribute 21, 1
   6              		.eabi_attribute 23, 3
   7              		.eabi_attribute 24, 1
   8              		.eabi_attribute 25, 1
   9              		.eabi_attribute 26, 1
  10              		.eabi_attribute 30, 1
  11              		.eabi_attribute 34, 1
  12              		.eabi_attribute 18, 4
  13              		.thumb
  14              		.syntax unified
  15              		.file	"isr_serial.c"
  16              		.text
  17              	.Ltext0:
  18              		.cfi_sections	.debug_frame
  19              		.section	.text.isr_serial_Interrupt,"ax",%progbits
  20              		.align	2
  21              		.global	isr_serial_Interrupt
  22              		.thumb
  23              		.thumb_func
  24              		.type	isr_serial_Interrupt, %function
  25              	isr_serial_Interrupt:
  26              	.LFB66:
  27              		.file 1 "Generated_Source\\PSoC5\\isr_serial.c"
   1:Generated_Source\PSoC5/isr_serial.c **** /*******************************************************************************
   2:Generated_Source\PSoC5/isr_serial.c **** * File Name: isr_serial.c  
   3:Generated_Source\PSoC5/isr_serial.c **** * Version 1.70
   4:Generated_Source\PSoC5/isr_serial.c **** *
   5:Generated_Source\PSoC5/isr_serial.c **** *  Description:
   6:Generated_Source\PSoC5/isr_serial.c **** *   API for controlling the state of an interrupt.
   7:Generated_Source\PSoC5/isr_serial.c **** *
   8:Generated_Source\PSoC5/isr_serial.c **** *
   9:Generated_Source\PSoC5/isr_serial.c **** *  Note:
  10:Generated_Source\PSoC5/isr_serial.c **** *
  11:Generated_Source\PSoC5/isr_serial.c **** ********************************************************************************
  12:Generated_Source\PSoC5/isr_serial.c **** * Copyright 2008-2015, Cypress Semiconductor Corporation.  All rights reserved.
  13:Generated_Source\PSoC5/isr_serial.c **** * You may use this file only in accordance with the license, terms, conditions, 
  14:Generated_Source\PSoC5/isr_serial.c **** * disclaimers, and limitations in the end user license agreement accompanying 
  15:Generated_Source\PSoC5/isr_serial.c **** * the software package with which this file was provided.
  16:Generated_Source\PSoC5/isr_serial.c **** *******************************************************************************/
  17:Generated_Source\PSoC5/isr_serial.c **** 
  18:Generated_Source\PSoC5/isr_serial.c **** 
  19:Generated_Source\PSoC5/isr_serial.c **** #include <cydevice_trm.h>
  20:Generated_Source\PSoC5/isr_serial.c **** #include <CyLib.h>
  21:Generated_Source\PSoC5/isr_serial.c **** #include <isr_serial.h>
  22:Generated_Source\PSoC5/isr_serial.c **** #include "cyapicallbacks.h"
  23:Generated_Source\PSoC5/isr_serial.c **** 
  24:Generated_Source\PSoC5/isr_serial.c **** #if !defined(isr_serial__REMOVED) /* Check for removal by optimization */
  25:Generated_Source\PSoC5/isr_serial.c **** 
  26:Generated_Source\PSoC5/isr_serial.c **** /*******************************************************************************
  27:Generated_Source\PSoC5/isr_serial.c **** *  Place your includes, defines and code here 
  28:Generated_Source\PSoC5/isr_serial.c **** ********************************************************************************/
  29:Generated_Source\PSoC5/isr_serial.c **** /* `#START isr_serial_intc` */
  30:Generated_Source\PSoC5/isr_serial.c **** #include <project.h>
ARM GAS  C:\Users\pcoud\AppData\Local\Temp\ccW2G5Ui.s 			page 2


  31:Generated_Source\PSoC5/isr_serial.c **** extern uint8 cptcar; 
  32:Generated_Source\PSoC5/isr_serial.c **** extern uint8 phase;
  33:Generated_Source\PSoC5/isr_serial.c **** extern char message[35];
  34:Generated_Source\PSoC5/isr_serial.c **** extern char begin[15],resp[35];
  35:Generated_Source\PSoC5/isr_serial.c **** /* `#END` */
  36:Generated_Source\PSoC5/isr_serial.c **** 
  37:Generated_Source\PSoC5/isr_serial.c **** #ifndef CYINT_IRQ_BASE
  38:Generated_Source\PSoC5/isr_serial.c **** #define CYINT_IRQ_BASE      16
  39:Generated_Source\PSoC5/isr_serial.c **** #endif /* CYINT_IRQ_BASE */
  40:Generated_Source\PSoC5/isr_serial.c **** #ifndef CYINT_VECT_TABLE
  41:Generated_Source\PSoC5/isr_serial.c **** #define CYINT_VECT_TABLE    ((cyisraddress **) CYREG_NVIC_VECT_OFFSET)
  42:Generated_Source\PSoC5/isr_serial.c **** #endif /* CYINT_VECT_TABLE */
  43:Generated_Source\PSoC5/isr_serial.c **** 
  44:Generated_Source\PSoC5/isr_serial.c **** /* Declared in startup, used to set unused interrupts to. */
  45:Generated_Source\PSoC5/isr_serial.c **** CY_ISR_PROTO(IntDefaultHandler);
  46:Generated_Source\PSoC5/isr_serial.c **** 
  47:Generated_Source\PSoC5/isr_serial.c **** 
  48:Generated_Source\PSoC5/isr_serial.c **** /*******************************************************************************
  49:Generated_Source\PSoC5/isr_serial.c **** * Function Name: isr_serial_Start
  50:Generated_Source\PSoC5/isr_serial.c **** ********************************************************************************
  51:Generated_Source\PSoC5/isr_serial.c **** *
  52:Generated_Source\PSoC5/isr_serial.c **** * Summary:
  53:Generated_Source\PSoC5/isr_serial.c **** *  Set up the interrupt and enable it. This function disables the interrupt, 
  54:Generated_Source\PSoC5/isr_serial.c **** *  sets the default interrupt vector, sets the priority from the value in the
  55:Generated_Source\PSoC5/isr_serial.c **** *  Design Wide Resources Interrupt Editor, then enables the interrupt to the 
  56:Generated_Source\PSoC5/isr_serial.c **** *  interrupt controller.
  57:Generated_Source\PSoC5/isr_serial.c **** *
  58:Generated_Source\PSoC5/isr_serial.c **** * Parameters:  
  59:Generated_Source\PSoC5/isr_serial.c **** *   None
  60:Generated_Source\PSoC5/isr_serial.c **** *
  61:Generated_Source\PSoC5/isr_serial.c **** * Return:
  62:Generated_Source\PSoC5/isr_serial.c **** *   None
  63:Generated_Source\PSoC5/isr_serial.c **** *
  64:Generated_Source\PSoC5/isr_serial.c **** *******************************************************************************/
  65:Generated_Source\PSoC5/isr_serial.c **** void isr_serial_Start(void)
  66:Generated_Source\PSoC5/isr_serial.c **** {
  67:Generated_Source\PSoC5/isr_serial.c ****     /* For all we know the interrupt is active. */
  68:Generated_Source\PSoC5/isr_serial.c ****     isr_serial_Disable();
  69:Generated_Source\PSoC5/isr_serial.c **** 
  70:Generated_Source\PSoC5/isr_serial.c ****     /* Set the ISR to point to the isr_serial Interrupt. */
  71:Generated_Source\PSoC5/isr_serial.c ****     isr_serial_SetVector(&isr_serial_Interrupt);
  72:Generated_Source\PSoC5/isr_serial.c **** 
  73:Generated_Source\PSoC5/isr_serial.c ****     /* Set the priority. */
  74:Generated_Source\PSoC5/isr_serial.c ****     isr_serial_SetPriority((uint8)isr_serial_INTC_PRIOR_NUMBER);
  75:Generated_Source\PSoC5/isr_serial.c **** 
  76:Generated_Source\PSoC5/isr_serial.c ****     /* Enable it. */
  77:Generated_Source\PSoC5/isr_serial.c ****     isr_serial_Enable();
  78:Generated_Source\PSoC5/isr_serial.c **** }
  79:Generated_Source\PSoC5/isr_serial.c **** 
  80:Generated_Source\PSoC5/isr_serial.c **** 
  81:Generated_Source\PSoC5/isr_serial.c **** /*******************************************************************************
  82:Generated_Source\PSoC5/isr_serial.c **** * Function Name: isr_serial_StartEx
  83:Generated_Source\PSoC5/isr_serial.c **** ********************************************************************************
  84:Generated_Source\PSoC5/isr_serial.c **** *
  85:Generated_Source\PSoC5/isr_serial.c **** * Summary:
  86:Generated_Source\PSoC5/isr_serial.c **** *  Sets up the interrupt and enables it. This function disables the interrupt,
  87:Generated_Source\PSoC5/isr_serial.c **** *  sets the interrupt vector based on the address passed in, sets the priority 
ARM GAS  C:\Users\pcoud\AppData\Local\Temp\ccW2G5Ui.s 			page 3


  88:Generated_Source\PSoC5/isr_serial.c **** *  from the value in the Design Wide Resources Interrupt Editor, then enables 
  89:Generated_Source\PSoC5/isr_serial.c **** *  the interrupt to the interrupt controller.
  90:Generated_Source\PSoC5/isr_serial.c **** *  
  91:Generated_Source\PSoC5/isr_serial.c **** *  When defining ISR functions, the CY_ISR and CY_ISR_PROTO macros should be 
  92:Generated_Source\PSoC5/isr_serial.c **** *  used to provide consistent definition across compilers:
  93:Generated_Source\PSoC5/isr_serial.c **** *  
  94:Generated_Source\PSoC5/isr_serial.c **** *  Function definition example:
  95:Generated_Source\PSoC5/isr_serial.c **** *   CY_ISR(MyISR)
  96:Generated_Source\PSoC5/isr_serial.c **** *   {
  97:Generated_Source\PSoC5/isr_serial.c **** *   }
  98:Generated_Source\PSoC5/isr_serial.c **** *   Function prototype example:
  99:Generated_Source\PSoC5/isr_serial.c **** *   CY_ISR_PROTO(MyISR);
 100:Generated_Source\PSoC5/isr_serial.c **** *
 101:Generated_Source\PSoC5/isr_serial.c **** * Parameters:  
 102:Generated_Source\PSoC5/isr_serial.c **** *   address: Address of the ISR to set in the interrupt vector table.
 103:Generated_Source\PSoC5/isr_serial.c **** *
 104:Generated_Source\PSoC5/isr_serial.c **** * Return:
 105:Generated_Source\PSoC5/isr_serial.c **** *   None
 106:Generated_Source\PSoC5/isr_serial.c **** *
 107:Generated_Source\PSoC5/isr_serial.c **** *******************************************************************************/
 108:Generated_Source\PSoC5/isr_serial.c **** void isr_serial_StartEx(cyisraddress address)
 109:Generated_Source\PSoC5/isr_serial.c **** {
 110:Generated_Source\PSoC5/isr_serial.c ****     /* For all we know the interrupt is active. */
 111:Generated_Source\PSoC5/isr_serial.c ****     isr_serial_Disable();
 112:Generated_Source\PSoC5/isr_serial.c **** 
 113:Generated_Source\PSoC5/isr_serial.c ****     /* Set the ISR to point to the isr_serial Interrupt. */
 114:Generated_Source\PSoC5/isr_serial.c ****     isr_serial_SetVector(address);
 115:Generated_Source\PSoC5/isr_serial.c **** 
 116:Generated_Source\PSoC5/isr_serial.c ****     /* Set the priority. */
 117:Generated_Source\PSoC5/isr_serial.c ****     isr_serial_SetPriority((uint8)isr_serial_INTC_PRIOR_NUMBER);
 118:Generated_Source\PSoC5/isr_serial.c **** 
 119:Generated_Source\PSoC5/isr_serial.c ****     /* Enable it. */
 120:Generated_Source\PSoC5/isr_serial.c ****     isr_serial_Enable();
 121:Generated_Source\PSoC5/isr_serial.c **** }
 122:Generated_Source\PSoC5/isr_serial.c **** 
 123:Generated_Source\PSoC5/isr_serial.c **** 
 124:Generated_Source\PSoC5/isr_serial.c **** /*******************************************************************************
 125:Generated_Source\PSoC5/isr_serial.c **** * Function Name: isr_serial_Stop
 126:Generated_Source\PSoC5/isr_serial.c **** ********************************************************************************
 127:Generated_Source\PSoC5/isr_serial.c **** *
 128:Generated_Source\PSoC5/isr_serial.c **** * Summary:
 129:Generated_Source\PSoC5/isr_serial.c **** *   Disables and removes the interrupt.
 130:Generated_Source\PSoC5/isr_serial.c **** *
 131:Generated_Source\PSoC5/isr_serial.c **** * Parameters:  
 132:Generated_Source\PSoC5/isr_serial.c **** *   None
 133:Generated_Source\PSoC5/isr_serial.c **** *
 134:Generated_Source\PSoC5/isr_serial.c **** * Return:
 135:Generated_Source\PSoC5/isr_serial.c **** *   None
 136:Generated_Source\PSoC5/isr_serial.c **** *
 137:Generated_Source\PSoC5/isr_serial.c **** *******************************************************************************/
 138:Generated_Source\PSoC5/isr_serial.c **** void isr_serial_Stop(void)
 139:Generated_Source\PSoC5/isr_serial.c **** {
 140:Generated_Source\PSoC5/isr_serial.c ****     /* Disable this interrupt. */
 141:Generated_Source\PSoC5/isr_serial.c ****     isr_serial_Disable();
 142:Generated_Source\PSoC5/isr_serial.c **** 
 143:Generated_Source\PSoC5/isr_serial.c ****     /* Set the ISR to point to the passive one. */
 144:Generated_Source\PSoC5/isr_serial.c ****     isr_serial_SetVector(&IntDefaultHandler);
ARM GAS  C:\Users\pcoud\AppData\Local\Temp\ccW2G5Ui.s 			page 4


 145:Generated_Source\PSoC5/isr_serial.c **** }
 146:Generated_Source\PSoC5/isr_serial.c **** 
 147:Generated_Source\PSoC5/isr_serial.c **** 
 148:Generated_Source\PSoC5/isr_serial.c **** /*******************************************************************************
 149:Generated_Source\PSoC5/isr_serial.c **** * Function Name: isr_serial_Interrupt
 150:Generated_Source\PSoC5/isr_serial.c **** ********************************************************************************
 151:Generated_Source\PSoC5/isr_serial.c **** *
 152:Generated_Source\PSoC5/isr_serial.c **** * Summary:
 153:Generated_Source\PSoC5/isr_serial.c **** *   The default Interrupt Service Routine for isr_serial.
 154:Generated_Source\PSoC5/isr_serial.c **** *
 155:Generated_Source\PSoC5/isr_serial.c **** *   Add custom code between the coments to keep the next version of this file
 156:Generated_Source\PSoC5/isr_serial.c **** *   from over writting your code.
 157:Generated_Source\PSoC5/isr_serial.c **** *
 158:Generated_Source\PSoC5/isr_serial.c **** * Parameters:  
 159:Generated_Source\PSoC5/isr_serial.c **** *
 160:Generated_Source\PSoC5/isr_serial.c **** * Return:
 161:Generated_Source\PSoC5/isr_serial.c **** *   None
 162:Generated_Source\PSoC5/isr_serial.c **** *
 163:Generated_Source\PSoC5/isr_serial.c **** *******************************************************************************/
 164:Generated_Source\PSoC5/isr_serial.c **** CY_ISR(isr_serial_Interrupt)
 165:Generated_Source\PSoC5/isr_serial.c **** {
  28              		.loc 1 165 0
  29              		.cfi_startproc
  30              		@ args = 0, pretend = 0, frame = 0
  31              		@ frame_needed = 0, uses_anonymous_args = 0
  32 0000 38B5     		push	{r3, r4, r5, lr}
  33              		.cfi_def_cfa_offset 16
  34              		.cfi_offset 3, -16
  35              		.cfi_offset 4, -12
  36              		.cfi_offset 5, -8
  37              		.cfi_offset 14, -4
 166:Generated_Source\PSoC5/isr_serial.c ****     #ifdef isr_serial_INTERRUPT_INTERRUPT_CALLBACK
 167:Generated_Source\PSoC5/isr_serial.c ****         isr_serial_Interrupt_InterruptCallback();
 168:Generated_Source\PSoC5/isr_serial.c ****     #endif /* isr_serial_INTERRUPT_INTERRUPT_CALLBACK */ 
 169:Generated_Source\PSoC5/isr_serial.c **** 
 170:Generated_Source\PSoC5/isr_serial.c ****     /*  Place your Interrupt code here. */
 171:Generated_Source\PSoC5/isr_serial.c ****     /* `#START isr_serial_Interrupt` */
 172:Generated_Source\PSoC5/isr_serial.c ****     uint8 i;
 173:Generated_Source\PSoC5/isr_serial.c ****     message[cptcar]=UART_SIG_GetChar() ;
  38              		.loc 1 173 0
  39 0002 194C     		ldr	r4, .L12
  40 0004 2578     		ldrb	r5, [r4]	@ zero_extendqisi2
  41 0006 FFF7FEFF 		bl	UART_SIG_GetChar
  42              	.LVL0:
  43 000a 184B     		ldr	r3, .L12+4
  44 000c 5855     		strb	r0, [r3, r5]
 174:Generated_Source\PSoC5/isr_serial.c ****     if (message[cptcar]==0xA) {
  45              		.loc 1 174 0
  46 000e 2278     		ldrb	r2, [r4]	@ zero_extendqisi2
  47 0010 9B5C     		ldrb	r3, [r3, r2]	@ zero_extendqisi2
  48 0012 0A2B     		cmp	r3, #10
  49 0014 22D1     		bne	.L2
 175:Generated_Source\PSoC5/isr_serial.c ****         if (phase==0) {for(i=0;i<=cptcar;i++){begin[i]=message[i];};}
  50              		.loc 1 175 0
  51 0016 164B     		ldr	r3, .L12+8
  52 0018 1C78     		ldrb	r4, [r3]	@ zero_extendqisi2
  53 001a 3CB1     		cbz	r4, .L9
ARM GAS  C:\Users\pcoud\AppData\Local\Temp\ccW2G5Ui.s 			page 5


  54 001c 09E0     		b	.L4
  55              	.LVL1:
  56              	.L5:
  57              		.loc 1 175 0 is_stmt 0 discriminator 4
  58 001e 1349     		ldr	r1, .L12+4
  59 0020 C85C     		ldrb	r0, [r1, r3]	@ zero_extendqisi2
  60 0022 1449     		ldr	r1, .L12+12
  61 0024 C854     		strb	r0, [r1, r3]
  62 0026 0133     		adds	r3, r3, #1
  63              	.LVL2:
  64 0028 DBB2     		uxtb	r3, r3
  65              	.LVL3:
  66 002a 00E0     		b	.L3
  67              	.LVL4:
  68              	.L9:
  69 002c 0023     		movs	r3, #0
  70              	.L3:
  71              	.LVL5:
  72              		.loc 1 175 0 discriminator 2
  73 002e 9342     		cmp	r3, r2
  74 0030 F5D9     		bls	.L5
  75              	.LVL6:
  76              	.L4:
 176:Generated_Source\PSoC5/isr_serial.c ****         if (phase==1) {for(i=0;i<=cptcar;i++){resp[i]=message[i];};}
  77              		.loc 1 176 0 is_stmt 1
  78 0032 012C     		cmp	r4, #1
  79 0034 0AD1     		bne	.L7
  80 0036 06E0     		b	.L10
  81              	.LVL7:
  82              	.L8:
  83              		.loc 1 176 0 is_stmt 0 discriminator 4
  84 0038 0C49     		ldr	r1, .L12+4
  85 003a C85C     		ldrb	r0, [r1, r3]	@ zero_extendqisi2
  86 003c 0E49     		ldr	r1, .L12+16
  87 003e C854     		strb	r0, [r1, r3]
  88 0040 0133     		adds	r3, r3, #1
  89              	.LVL8:
  90 0042 DBB2     		uxtb	r3, r3
  91              	.LVL9:
  92 0044 00E0     		b	.L6
  93              	.LVL10:
  94              	.L10:
  95 0046 0023     		movs	r3, #0
  96              	.L6:
  97              	.LVL11:
  98              		.loc 1 176 0 discriminator 2
  99 0048 9342     		cmp	r3, r2
 100 004a F5D9     		bls	.L8
 101              	.LVL12:
 102              	.L7:
 177:Generated_Source\PSoC5/isr_serial.c ****         cptcar=0;
 103              		.loc 1 177 0 is_stmt 1
 104 004c 0022     		movs	r2, #0
 105 004e 064B     		ldr	r3, .L12
 106 0050 1A70     		strb	r2, [r3]
 178:Generated_Source\PSoC5/isr_serial.c ****         phase++;
 107              		.loc 1 178 0
ARM GAS  C:\Users\pcoud\AppData\Local\Temp\ccW2G5Ui.s 			page 6


 108 0052 0134     		adds	r4, r4, #1
 109 0054 064B     		ldr	r3, .L12+8
 110 0056 1C70     		strb	r4, [r3]
 179:Generated_Source\PSoC5/isr_serial.c ****         UART_SIG_ClearRxBuffer();    //Efface le buffer de Rx
 111              		.loc 1 179 0
 112 0058 FFF7FEFF 		bl	UART_SIG_ClearRxBuffer
 113              	.LVL13:
 114              	.L2:
 180:Generated_Source\PSoC5/isr_serial.c ****         }
 181:Generated_Source\PSoC5/isr_serial.c ****     cptcar++;
 115              		.loc 1 181 0
 116 005c 024A     		ldr	r2, .L12
 117 005e 1378     		ldrb	r3, [r2]	@ zero_extendqisi2
 118 0060 0133     		adds	r3, r3, #1
 119 0062 1370     		strb	r3, [r2]
 120 0064 38BD     		pop	{r3, r4, r5, pc}
 121              	.L13:
 122 0066 00BF     		.align	2
 123              	.L12:
 124 0068 00000000 		.word	cptcar
 125 006c 00000000 		.word	message
 126 0070 00000000 		.word	phase
 127 0074 00000000 		.word	begin
 128 0078 00000000 		.word	resp
 129              		.cfi_endproc
 130              	.LFE66:
 131              		.size	isr_serial_Interrupt, .-isr_serial_Interrupt
 132              		.section	.text.isr_serial_SetVector,"ax",%progbits
 133              		.align	2
 134              		.global	isr_serial_SetVector
 135              		.thumb
 136              		.thumb_func
 137              		.type	isr_serial_SetVector, %function
 138              	isr_serial_SetVector:
 139              	.LFB67:
 182:Generated_Source\PSoC5/isr_serial.c **** 
 183:Generated_Source\PSoC5/isr_serial.c ****     /* `#END` */
 184:Generated_Source\PSoC5/isr_serial.c **** }
 185:Generated_Source\PSoC5/isr_serial.c **** 
 186:Generated_Source\PSoC5/isr_serial.c **** 
 187:Generated_Source\PSoC5/isr_serial.c **** /*******************************************************************************
 188:Generated_Source\PSoC5/isr_serial.c **** * Function Name: isr_serial_SetVector
 189:Generated_Source\PSoC5/isr_serial.c **** ********************************************************************************
 190:Generated_Source\PSoC5/isr_serial.c **** *
 191:Generated_Source\PSoC5/isr_serial.c **** * Summary:
 192:Generated_Source\PSoC5/isr_serial.c **** *   Change the ISR vector for the Interrupt. Note calling isr_serial_Start
 193:Generated_Source\PSoC5/isr_serial.c **** *   will override any effect this method would have had. To set the vector 
 194:Generated_Source\PSoC5/isr_serial.c **** *   before the component has been started use isr_serial_StartEx instead.
 195:Generated_Source\PSoC5/isr_serial.c **** * 
 196:Generated_Source\PSoC5/isr_serial.c **** *   When defining ISR functions, the CY_ISR and CY_ISR_PROTO macros should be 
 197:Generated_Source\PSoC5/isr_serial.c **** *   used to provide consistent definition across compilers:
 198:Generated_Source\PSoC5/isr_serial.c **** *
 199:Generated_Source\PSoC5/isr_serial.c **** *   Function definition example:
 200:Generated_Source\PSoC5/isr_serial.c **** *   CY_ISR(MyISR)
 201:Generated_Source\PSoC5/isr_serial.c **** *   {
 202:Generated_Source\PSoC5/isr_serial.c **** *   }
 203:Generated_Source\PSoC5/isr_serial.c **** *
ARM GAS  C:\Users\pcoud\AppData\Local\Temp\ccW2G5Ui.s 			page 7


 204:Generated_Source\PSoC5/isr_serial.c **** *   Function prototype example:
 205:Generated_Source\PSoC5/isr_serial.c **** *     CY_ISR_PROTO(MyISR);
 206:Generated_Source\PSoC5/isr_serial.c **** *
 207:Generated_Source\PSoC5/isr_serial.c **** * Parameters:
 208:Generated_Source\PSoC5/isr_serial.c **** *   address: Address of the ISR to set in the interrupt vector table.
 209:Generated_Source\PSoC5/isr_serial.c **** *
 210:Generated_Source\PSoC5/isr_serial.c **** * Return:
 211:Generated_Source\PSoC5/isr_serial.c **** *   None
 212:Generated_Source\PSoC5/isr_serial.c **** *
 213:Generated_Source\PSoC5/isr_serial.c **** *******************************************************************************/
 214:Generated_Source\PSoC5/isr_serial.c **** void isr_serial_SetVector(cyisraddress address)
 215:Generated_Source\PSoC5/isr_serial.c **** {
 140              		.loc 1 215 0
 141              		.cfi_startproc
 142              		@ args = 0, pretend = 0, frame = 0
 143              		@ frame_needed = 0, uses_anonymous_args = 0
 144              		@ link register save eliminated.
 145              	.LVL14:
 216:Generated_Source\PSoC5/isr_serial.c ****     cyisraddress * ramVectorTable;
 217:Generated_Source\PSoC5/isr_serial.c **** 
 218:Generated_Source\PSoC5/isr_serial.c ****     ramVectorTable = (cyisraddress *) *CYINT_VECT_TABLE;
 146              		.loc 1 218 0
 147 0000 014B     		ldr	r3, .L15
 148 0002 1B68     		ldr	r3, [r3]
 149              	.LVL15:
 219:Generated_Source\PSoC5/isr_serial.c **** 
 220:Generated_Source\PSoC5/isr_serial.c ****     ramVectorTable[CYINT_IRQ_BASE + (uint32)isr_serial__INTC_NUMBER] = address;
 150              		.loc 1 220 0
 151 0004 9864     		str	r0, [r3, #72]
 152 0006 7047     		bx	lr
 153              	.L16:
 154              		.align	2
 155              	.L15:
 156 0008 08ED00E0 		.word	-536810232
 157              		.cfi_endproc
 158              	.LFE67:
 159              		.size	isr_serial_SetVector, .-isr_serial_SetVector
 160              		.section	.text.isr_serial_GetVector,"ax",%progbits
 161              		.align	2
 162              		.global	isr_serial_GetVector
 163              		.thumb
 164              		.thumb_func
 165              		.type	isr_serial_GetVector, %function
 166              	isr_serial_GetVector:
 167              	.LFB68:
 221:Generated_Source\PSoC5/isr_serial.c **** }
 222:Generated_Source\PSoC5/isr_serial.c **** 
 223:Generated_Source\PSoC5/isr_serial.c **** 
 224:Generated_Source\PSoC5/isr_serial.c **** /*******************************************************************************
 225:Generated_Source\PSoC5/isr_serial.c **** * Function Name: isr_serial_GetVector
 226:Generated_Source\PSoC5/isr_serial.c **** ********************************************************************************
 227:Generated_Source\PSoC5/isr_serial.c **** *
 228:Generated_Source\PSoC5/isr_serial.c **** * Summary:
 229:Generated_Source\PSoC5/isr_serial.c **** *   Gets the "address" of the current ISR vector for the Interrupt.
 230:Generated_Source\PSoC5/isr_serial.c **** *
 231:Generated_Source\PSoC5/isr_serial.c **** * Parameters:
 232:Generated_Source\PSoC5/isr_serial.c **** *   None
ARM GAS  C:\Users\pcoud\AppData\Local\Temp\ccW2G5Ui.s 			page 8


 233:Generated_Source\PSoC5/isr_serial.c **** *
 234:Generated_Source\PSoC5/isr_serial.c **** * Return:
 235:Generated_Source\PSoC5/isr_serial.c **** *   Address of the ISR in the interrupt vector table.
 236:Generated_Source\PSoC5/isr_serial.c **** *
 237:Generated_Source\PSoC5/isr_serial.c **** *******************************************************************************/
 238:Generated_Source\PSoC5/isr_serial.c **** cyisraddress isr_serial_GetVector(void)
 239:Generated_Source\PSoC5/isr_serial.c **** {
 168              		.loc 1 239 0
 169              		.cfi_startproc
 170              		@ args = 0, pretend = 0, frame = 0
 171              		@ frame_needed = 0, uses_anonymous_args = 0
 172              		@ link register save eliminated.
 240:Generated_Source\PSoC5/isr_serial.c ****     cyisraddress * ramVectorTable;
 241:Generated_Source\PSoC5/isr_serial.c **** 
 242:Generated_Source\PSoC5/isr_serial.c ****     ramVectorTable = (cyisraddress *) *CYINT_VECT_TABLE;
 173              		.loc 1 242 0
 174 0000 014B     		ldr	r3, .L18
 175 0002 1B68     		ldr	r3, [r3]
 176              	.LVL16:
 243:Generated_Source\PSoC5/isr_serial.c **** 
 244:Generated_Source\PSoC5/isr_serial.c ****     return ramVectorTable[CYINT_IRQ_BASE + (uint32)isr_serial__INTC_NUMBER];
 245:Generated_Source\PSoC5/isr_serial.c **** }
 177              		.loc 1 245 0
 178 0004 986C     		ldr	r0, [r3, #72]
 179 0006 7047     		bx	lr
 180              	.L19:
 181              		.align	2
 182              	.L18:
 183 0008 08ED00E0 		.word	-536810232
 184              		.cfi_endproc
 185              	.LFE68:
 186              		.size	isr_serial_GetVector, .-isr_serial_GetVector
 187              		.section	.text.isr_serial_SetPriority,"ax",%progbits
 188              		.align	2
 189              		.global	isr_serial_SetPriority
 190              		.thumb
 191              		.thumb_func
 192              		.type	isr_serial_SetPriority, %function
 193              	isr_serial_SetPriority:
 194              	.LFB69:
 246:Generated_Source\PSoC5/isr_serial.c **** 
 247:Generated_Source\PSoC5/isr_serial.c **** 
 248:Generated_Source\PSoC5/isr_serial.c **** /*******************************************************************************
 249:Generated_Source\PSoC5/isr_serial.c **** * Function Name: isr_serial_SetPriority
 250:Generated_Source\PSoC5/isr_serial.c **** ********************************************************************************
 251:Generated_Source\PSoC5/isr_serial.c **** *
 252:Generated_Source\PSoC5/isr_serial.c **** * Summary:
 253:Generated_Source\PSoC5/isr_serial.c **** *   Sets the Priority of the Interrupt. 
 254:Generated_Source\PSoC5/isr_serial.c **** *
 255:Generated_Source\PSoC5/isr_serial.c **** *   Note calling isr_serial_Start or isr_serial_StartEx will 
 256:Generated_Source\PSoC5/isr_serial.c **** *   override any effect this API would have had. This API should only be called
 257:Generated_Source\PSoC5/isr_serial.c **** *   after isr_serial_Start or isr_serial_StartEx has been called. 
 258:Generated_Source\PSoC5/isr_serial.c **** *   To set the initial priority for the component, use the Design-Wide Resources
 259:Generated_Source\PSoC5/isr_serial.c **** *   Interrupt Editor.
 260:Generated_Source\PSoC5/isr_serial.c **** *
 261:Generated_Source\PSoC5/isr_serial.c **** *   Note This API has no effect on Non-maskable interrupt NMI).
 262:Generated_Source\PSoC5/isr_serial.c **** *
ARM GAS  C:\Users\pcoud\AppData\Local\Temp\ccW2G5Ui.s 			page 9


 263:Generated_Source\PSoC5/isr_serial.c **** * Parameters:
 264:Generated_Source\PSoC5/isr_serial.c **** *   priority: Priority of the interrupt, 0 being the highest priority
 265:Generated_Source\PSoC5/isr_serial.c **** *             PSoC 3 and PSoC 5LP: Priority is from 0 to 7.
 266:Generated_Source\PSoC5/isr_serial.c **** *             PSoC 4: Priority is from 0 to 3.
 267:Generated_Source\PSoC5/isr_serial.c **** *
 268:Generated_Source\PSoC5/isr_serial.c **** * Return:
 269:Generated_Source\PSoC5/isr_serial.c **** *   None
 270:Generated_Source\PSoC5/isr_serial.c **** *
 271:Generated_Source\PSoC5/isr_serial.c **** *******************************************************************************/
 272:Generated_Source\PSoC5/isr_serial.c **** void isr_serial_SetPriority(uint8 priority)
 273:Generated_Source\PSoC5/isr_serial.c **** {
 195              		.loc 1 273 0
 196              		.cfi_startproc
 197              		@ args = 0, pretend = 0, frame = 0
 198              		@ frame_needed = 0, uses_anonymous_args = 0
 199              		@ link register save eliminated.
 200              	.LVL17:
 274:Generated_Source\PSoC5/isr_serial.c ****     *isr_serial_INTC_PRIOR = priority << 5;
 201              		.loc 1 274 0
 202 0000 4001     		lsls	r0, r0, #5
 203              	.LVL18:
 204 0002 C0B2     		uxtb	r0, r0
 205 0004 014B     		ldr	r3, .L21
 206 0006 1870     		strb	r0, [r3]
 207 0008 7047     		bx	lr
 208              	.L22:
 209 000a 00BF     		.align	2
 210              	.L21:
 211 000c 02E400E0 		.word	-536812542
 212              		.cfi_endproc
 213              	.LFE69:
 214              		.size	isr_serial_SetPriority, .-isr_serial_SetPriority
 215              		.section	.text.isr_serial_GetPriority,"ax",%progbits
 216              		.align	2
 217              		.global	isr_serial_GetPriority
 218              		.thumb
 219              		.thumb_func
 220              		.type	isr_serial_GetPriority, %function
 221              	isr_serial_GetPriority:
 222              	.LFB70:
 275:Generated_Source\PSoC5/isr_serial.c **** }
 276:Generated_Source\PSoC5/isr_serial.c **** 
 277:Generated_Source\PSoC5/isr_serial.c **** 
 278:Generated_Source\PSoC5/isr_serial.c **** /*******************************************************************************
 279:Generated_Source\PSoC5/isr_serial.c **** * Function Name: isr_serial_GetPriority
 280:Generated_Source\PSoC5/isr_serial.c **** ********************************************************************************
 281:Generated_Source\PSoC5/isr_serial.c **** *
 282:Generated_Source\PSoC5/isr_serial.c **** * Summary:
 283:Generated_Source\PSoC5/isr_serial.c **** *   Gets the Priority of the Interrupt.
 284:Generated_Source\PSoC5/isr_serial.c **** *
 285:Generated_Source\PSoC5/isr_serial.c **** * Parameters:
 286:Generated_Source\PSoC5/isr_serial.c **** *   None
 287:Generated_Source\PSoC5/isr_serial.c **** *
 288:Generated_Source\PSoC5/isr_serial.c **** * Return:
 289:Generated_Source\PSoC5/isr_serial.c **** *   Priority of the interrupt, 0 being the highest priority
 290:Generated_Source\PSoC5/isr_serial.c **** *    PSoC 3 and PSoC 5LP: Priority is from 0 to 7.
 291:Generated_Source\PSoC5/isr_serial.c **** *    PSoC 4: Priority is from 0 to 3.
ARM GAS  C:\Users\pcoud\AppData\Local\Temp\ccW2G5Ui.s 			page 10


 292:Generated_Source\PSoC5/isr_serial.c **** *
 293:Generated_Source\PSoC5/isr_serial.c **** *******************************************************************************/
 294:Generated_Source\PSoC5/isr_serial.c **** uint8 isr_serial_GetPriority(void)
 295:Generated_Source\PSoC5/isr_serial.c **** {
 223              		.loc 1 295 0
 224              		.cfi_startproc
 225              		@ args = 0, pretend = 0, frame = 0
 226              		@ frame_needed = 0, uses_anonymous_args = 0
 227              		@ link register save eliminated.
 296:Generated_Source\PSoC5/isr_serial.c ****     uint8 priority;
 297:Generated_Source\PSoC5/isr_serial.c **** 
 298:Generated_Source\PSoC5/isr_serial.c **** 
 299:Generated_Source\PSoC5/isr_serial.c ****     priority = *isr_serial_INTC_PRIOR >> 5;
 228              		.loc 1 299 0
 229 0000 014B     		ldr	r3, .L24
 230 0002 1878     		ldrb	r0, [r3]	@ zero_extendqisi2
 231              	.LVL19:
 300:Generated_Source\PSoC5/isr_serial.c **** 
 301:Generated_Source\PSoC5/isr_serial.c ****     return priority;
 302:Generated_Source\PSoC5/isr_serial.c **** }
 232              		.loc 1 302 0
 233 0004 4009     		lsrs	r0, r0, #5
 234              	.LVL20:
 235 0006 7047     		bx	lr
 236              	.L25:
 237              		.align	2
 238              	.L24:
 239 0008 02E400E0 		.word	-536812542
 240              		.cfi_endproc
 241              	.LFE70:
 242              		.size	isr_serial_GetPriority, .-isr_serial_GetPriority
 243              		.section	.text.isr_serial_Enable,"ax",%progbits
 244              		.align	2
 245              		.global	isr_serial_Enable
 246              		.thumb
 247              		.thumb_func
 248              		.type	isr_serial_Enable, %function
 249              	isr_serial_Enable:
 250              	.LFB71:
 303:Generated_Source\PSoC5/isr_serial.c **** 
 304:Generated_Source\PSoC5/isr_serial.c **** 
 305:Generated_Source\PSoC5/isr_serial.c **** /*******************************************************************************
 306:Generated_Source\PSoC5/isr_serial.c **** * Function Name: isr_serial_Enable
 307:Generated_Source\PSoC5/isr_serial.c **** ********************************************************************************
 308:Generated_Source\PSoC5/isr_serial.c **** *
 309:Generated_Source\PSoC5/isr_serial.c **** * Summary:
 310:Generated_Source\PSoC5/isr_serial.c **** *   Enables the interrupt to the interrupt controller. Do not call this function
 311:Generated_Source\PSoC5/isr_serial.c **** *   unless ISR_Start() has been called or the functionality of the ISR_Start() 
 312:Generated_Source\PSoC5/isr_serial.c **** *   function, which sets the vector and the priority, has been called.
 313:Generated_Source\PSoC5/isr_serial.c **** *
 314:Generated_Source\PSoC5/isr_serial.c **** * Parameters:
 315:Generated_Source\PSoC5/isr_serial.c **** *   None
 316:Generated_Source\PSoC5/isr_serial.c **** *
 317:Generated_Source\PSoC5/isr_serial.c **** * Return:
 318:Generated_Source\PSoC5/isr_serial.c **** *   None
 319:Generated_Source\PSoC5/isr_serial.c **** *
 320:Generated_Source\PSoC5/isr_serial.c **** *******************************************************************************/
ARM GAS  C:\Users\pcoud\AppData\Local\Temp\ccW2G5Ui.s 			page 11


 321:Generated_Source\PSoC5/isr_serial.c **** void isr_serial_Enable(void)
 322:Generated_Source\PSoC5/isr_serial.c **** {
 251              		.loc 1 322 0
 252              		.cfi_startproc
 253              		@ args = 0, pretend = 0, frame = 0
 254              		@ frame_needed = 0, uses_anonymous_args = 0
 255              		@ link register save eliminated.
 323:Generated_Source\PSoC5/isr_serial.c ****     /* Enable the general interrupt. */
 324:Generated_Source\PSoC5/isr_serial.c ****     *isr_serial_INTC_SET_EN = isr_serial__INTC_MASK;
 256              		.loc 1 324 0
 257 0000 0422     		movs	r2, #4
 258 0002 014B     		ldr	r3, .L27
 259 0004 1A60     		str	r2, [r3]
 260 0006 7047     		bx	lr
 261              	.L28:
 262              		.align	2
 263              	.L27:
 264 0008 00E100E0 		.word	-536813312
 265              		.cfi_endproc
 266              	.LFE71:
 267              		.size	isr_serial_Enable, .-isr_serial_Enable
 268              		.section	.text.isr_serial_GetState,"ax",%progbits
 269              		.align	2
 270              		.global	isr_serial_GetState
 271              		.thumb
 272              		.thumb_func
 273              		.type	isr_serial_GetState, %function
 274              	isr_serial_GetState:
 275              	.LFB72:
 325:Generated_Source\PSoC5/isr_serial.c **** }
 326:Generated_Source\PSoC5/isr_serial.c **** 
 327:Generated_Source\PSoC5/isr_serial.c **** 
 328:Generated_Source\PSoC5/isr_serial.c **** /*******************************************************************************
 329:Generated_Source\PSoC5/isr_serial.c **** * Function Name: isr_serial_GetState
 330:Generated_Source\PSoC5/isr_serial.c **** ********************************************************************************
 331:Generated_Source\PSoC5/isr_serial.c **** *
 332:Generated_Source\PSoC5/isr_serial.c **** * Summary:
 333:Generated_Source\PSoC5/isr_serial.c **** *   Gets the state (enabled, disabled) of the Interrupt.
 334:Generated_Source\PSoC5/isr_serial.c **** *
 335:Generated_Source\PSoC5/isr_serial.c **** * Parameters:
 336:Generated_Source\PSoC5/isr_serial.c **** *   None
 337:Generated_Source\PSoC5/isr_serial.c **** *
 338:Generated_Source\PSoC5/isr_serial.c **** * Return:
 339:Generated_Source\PSoC5/isr_serial.c **** *   1 if enabled, 0 if disabled.
 340:Generated_Source\PSoC5/isr_serial.c **** *
 341:Generated_Source\PSoC5/isr_serial.c **** *******************************************************************************/
 342:Generated_Source\PSoC5/isr_serial.c **** uint8 isr_serial_GetState(void)
 343:Generated_Source\PSoC5/isr_serial.c **** {
 276              		.loc 1 343 0
 277              		.cfi_startproc
 278              		@ args = 0, pretend = 0, frame = 0
 279              		@ frame_needed = 0, uses_anonymous_args = 0
 280              		@ link register save eliminated.
 344:Generated_Source\PSoC5/isr_serial.c ****     /* Get the state of the general interrupt. */
 345:Generated_Source\PSoC5/isr_serial.c ****     return ((*isr_serial_INTC_SET_EN & (uint32)isr_serial__INTC_MASK) != 0u) ? 1u:0u;
 281              		.loc 1 345 0
 282 0000 044B     		ldr	r3, .L32
ARM GAS  C:\Users\pcoud\AppData\Local\Temp\ccW2G5Ui.s 			page 12


 283 0002 1B68     		ldr	r3, [r3]
 284 0004 13F0040F 		tst	r3, #4
 285 0008 01D0     		beq	.L31
 286 000a 0120     		movs	r0, #1
 287 000c 7047     		bx	lr
 288              	.L31:
 289 000e 0020     		movs	r0, #0
 346:Generated_Source\PSoC5/isr_serial.c **** }
 290              		.loc 1 346 0
 291 0010 7047     		bx	lr
 292              	.L33:
 293 0012 00BF     		.align	2
 294              	.L32:
 295 0014 00E100E0 		.word	-536813312
 296              		.cfi_endproc
 297              	.LFE72:
 298              		.size	isr_serial_GetState, .-isr_serial_GetState
 299              		.section	.text.isr_serial_Disable,"ax",%progbits
 300              		.align	2
 301              		.global	isr_serial_Disable
 302              		.thumb
 303              		.thumb_func
 304              		.type	isr_serial_Disable, %function
 305              	isr_serial_Disable:
 306              	.LFB73:
 347:Generated_Source\PSoC5/isr_serial.c **** 
 348:Generated_Source\PSoC5/isr_serial.c **** 
 349:Generated_Source\PSoC5/isr_serial.c **** /*******************************************************************************
 350:Generated_Source\PSoC5/isr_serial.c **** * Function Name: isr_serial_Disable
 351:Generated_Source\PSoC5/isr_serial.c **** ********************************************************************************
 352:Generated_Source\PSoC5/isr_serial.c **** *
 353:Generated_Source\PSoC5/isr_serial.c **** * Summary:
 354:Generated_Source\PSoC5/isr_serial.c **** *   Disables the Interrupt in the interrupt controller.
 355:Generated_Source\PSoC5/isr_serial.c **** *
 356:Generated_Source\PSoC5/isr_serial.c **** * Parameters:
 357:Generated_Source\PSoC5/isr_serial.c **** *   None
 358:Generated_Source\PSoC5/isr_serial.c **** *
 359:Generated_Source\PSoC5/isr_serial.c **** * Return:
 360:Generated_Source\PSoC5/isr_serial.c **** *   None
 361:Generated_Source\PSoC5/isr_serial.c **** *
 362:Generated_Source\PSoC5/isr_serial.c **** *******************************************************************************/
 363:Generated_Source\PSoC5/isr_serial.c **** void isr_serial_Disable(void)
 364:Generated_Source\PSoC5/isr_serial.c **** {
 307              		.loc 1 364 0
 308              		.cfi_startproc
 309              		@ args = 0, pretend = 0, frame = 0
 310              		@ frame_needed = 0, uses_anonymous_args = 0
 311              		@ link register save eliminated.
 365:Generated_Source\PSoC5/isr_serial.c ****     /* Disable the general interrupt. */
 366:Generated_Source\PSoC5/isr_serial.c ****     *isr_serial_INTC_CLR_EN = isr_serial__INTC_MASK;
 312              		.loc 1 366 0
 313 0000 0422     		movs	r2, #4
 314 0002 014B     		ldr	r3, .L35
 315 0004 1A60     		str	r2, [r3]
 316 0006 7047     		bx	lr
 317              	.L36:
 318              		.align	2
ARM GAS  C:\Users\pcoud\AppData\Local\Temp\ccW2G5Ui.s 			page 13


 319              	.L35:
 320 0008 80E100E0 		.word	-536813184
 321              		.cfi_endproc
 322              	.LFE73:
 323              		.size	isr_serial_Disable, .-isr_serial_Disable
 324              		.section	.text.isr_serial_Start,"ax",%progbits
 325              		.align	2
 326              		.global	isr_serial_Start
 327              		.thumb
 328              		.thumb_func
 329              		.type	isr_serial_Start, %function
 330              	isr_serial_Start:
 331              	.LFB63:
  66:Generated_Source\PSoC5/isr_serial.c ****     /* For all we know the interrupt is active. */
 332              		.loc 1 66 0
 333              		.cfi_startproc
 334              		@ args = 0, pretend = 0, frame = 0
 335              		@ frame_needed = 0, uses_anonymous_args = 0
 336 0000 08B5     		push	{r3, lr}
 337              		.cfi_def_cfa_offset 8
 338              		.cfi_offset 3, -8
 339              		.cfi_offset 14, -4
  68:Generated_Source\PSoC5/isr_serial.c **** 
 340              		.loc 1 68 0
 341 0002 FFF7FEFF 		bl	isr_serial_Disable
 342              	.LVL21:
  71:Generated_Source\PSoC5/isr_serial.c **** 
 343              		.loc 1 71 0
 344 0006 0448     		ldr	r0, .L39
 345 0008 FFF7FEFF 		bl	isr_serial_SetVector
 346              	.LVL22:
  74:Generated_Source\PSoC5/isr_serial.c **** 
 347              		.loc 1 74 0
 348 000c 0720     		movs	r0, #7
 349 000e FFF7FEFF 		bl	isr_serial_SetPriority
 350              	.LVL23:
  77:Generated_Source\PSoC5/isr_serial.c **** }
 351              		.loc 1 77 0
 352 0012 FFF7FEFF 		bl	isr_serial_Enable
 353              	.LVL24:
 354 0016 08BD     		pop	{r3, pc}
 355              	.L40:
 356              		.align	2
 357              	.L39:
 358 0018 00000000 		.word	isr_serial_Interrupt
 359              		.cfi_endproc
 360              	.LFE63:
 361              		.size	isr_serial_Start, .-isr_serial_Start
 362              		.section	.text.isr_serial_StartEx,"ax",%progbits
 363              		.align	2
 364              		.global	isr_serial_StartEx
 365              		.thumb
 366              		.thumb_func
 367              		.type	isr_serial_StartEx, %function
 368              	isr_serial_StartEx:
 369              	.LFB64:
 109:Generated_Source\PSoC5/isr_serial.c ****     /* For all we know the interrupt is active. */
ARM GAS  C:\Users\pcoud\AppData\Local\Temp\ccW2G5Ui.s 			page 14


 370              		.loc 1 109 0
 371              		.cfi_startproc
 372              		@ args = 0, pretend = 0, frame = 0
 373              		@ frame_needed = 0, uses_anonymous_args = 0
 374              	.LVL25:
 375 0000 10B5     		push	{r4, lr}
 376              		.cfi_def_cfa_offset 8
 377              		.cfi_offset 4, -8
 378              		.cfi_offset 14, -4
 379 0002 0446     		mov	r4, r0
 111:Generated_Source\PSoC5/isr_serial.c **** 
 380              		.loc 1 111 0
 381 0004 FFF7FEFF 		bl	isr_serial_Disable
 382              	.LVL26:
 114:Generated_Source\PSoC5/isr_serial.c **** 
 383              		.loc 1 114 0
 384 0008 2046     		mov	r0, r4
 385 000a FFF7FEFF 		bl	isr_serial_SetVector
 386              	.LVL27:
 117:Generated_Source\PSoC5/isr_serial.c **** 
 387              		.loc 1 117 0
 388 000e 0720     		movs	r0, #7
 389 0010 FFF7FEFF 		bl	isr_serial_SetPriority
 390              	.LVL28:
 120:Generated_Source\PSoC5/isr_serial.c **** }
 391              		.loc 1 120 0
 392 0014 FFF7FEFF 		bl	isr_serial_Enable
 393              	.LVL29:
 394 0018 10BD     		pop	{r4, pc}
 395              		.cfi_endproc
 396              	.LFE64:
 397              		.size	isr_serial_StartEx, .-isr_serial_StartEx
 398 001a 00BF     		.section	.text.isr_serial_Stop,"ax",%progbits
 399              		.align	2
 400              		.global	isr_serial_Stop
 401              		.thumb
 402              		.thumb_func
 403              		.type	isr_serial_Stop, %function
 404              	isr_serial_Stop:
 405              	.LFB65:
 139:Generated_Source\PSoC5/isr_serial.c ****     /* Disable this interrupt. */
 406              		.loc 1 139 0
 407              		.cfi_startproc
 408              		@ args = 0, pretend = 0, frame = 0
 409              		@ frame_needed = 0, uses_anonymous_args = 0
 410 0000 08B5     		push	{r3, lr}
 411              		.cfi_def_cfa_offset 8
 412              		.cfi_offset 3, -8
 413              		.cfi_offset 14, -4
 141:Generated_Source\PSoC5/isr_serial.c **** 
 414              		.loc 1 141 0
 415 0002 FFF7FEFF 		bl	isr_serial_Disable
 416              	.LVL30:
 144:Generated_Source\PSoC5/isr_serial.c **** }
 417              		.loc 1 144 0
 418 0006 0248     		ldr	r0, .L45
 419 0008 FFF7FEFF 		bl	isr_serial_SetVector
ARM GAS  C:\Users\pcoud\AppData\Local\Temp\ccW2G5Ui.s 			page 15


 420              	.LVL31:
 421 000c 08BD     		pop	{r3, pc}
 422              	.L46:
 423 000e 00BF     		.align	2
 424              	.L45:
 425 0010 00000000 		.word	IntDefaultHandler
 426              		.cfi_endproc
 427              	.LFE65:
 428              		.size	isr_serial_Stop, .-isr_serial_Stop
 429              		.section	.text.isr_serial_SetPending,"ax",%progbits
 430              		.align	2
 431              		.global	isr_serial_SetPending
 432              		.thumb
 433              		.thumb_func
 434              		.type	isr_serial_SetPending, %function
 435              	isr_serial_SetPending:
 436              	.LFB74:
 367:Generated_Source\PSoC5/isr_serial.c **** }
 368:Generated_Source\PSoC5/isr_serial.c **** 
 369:Generated_Source\PSoC5/isr_serial.c **** 
 370:Generated_Source\PSoC5/isr_serial.c **** /*******************************************************************************
 371:Generated_Source\PSoC5/isr_serial.c **** * Function Name: isr_serial_SetPending
 372:Generated_Source\PSoC5/isr_serial.c **** ********************************************************************************
 373:Generated_Source\PSoC5/isr_serial.c **** *
 374:Generated_Source\PSoC5/isr_serial.c **** * Summary:
 375:Generated_Source\PSoC5/isr_serial.c **** *   Causes the Interrupt to enter the pending state, a software method of
 376:Generated_Source\PSoC5/isr_serial.c **** *   generating the interrupt.
 377:Generated_Source\PSoC5/isr_serial.c **** *
 378:Generated_Source\PSoC5/isr_serial.c **** * Parameters:
 379:Generated_Source\PSoC5/isr_serial.c **** *   None
 380:Generated_Source\PSoC5/isr_serial.c **** *
 381:Generated_Source\PSoC5/isr_serial.c **** * Return:
 382:Generated_Source\PSoC5/isr_serial.c **** *   None
 383:Generated_Source\PSoC5/isr_serial.c **** *
 384:Generated_Source\PSoC5/isr_serial.c **** * Side Effects:
 385:Generated_Source\PSoC5/isr_serial.c **** *   If interrupts are enabled and the interrupt is set up properly, the ISR is
 386:Generated_Source\PSoC5/isr_serial.c **** *   entered (depending on the priority of this interrupt and other pending 
 387:Generated_Source\PSoC5/isr_serial.c **** *   interrupts).
 388:Generated_Source\PSoC5/isr_serial.c **** *
 389:Generated_Source\PSoC5/isr_serial.c **** *******************************************************************************/
 390:Generated_Source\PSoC5/isr_serial.c **** void isr_serial_SetPending(void)
 391:Generated_Source\PSoC5/isr_serial.c **** {
 437              		.loc 1 391 0
 438              		.cfi_startproc
 439              		@ args = 0, pretend = 0, frame = 0
 440              		@ frame_needed = 0, uses_anonymous_args = 0
 441              		@ link register save eliminated.
 392:Generated_Source\PSoC5/isr_serial.c ****     *isr_serial_INTC_SET_PD = isr_serial__INTC_MASK;
 442              		.loc 1 392 0
 443 0000 0422     		movs	r2, #4
 444 0002 014B     		ldr	r3, .L48
 445 0004 1A60     		str	r2, [r3]
 446 0006 7047     		bx	lr
 447              	.L49:
 448              		.align	2
 449              	.L48:
 450 0008 00E200E0 		.word	-536813056
ARM GAS  C:\Users\pcoud\AppData\Local\Temp\ccW2G5Ui.s 			page 16


 451              		.cfi_endproc
 452              	.LFE74:
 453              		.size	isr_serial_SetPending, .-isr_serial_SetPending
 454              		.section	.text.isr_serial_ClearPending,"ax",%progbits
 455              		.align	2
 456              		.global	isr_serial_ClearPending
 457              		.thumb
 458              		.thumb_func
 459              		.type	isr_serial_ClearPending, %function
 460              	isr_serial_ClearPending:
 461              	.LFB75:
 393:Generated_Source\PSoC5/isr_serial.c **** }
 394:Generated_Source\PSoC5/isr_serial.c **** 
 395:Generated_Source\PSoC5/isr_serial.c **** 
 396:Generated_Source\PSoC5/isr_serial.c **** /*******************************************************************************
 397:Generated_Source\PSoC5/isr_serial.c **** * Function Name: isr_serial_ClearPending
 398:Generated_Source\PSoC5/isr_serial.c **** ********************************************************************************
 399:Generated_Source\PSoC5/isr_serial.c **** *
 400:Generated_Source\PSoC5/isr_serial.c **** * Summary:
 401:Generated_Source\PSoC5/isr_serial.c **** *   Clears a pending interrupt in the interrupt controller.
 402:Generated_Source\PSoC5/isr_serial.c **** *
 403:Generated_Source\PSoC5/isr_serial.c **** *   Note Some interrupt sources are clear-on-read and require the block 
 404:Generated_Source\PSoC5/isr_serial.c **** *   interrupt/status register to be read/cleared with the appropriate block API 
 405:Generated_Source\PSoC5/isr_serial.c **** *   (GPIO, UART, and so on). Otherwise the ISR will continue to remain in 
 406:Generated_Source\PSoC5/isr_serial.c **** *   pending state even though the interrupt itself is cleared using this API.
 407:Generated_Source\PSoC5/isr_serial.c **** *
 408:Generated_Source\PSoC5/isr_serial.c **** * Parameters:
 409:Generated_Source\PSoC5/isr_serial.c **** *   None
 410:Generated_Source\PSoC5/isr_serial.c **** *
 411:Generated_Source\PSoC5/isr_serial.c **** * Return:
 412:Generated_Source\PSoC5/isr_serial.c **** *   None
 413:Generated_Source\PSoC5/isr_serial.c **** *
 414:Generated_Source\PSoC5/isr_serial.c **** *******************************************************************************/
 415:Generated_Source\PSoC5/isr_serial.c **** void isr_serial_ClearPending(void)
 416:Generated_Source\PSoC5/isr_serial.c **** {
 462              		.loc 1 416 0
 463              		.cfi_startproc
 464              		@ args = 0, pretend = 0, frame = 0
 465              		@ frame_needed = 0, uses_anonymous_args = 0
 466              		@ link register save eliminated.
 417:Generated_Source\PSoC5/isr_serial.c ****     *isr_serial_INTC_CLR_PD = isr_serial__INTC_MASK;
 467              		.loc 1 417 0
 468 0000 0422     		movs	r2, #4
 469 0002 014B     		ldr	r3, .L51
 470 0004 1A60     		str	r2, [r3]
 471 0006 7047     		bx	lr
 472              	.L52:
 473              		.align	2
 474              	.L51:
 475 0008 80E200E0 		.word	-536812928
 476              		.cfi_endproc
 477              	.LFE75:
 478              		.size	isr_serial_ClearPending, .-isr_serial_ClearPending
 479              		.text
 480              	.Letext0:
 481              		.file 2 "c:\\program files (x86)\\cypress\\psoc creator\\4.1\\psoc creator\\import\\gnu\\arm\\5.4.
 482              		.file 3 "c:\\program files (x86)\\cypress\\psoc creator\\4.1\\psoc creator\\import\\gnu\\arm\\5.4.
ARM GAS  C:\Users\pcoud\AppData\Local\Temp\ccW2G5Ui.s 			page 17


 483              		.file 4 "Generated_Source\\PSoC5/cytypes.h"
 484              		.file 5 "Generated_Source\\PSoC5/core_cm3.h"
 485              		.file 6 "Generated_Source\\PSoC5/UART_SIG.h"
 486              		.section	.debug_info,"",%progbits
 487              	.Ldebug_info0:
 488 0000 86030000 		.4byte	0x386
 489 0004 0400     		.2byte	0x4
 490 0006 00000000 		.4byte	.Ldebug_abbrev0
 491 000a 04       		.byte	0x4
 492 000b 01       		.uleb128 0x1
 493 000c D9000000 		.4byte	.LASF44
 494 0010 0C       		.byte	0xc
 495 0011 1C000000 		.4byte	.LASF45
 496 0015 05020000 		.4byte	.LASF46
 497 0019 00000000 		.4byte	.Ldebug_ranges0+0
 498 001d 00000000 		.4byte	0
 499 0021 00000000 		.4byte	.Ldebug_line0
 500 0025 02       		.uleb128 0x2
 501 0026 04       		.byte	0x4
 502 0027 05       		.byte	0x5
 503 0028 696E7400 		.ascii	"int\000"
 504 002c 03       		.uleb128 0x3
 505 002d 04       		.byte	0x4
 506 002e 07       		.byte	0x7
 507 002f D9010000 		.4byte	.LASF0
 508 0033 03       		.uleb128 0x3
 509 0034 08       		.byte	0x8
 510 0035 05       		.byte	0x5
 511 0036 BD000000 		.4byte	.LASF1
 512 003a 03       		.uleb128 0x3
 513 003b 08       		.byte	0x8
 514 003c 04       		.byte	0x4
 515 003d 0B030000 		.4byte	.LASF2
 516 0041 03       		.uleb128 0x3
 517 0042 01       		.byte	0x1
 518 0043 06       		.byte	0x6
 519 0044 17030000 		.4byte	.LASF3
 520 0048 03       		.uleb128 0x3
 521 0049 01       		.byte	0x1
 522 004a 08       		.byte	0x8
 523 004b CB000000 		.4byte	.LASF4
 524 004f 03       		.uleb128 0x3
 525 0050 02       		.byte	0x2
 526 0051 05       		.byte	0x5
 527 0052 C8020000 		.4byte	.LASF5
 528 0056 03       		.uleb128 0x3
 529 0057 02       		.byte	0x2
 530 0058 07       		.byte	0x7
 531 0059 9E000000 		.4byte	.LASF6
 532 005d 04       		.uleb128 0x4
 533 005e 94000000 		.4byte	.LASF12
 534 0062 02       		.byte	0x2
 535 0063 3F       		.byte	0x3f
 536 0064 68000000 		.4byte	0x68
 537 0068 03       		.uleb128 0x3
 538 0069 04       		.byte	0x4
 539 006a 05       		.byte	0x5
ARM GAS  C:\Users\pcoud\AppData\Local\Temp\ccW2G5Ui.s 			page 18


 540 006b 02030000 		.4byte	.LASF7
 541 006f 03       		.uleb128 0x3
 542 0070 04       		.byte	0x4
 543 0071 07       		.byte	0x7
 544 0072 6C010000 		.4byte	.LASF8
 545 0076 03       		.uleb128 0x3
 546 0077 08       		.byte	0x8
 547 0078 07       		.byte	0x7
 548 0079 EE010000 		.4byte	.LASF9
 549 007d 03       		.uleb128 0x3
 550 007e 04       		.byte	0x4
 551 007f 07       		.byte	0x7
 552 0080 63020000 		.4byte	.LASF10
 553 0084 03       		.uleb128 0x3
 554 0085 01       		.byte	0x1
 555 0086 08       		.byte	0x8
 556 0087 96020000 		.4byte	.LASF11
 557 008b 05       		.uleb128 0x5
 558 008c 04       		.byte	0x4
 559 008d 91000000 		.4byte	0x91
 560 0091 06       		.uleb128 0x6
 561 0092 04       		.uleb128 0x4
 562 0093 5B020000 		.4byte	.LASF13
 563 0097 03       		.byte	0x3
 564 0098 2C       		.byte	0x2c
 565 0099 5D000000 		.4byte	0x5d
 566 009d 07       		.uleb128 0x7
 567 009e D2020000 		.4byte	.LASF14
 568 00a2 04       		.byte	0x4
 569 00a3 9201     		.2byte	0x192
 570 00a5 48000000 		.4byte	0x48
 571 00a9 07       		.uleb128 0x7
 572 00aa CD010000 		.4byte	.LASF15
 573 00ae 04       		.byte	0x4
 574 00af 9401     		.2byte	0x194
 575 00b1 6F000000 		.4byte	0x6f
 576 00b5 03       		.uleb128 0x3
 577 00b6 04       		.byte	0x4
 578 00b7 04       		.byte	0x4
 579 00b8 B7000000 		.4byte	.LASF16
 580 00bc 03       		.uleb128 0x3
 581 00bd 08       		.byte	0x8
 582 00be 04       		.byte	0x4
 583 00bf A8010000 		.4byte	.LASF17
 584 00c3 07       		.uleb128 0x7
 585 00c4 67010000 		.4byte	.LASF18
 586 00c8 04       		.byte	0x4
 587 00c9 3C02     		.2byte	0x23c
 588 00cb CF000000 		.4byte	0xcf
 589 00cf 08       		.uleb128 0x8
 590 00d0 9D000000 		.4byte	0x9d
 591 00d4 07       		.uleb128 0x7
 592 00d5 40000000 		.4byte	.LASF19
 593 00d9 04       		.byte	0x4
 594 00da 3E02     		.2byte	0x23e
 595 00dc E0000000 		.4byte	0xe0
 596 00e0 08       		.uleb128 0x8
ARM GAS  C:\Users\pcoud\AppData\Local\Temp\ccW2G5Ui.s 			page 19


 597 00e1 A9000000 		.4byte	0xa9
 598 00e5 07       		.uleb128 0x7
 599 00e6 3B020000 		.4byte	.LASF20
 600 00ea 04       		.byte	0x4
 601 00eb 4E02     		.2byte	0x24e
 602 00ed 8B000000 		.4byte	0x8b
 603 00f1 09       		.uleb128 0x9
 604 00f2 ED020000 		.4byte	.LASF21
 605 00f6 01       		.byte	0x1
 606 00f7 A4       		.byte	0xa4
 607 00f8 00000000 		.4byte	.LFB66
 608 00fc 7C000000 		.4byte	.LFE66-.LFB66
 609 0100 01       		.uleb128 0x1
 610 0101 9C       		.byte	0x9c
 611 0102 26010000 		.4byte	0x126
 612 0106 0A       		.uleb128 0xa
 613 0107 6900     		.ascii	"i\000"
 614 0109 01       		.byte	0x1
 615 010a AC       		.byte	0xac
 616 010b 9D000000 		.4byte	0x9d
 617 010f 00000000 		.4byte	.LLST0
 618 0113 0B       		.uleb128 0xb
 619 0114 0A000000 		.4byte	.LVL0
 620 0118 73030000 		.4byte	0x373
 621 011c 0B       		.uleb128 0xb
 622 011d 5C000000 		.4byte	.LVL13
 623 0121 7E030000 		.4byte	0x37e
 624 0125 00       		.byte	0
 625 0126 09       		.uleb128 0x9
 626 0127 AF010000 		.4byte	.LASF22
 627 012b 01       		.byte	0x1
 628 012c D6       		.byte	0xd6
 629 012d 00000000 		.4byte	.LFB67
 630 0131 0C000000 		.4byte	.LFE67-.LFB67
 631 0135 01       		.uleb128 0x1
 632 0136 9C       		.byte	0x9c
 633 0137 56010000 		.4byte	0x156
 634 013b 0C       		.uleb128 0xc
 635 013c E6010000 		.4byte	.LASF25
 636 0140 01       		.byte	0x1
 637 0141 D6       		.byte	0xd6
 638 0142 E5000000 		.4byte	0xe5
 639 0146 01       		.uleb128 0x1
 640 0147 50       		.byte	0x50
 641 0148 0D       		.uleb128 0xd
 642 0149 9B020000 		.4byte	.LASF23
 643 014d 01       		.byte	0x1
 644 014e D8       		.byte	0xd8
 645 014f 56010000 		.4byte	0x156
 646 0153 01       		.uleb128 0x1
 647 0154 53       		.byte	0x53
 648 0155 00       		.byte	0
 649 0156 05       		.uleb128 0x5
 650 0157 04       		.byte	0x4
 651 0158 E5000000 		.4byte	0xe5
 652 015c 0E       		.uleb128 0xe
 653 015d D8020000 		.4byte	.LASF27
ARM GAS  C:\Users\pcoud\AppData\Local\Temp\ccW2G5Ui.s 			page 20


 654 0161 01       		.byte	0x1
 655 0162 EE       		.byte	0xee
 656 0163 E5000000 		.4byte	0xe5
 657 0167 00000000 		.4byte	.LFB68
 658 016b 0C000000 		.4byte	.LFE68-.LFB68
 659 016f 01       		.uleb128 0x1
 660 0170 9C       		.byte	0x9c
 661 0171 83010000 		.4byte	0x183
 662 0175 0D       		.uleb128 0xd
 663 0176 9B020000 		.4byte	.LASF23
 664 017a 01       		.byte	0x1
 665 017b F0       		.byte	0xf0
 666 017c 56010000 		.4byte	0x156
 667 0180 01       		.uleb128 0x1
 668 0181 53       		.byte	0x53
 669 0182 00       		.byte	0
 670 0183 0F       		.uleb128 0xf
 671 0184 46000000 		.4byte	.LASF24
 672 0188 01       		.byte	0x1
 673 0189 1001     		.2byte	0x110
 674 018b 00000000 		.4byte	.LFB69
 675 018f 10000000 		.4byte	.LFE69-.LFB69
 676 0193 01       		.uleb128 0x1
 677 0194 9C       		.byte	0x9c
 678 0195 AA010000 		.4byte	0x1aa
 679 0199 10       		.uleb128 0x10
 680 019a C4010000 		.4byte	.LASF26
 681 019e 01       		.byte	0x1
 682 019f 1001     		.2byte	0x110
 683 01a1 9D000000 		.4byte	0x9d
 684 01a5 4A000000 		.4byte	.LLST1
 685 01a9 00       		.byte	0
 686 01aa 11       		.uleb128 0x11
 687 01ab AA020000 		.4byte	.LASF28
 688 01af 01       		.byte	0x1
 689 01b0 2601     		.2byte	0x126
 690 01b2 9D000000 		.4byte	0x9d
 691 01b6 00000000 		.4byte	.LFB70
 692 01ba 0C000000 		.4byte	.LFE70-.LFB70
 693 01be 01       		.uleb128 0x1
 694 01bf 9C       		.byte	0x9c
 695 01c0 D5010000 		.4byte	0x1d5
 696 01c4 12       		.uleb128 0x12
 697 01c5 C4010000 		.4byte	.LASF26
 698 01c9 01       		.byte	0x1
 699 01ca 2801     		.2byte	0x128
 700 01cc 9D000000 		.4byte	0x9d
 701 01d0 6B000000 		.4byte	.LLST2
 702 01d4 00       		.byte	0
 703 01d5 13       		.uleb128 0x13
 704 01d6 84020000 		.4byte	.LASF29
 705 01da 01       		.byte	0x1
 706 01db 4101     		.2byte	0x141
 707 01dd 00000000 		.4byte	.LFB71
 708 01e1 0C000000 		.4byte	.LFE71-.LFB71
 709 01e5 01       		.uleb128 0x1
 710 01e6 9C       		.byte	0x9c
ARM GAS  C:\Users\pcoud\AppData\Local\Temp\ccW2G5Ui.s 			page 21


 711 01e7 14       		.uleb128 0x14
 712 01e8 08000000 		.4byte	.LASF47
 713 01ec 01       		.byte	0x1
 714 01ed 5601     		.2byte	0x156
 715 01ef 9D000000 		.4byte	0x9d
 716 01f3 00000000 		.4byte	.LFB72
 717 01f7 18000000 		.4byte	.LFE72-.LFB72
 718 01fb 01       		.uleb128 0x1
 719 01fc 9C       		.byte	0x9c
 720 01fd 13       		.uleb128 0x13
 721 01fe 23030000 		.4byte	.LASF30
 722 0202 01       		.byte	0x1
 723 0203 6B01     		.2byte	0x16b
 724 0205 00000000 		.4byte	.LFB73
 725 0209 0C000000 		.4byte	.LFE73-.LFB73
 726 020d 01       		.uleb128 0x1
 727 020e 9C       		.byte	0x9c
 728 020f 09       		.uleb128 0x9
 729 0210 73000000 		.4byte	.LASF31
 730 0214 01       		.byte	0x1
 731 0215 41       		.byte	0x41
 732 0216 00000000 		.4byte	.LFB63
 733 021a 1C000000 		.4byte	.LFE63-.LFB63
 734 021e 01       		.uleb128 0x1
 735 021f 9C       		.byte	0x9c
 736 0220 61020000 		.4byte	0x261
 737 0224 0B       		.uleb128 0xb
 738 0225 06000000 		.4byte	.LVL21
 739 0229 FD010000 		.4byte	0x1fd
 740 022d 15       		.uleb128 0x15
 741 022e 0C000000 		.4byte	.LVL22
 742 0232 26010000 		.4byte	0x126
 743 0236 44020000 		.4byte	0x244
 744 023a 16       		.uleb128 0x16
 745 023b 01       		.uleb128 0x1
 746 023c 50       		.byte	0x50
 747 023d 05       		.uleb128 0x5
 748 023e 03       		.byte	0x3
 749 023f 00000000 		.4byte	isr_serial_Interrupt
 750 0243 00       		.byte	0
 751 0244 15       		.uleb128 0x15
 752 0245 12000000 		.4byte	.LVL23
 753 0249 83010000 		.4byte	0x183
 754 024d 57020000 		.4byte	0x257
 755 0251 16       		.uleb128 0x16
 756 0252 01       		.uleb128 0x1
 757 0253 50       		.byte	0x50
 758 0254 01       		.uleb128 0x1
 759 0255 37       		.byte	0x37
 760 0256 00       		.byte	0
 761 0257 0B       		.uleb128 0xb
 762 0258 16000000 		.4byte	.LVL24
 763 025c D5010000 		.4byte	0x1d5
 764 0260 00       		.byte	0
 765 0261 09       		.uleb128 0x9
 766 0262 48020000 		.4byte	.LASF32
 767 0266 01       		.byte	0x1
ARM GAS  C:\Users\pcoud\AppData\Local\Temp\ccW2G5Ui.s 			page 22


 768 0267 6C       		.byte	0x6c
 769 0268 00000000 		.4byte	.LFB64
 770 026c 1A000000 		.4byte	.LFE64-.LFB64
 771 0270 01       		.uleb128 0x1
 772 0271 9C       		.byte	0x9c
 773 0272 BF020000 		.4byte	0x2bf
 774 0276 17       		.uleb128 0x17
 775 0277 E6010000 		.4byte	.LASF25
 776 027b 01       		.byte	0x1
 777 027c 6C       		.byte	0x6c
 778 027d E5000000 		.4byte	0xe5
 779 0281 82000000 		.4byte	.LLST3
 780 0285 0B       		.uleb128 0xb
 781 0286 08000000 		.4byte	.LVL26
 782 028a FD010000 		.4byte	0x1fd
 783 028e 15       		.uleb128 0x15
 784 028f 0E000000 		.4byte	.LVL27
 785 0293 26010000 		.4byte	0x126
 786 0297 A2020000 		.4byte	0x2a2
 787 029b 16       		.uleb128 0x16
 788 029c 01       		.uleb128 0x1
 789 029d 50       		.byte	0x50
 790 029e 02       		.uleb128 0x2
 791 029f 74       		.byte	0x74
 792 02a0 00       		.sleb128 0
 793 02a1 00       		.byte	0
 794 02a2 15       		.uleb128 0x15
 795 02a3 14000000 		.4byte	.LVL28
 796 02a7 83010000 		.4byte	0x183
 797 02ab B5020000 		.4byte	0x2b5
 798 02af 16       		.uleb128 0x16
 799 02b0 01       		.uleb128 0x1
 800 02b1 50       		.byte	0x50
 801 02b2 01       		.uleb128 0x1
 802 02b3 37       		.byte	0x37
 803 02b4 00       		.byte	0
 804 02b5 0B       		.uleb128 0xb
 805 02b6 18000000 		.4byte	.LVL29
 806 02ba D5010000 		.4byte	0x1d5
 807 02be 00       		.byte	0
 808 02bf 09       		.uleb128 0x9
 809 02c0 84000000 		.4byte	.LASF33
 810 02c4 01       		.byte	0x1
 811 02c5 8A       		.byte	0x8a
 812 02c6 00000000 		.4byte	.LFB65
 813 02ca 14000000 		.4byte	.LFE65-.LFB65
 814 02ce 01       		.uleb128 0x1
 815 02cf 9C       		.byte	0x9c
 816 02d0 E7020000 		.4byte	0x2e7
 817 02d4 0B       		.uleb128 0xb
 818 02d5 06000000 		.4byte	.LVL30
 819 02d9 FD010000 		.4byte	0x1fd
 820 02dd 0B       		.uleb128 0xb
 821 02de 0C000000 		.4byte	.LVL31
 822 02e2 26010000 		.4byte	0x126
 823 02e6 00       		.byte	0
 824 02e7 13       		.uleb128 0x13
ARM GAS  C:\Users\pcoud\AppData\Local\Temp\ccW2G5Ui.s 			page 23


 825 02e8 5D000000 		.4byte	.LASF34
 826 02ec 01       		.byte	0x1
 827 02ed 8601     		.2byte	0x186
 828 02ef 00000000 		.4byte	.LFB74
 829 02f3 0C000000 		.4byte	.LFE74-.LFB74
 830 02f7 01       		.uleb128 0x1
 831 02f8 9C       		.byte	0x9c
 832 02f9 13       		.uleb128 0x13
 833 02fa 6C020000 		.4byte	.LASF35
 834 02fe 01       		.byte	0x1
 835 02ff 9F01     		.2byte	0x19f
 836 0301 00000000 		.4byte	.LFB75
 837 0305 0C000000 		.4byte	.LFE75-.LFB75
 838 0309 01       		.uleb128 0x1
 839 030a 9C       		.byte	0x9c
 840 030b 18       		.uleb128 0x18
 841 030c 9B010000 		.4byte	.LASF36
 842 0310 05       		.byte	0x5
 843 0311 1207     		.2byte	0x712
 844 0313 17030000 		.4byte	0x317
 845 0317 08       		.uleb128 0x8
 846 0318 92000000 		.4byte	0x92
 847 031c 19       		.uleb128 0x19
 848 031d C1020000 		.4byte	.LASF37
 849 0321 01       		.byte	0x1
 850 0322 1F       		.byte	0x1f
 851 0323 9D000000 		.4byte	0x9d
 852 0327 19       		.uleb128 0x19
 853 0328 95010000 		.4byte	.LASF38
 854 032c 01       		.byte	0x1
 855 032d 20       		.byte	0x20
 856 032e 9D000000 		.4byte	0x9d
 857 0332 1A       		.uleb128 0x1a
 858 0333 84000000 		.4byte	0x84
 859 0337 42030000 		.4byte	0x342
 860 033b 1B       		.uleb128 0x1b
 861 033c 7D000000 		.4byte	0x7d
 862 0340 22       		.byte	0x22
 863 0341 00       		.byte	0
 864 0342 19       		.uleb128 0x19
 865 0343 00000000 		.4byte	.LASF39
 866 0347 01       		.byte	0x1
 867 0348 21       		.byte	0x21
 868 0349 32030000 		.4byte	0x332
 869 034d 1A       		.uleb128 0x1a
 870 034e 84000000 		.4byte	0x84
 871 0352 5D030000 		.4byte	0x35d
 872 0356 1B       		.uleb128 0x1b
 873 0357 7D000000 		.4byte	0x7d
 874 035b 0E       		.byte	0xe
 875 035c 00       		.byte	0
 876 035d 19       		.uleb128 0x19
 877 035e B1000000 		.4byte	.LASF40
 878 0362 01       		.byte	0x1
 879 0363 22       		.byte	0x22
 880 0364 4D030000 		.4byte	0x34d
 881 0368 19       		.uleb128 0x19
ARM GAS  C:\Users\pcoud\AppData\Local\Temp\ccW2G5Ui.s 			page 24


 882 0369 D4010000 		.4byte	.LASF41
 883 036d 01       		.byte	0x1
 884 036e 22       		.byte	0x22
 885 036f 32030000 		.4byte	0x332
 886 0373 1C       		.uleb128 0x1c
 887 0374 36030000 		.4byte	.LASF42
 888 0378 36030000 		.4byte	.LASF42
 889 037c 06       		.byte	0x6
 890 037d 71       		.byte	0x71
 891 037e 1C       		.uleb128 0x1c
 892 037f 7E010000 		.4byte	.LASF43
 893 0383 7E010000 		.4byte	.LASF43
 894 0387 06       		.byte	0x6
 895 0388 75       		.byte	0x75
 896 0389 00       		.byte	0
 897              		.section	.debug_abbrev,"",%progbits
 898              	.Ldebug_abbrev0:
 899 0000 01       		.uleb128 0x1
 900 0001 11       		.uleb128 0x11
 901 0002 01       		.byte	0x1
 902 0003 25       		.uleb128 0x25
 903 0004 0E       		.uleb128 0xe
 904 0005 13       		.uleb128 0x13
 905 0006 0B       		.uleb128 0xb
 906 0007 03       		.uleb128 0x3
 907 0008 0E       		.uleb128 0xe
 908 0009 1B       		.uleb128 0x1b
 909 000a 0E       		.uleb128 0xe
 910 000b 55       		.uleb128 0x55
 911 000c 17       		.uleb128 0x17
 912 000d 11       		.uleb128 0x11
 913 000e 01       		.uleb128 0x1
 914 000f 10       		.uleb128 0x10
 915 0010 17       		.uleb128 0x17
 916 0011 00       		.byte	0
 917 0012 00       		.byte	0
 918 0013 02       		.uleb128 0x2
 919 0014 24       		.uleb128 0x24
 920 0015 00       		.byte	0
 921 0016 0B       		.uleb128 0xb
 922 0017 0B       		.uleb128 0xb
 923 0018 3E       		.uleb128 0x3e
 924 0019 0B       		.uleb128 0xb
 925 001a 03       		.uleb128 0x3
 926 001b 08       		.uleb128 0x8
 927 001c 00       		.byte	0
 928 001d 00       		.byte	0
 929 001e 03       		.uleb128 0x3
 930 001f 24       		.uleb128 0x24
 931 0020 00       		.byte	0
 932 0021 0B       		.uleb128 0xb
 933 0022 0B       		.uleb128 0xb
 934 0023 3E       		.uleb128 0x3e
 935 0024 0B       		.uleb128 0xb
 936 0025 03       		.uleb128 0x3
 937 0026 0E       		.uleb128 0xe
 938 0027 00       		.byte	0
ARM GAS  C:\Users\pcoud\AppData\Local\Temp\ccW2G5Ui.s 			page 25


 939 0028 00       		.byte	0
 940 0029 04       		.uleb128 0x4
 941 002a 16       		.uleb128 0x16
 942 002b 00       		.byte	0
 943 002c 03       		.uleb128 0x3
 944 002d 0E       		.uleb128 0xe
 945 002e 3A       		.uleb128 0x3a
 946 002f 0B       		.uleb128 0xb
 947 0030 3B       		.uleb128 0x3b
 948 0031 0B       		.uleb128 0xb
 949 0032 49       		.uleb128 0x49
 950 0033 13       		.uleb128 0x13
 951 0034 00       		.byte	0
 952 0035 00       		.byte	0
 953 0036 05       		.uleb128 0x5
 954 0037 0F       		.uleb128 0xf
 955 0038 00       		.byte	0
 956 0039 0B       		.uleb128 0xb
 957 003a 0B       		.uleb128 0xb
 958 003b 49       		.uleb128 0x49
 959 003c 13       		.uleb128 0x13
 960 003d 00       		.byte	0
 961 003e 00       		.byte	0
 962 003f 06       		.uleb128 0x6
 963 0040 15       		.uleb128 0x15
 964 0041 00       		.byte	0
 965 0042 27       		.uleb128 0x27
 966 0043 19       		.uleb128 0x19
 967 0044 00       		.byte	0
 968 0045 00       		.byte	0
 969 0046 07       		.uleb128 0x7
 970 0047 16       		.uleb128 0x16
 971 0048 00       		.byte	0
 972 0049 03       		.uleb128 0x3
 973 004a 0E       		.uleb128 0xe
 974 004b 3A       		.uleb128 0x3a
 975 004c 0B       		.uleb128 0xb
 976 004d 3B       		.uleb128 0x3b
 977 004e 05       		.uleb128 0x5
 978 004f 49       		.uleb128 0x49
 979 0050 13       		.uleb128 0x13
 980 0051 00       		.byte	0
 981 0052 00       		.byte	0
 982 0053 08       		.uleb128 0x8
 983 0054 35       		.uleb128 0x35
 984 0055 00       		.byte	0
 985 0056 49       		.uleb128 0x49
 986 0057 13       		.uleb128 0x13
 987 0058 00       		.byte	0
 988 0059 00       		.byte	0
 989 005a 09       		.uleb128 0x9
 990 005b 2E       		.uleb128 0x2e
 991 005c 01       		.byte	0x1
 992 005d 3F       		.uleb128 0x3f
 993 005e 19       		.uleb128 0x19
 994 005f 03       		.uleb128 0x3
 995 0060 0E       		.uleb128 0xe
ARM GAS  C:\Users\pcoud\AppData\Local\Temp\ccW2G5Ui.s 			page 26


 996 0061 3A       		.uleb128 0x3a
 997 0062 0B       		.uleb128 0xb
 998 0063 3B       		.uleb128 0x3b
 999 0064 0B       		.uleb128 0xb
 1000 0065 27       		.uleb128 0x27
 1001 0066 19       		.uleb128 0x19
 1002 0067 11       		.uleb128 0x11
 1003 0068 01       		.uleb128 0x1
 1004 0069 12       		.uleb128 0x12
 1005 006a 06       		.uleb128 0x6
 1006 006b 40       		.uleb128 0x40
 1007 006c 18       		.uleb128 0x18
 1008 006d 9742     		.uleb128 0x2117
 1009 006f 19       		.uleb128 0x19
 1010 0070 01       		.uleb128 0x1
 1011 0071 13       		.uleb128 0x13
 1012 0072 00       		.byte	0
 1013 0073 00       		.byte	0
 1014 0074 0A       		.uleb128 0xa
 1015 0075 34       		.uleb128 0x34
 1016 0076 00       		.byte	0
 1017 0077 03       		.uleb128 0x3
 1018 0078 08       		.uleb128 0x8
 1019 0079 3A       		.uleb128 0x3a
 1020 007a 0B       		.uleb128 0xb
 1021 007b 3B       		.uleb128 0x3b
 1022 007c 0B       		.uleb128 0xb
 1023 007d 49       		.uleb128 0x49
 1024 007e 13       		.uleb128 0x13
 1025 007f 02       		.uleb128 0x2
 1026 0080 17       		.uleb128 0x17
 1027 0081 00       		.byte	0
 1028 0082 00       		.byte	0
 1029 0083 0B       		.uleb128 0xb
 1030 0084 898201   		.uleb128 0x4109
 1031 0087 00       		.byte	0
 1032 0088 11       		.uleb128 0x11
 1033 0089 01       		.uleb128 0x1
 1034 008a 31       		.uleb128 0x31
 1035 008b 13       		.uleb128 0x13
 1036 008c 00       		.byte	0
 1037 008d 00       		.byte	0
 1038 008e 0C       		.uleb128 0xc
 1039 008f 05       		.uleb128 0x5
 1040 0090 00       		.byte	0
 1041 0091 03       		.uleb128 0x3
 1042 0092 0E       		.uleb128 0xe
 1043 0093 3A       		.uleb128 0x3a
 1044 0094 0B       		.uleb128 0xb
 1045 0095 3B       		.uleb128 0x3b
 1046 0096 0B       		.uleb128 0xb
 1047 0097 49       		.uleb128 0x49
 1048 0098 13       		.uleb128 0x13
 1049 0099 02       		.uleb128 0x2
 1050 009a 18       		.uleb128 0x18
 1051 009b 00       		.byte	0
 1052 009c 00       		.byte	0
ARM GAS  C:\Users\pcoud\AppData\Local\Temp\ccW2G5Ui.s 			page 27


 1053 009d 0D       		.uleb128 0xd
 1054 009e 34       		.uleb128 0x34
 1055 009f 00       		.byte	0
 1056 00a0 03       		.uleb128 0x3
 1057 00a1 0E       		.uleb128 0xe
 1058 00a2 3A       		.uleb128 0x3a
 1059 00a3 0B       		.uleb128 0xb
 1060 00a4 3B       		.uleb128 0x3b
 1061 00a5 0B       		.uleb128 0xb
 1062 00a6 49       		.uleb128 0x49
 1063 00a7 13       		.uleb128 0x13
 1064 00a8 02       		.uleb128 0x2
 1065 00a9 18       		.uleb128 0x18
 1066 00aa 00       		.byte	0
 1067 00ab 00       		.byte	0
 1068 00ac 0E       		.uleb128 0xe
 1069 00ad 2E       		.uleb128 0x2e
 1070 00ae 01       		.byte	0x1
 1071 00af 3F       		.uleb128 0x3f
 1072 00b0 19       		.uleb128 0x19
 1073 00b1 03       		.uleb128 0x3
 1074 00b2 0E       		.uleb128 0xe
 1075 00b3 3A       		.uleb128 0x3a
 1076 00b4 0B       		.uleb128 0xb
 1077 00b5 3B       		.uleb128 0x3b
 1078 00b6 0B       		.uleb128 0xb
 1079 00b7 27       		.uleb128 0x27
 1080 00b8 19       		.uleb128 0x19
 1081 00b9 49       		.uleb128 0x49
 1082 00ba 13       		.uleb128 0x13
 1083 00bb 11       		.uleb128 0x11
 1084 00bc 01       		.uleb128 0x1
 1085 00bd 12       		.uleb128 0x12
 1086 00be 06       		.uleb128 0x6
 1087 00bf 40       		.uleb128 0x40
 1088 00c0 18       		.uleb128 0x18
 1089 00c1 9742     		.uleb128 0x2117
 1090 00c3 19       		.uleb128 0x19
 1091 00c4 01       		.uleb128 0x1
 1092 00c5 13       		.uleb128 0x13
 1093 00c6 00       		.byte	0
 1094 00c7 00       		.byte	0
 1095 00c8 0F       		.uleb128 0xf
 1096 00c9 2E       		.uleb128 0x2e
 1097 00ca 01       		.byte	0x1
 1098 00cb 3F       		.uleb128 0x3f
 1099 00cc 19       		.uleb128 0x19
 1100 00cd 03       		.uleb128 0x3
 1101 00ce 0E       		.uleb128 0xe
 1102 00cf 3A       		.uleb128 0x3a
 1103 00d0 0B       		.uleb128 0xb
 1104 00d1 3B       		.uleb128 0x3b
 1105 00d2 05       		.uleb128 0x5
 1106 00d3 27       		.uleb128 0x27
 1107 00d4 19       		.uleb128 0x19
 1108 00d5 11       		.uleb128 0x11
 1109 00d6 01       		.uleb128 0x1
ARM GAS  C:\Users\pcoud\AppData\Local\Temp\ccW2G5Ui.s 			page 28


 1110 00d7 12       		.uleb128 0x12
 1111 00d8 06       		.uleb128 0x6
 1112 00d9 40       		.uleb128 0x40
 1113 00da 18       		.uleb128 0x18
 1114 00db 9742     		.uleb128 0x2117
 1115 00dd 19       		.uleb128 0x19
 1116 00de 01       		.uleb128 0x1
 1117 00df 13       		.uleb128 0x13
 1118 00e0 00       		.byte	0
 1119 00e1 00       		.byte	0
 1120 00e2 10       		.uleb128 0x10
 1121 00e3 05       		.uleb128 0x5
 1122 00e4 00       		.byte	0
 1123 00e5 03       		.uleb128 0x3
 1124 00e6 0E       		.uleb128 0xe
 1125 00e7 3A       		.uleb128 0x3a
 1126 00e8 0B       		.uleb128 0xb
 1127 00e9 3B       		.uleb128 0x3b
 1128 00ea 05       		.uleb128 0x5
 1129 00eb 49       		.uleb128 0x49
 1130 00ec 13       		.uleb128 0x13
 1131 00ed 02       		.uleb128 0x2
 1132 00ee 17       		.uleb128 0x17
 1133 00ef 00       		.byte	0
 1134 00f0 00       		.byte	0
 1135 00f1 11       		.uleb128 0x11
 1136 00f2 2E       		.uleb128 0x2e
 1137 00f3 01       		.byte	0x1
 1138 00f4 3F       		.uleb128 0x3f
 1139 00f5 19       		.uleb128 0x19
 1140 00f6 03       		.uleb128 0x3
 1141 00f7 0E       		.uleb128 0xe
 1142 00f8 3A       		.uleb128 0x3a
 1143 00f9 0B       		.uleb128 0xb
 1144 00fa 3B       		.uleb128 0x3b
 1145 00fb 05       		.uleb128 0x5
 1146 00fc 27       		.uleb128 0x27
 1147 00fd 19       		.uleb128 0x19
 1148 00fe 49       		.uleb128 0x49
 1149 00ff 13       		.uleb128 0x13
 1150 0100 11       		.uleb128 0x11
 1151 0101 01       		.uleb128 0x1
 1152 0102 12       		.uleb128 0x12
 1153 0103 06       		.uleb128 0x6
 1154 0104 40       		.uleb128 0x40
 1155 0105 18       		.uleb128 0x18
 1156 0106 9742     		.uleb128 0x2117
 1157 0108 19       		.uleb128 0x19
 1158 0109 01       		.uleb128 0x1
 1159 010a 13       		.uleb128 0x13
 1160 010b 00       		.byte	0
 1161 010c 00       		.byte	0
 1162 010d 12       		.uleb128 0x12
 1163 010e 34       		.uleb128 0x34
 1164 010f 00       		.byte	0
 1165 0110 03       		.uleb128 0x3
 1166 0111 0E       		.uleb128 0xe
ARM GAS  C:\Users\pcoud\AppData\Local\Temp\ccW2G5Ui.s 			page 29


 1167 0112 3A       		.uleb128 0x3a
 1168 0113 0B       		.uleb128 0xb
 1169 0114 3B       		.uleb128 0x3b
 1170 0115 05       		.uleb128 0x5
 1171 0116 49       		.uleb128 0x49
 1172 0117 13       		.uleb128 0x13
 1173 0118 02       		.uleb128 0x2
 1174 0119 17       		.uleb128 0x17
 1175 011a 00       		.byte	0
 1176 011b 00       		.byte	0
 1177 011c 13       		.uleb128 0x13
 1178 011d 2E       		.uleb128 0x2e
 1179 011e 00       		.byte	0
 1180 011f 3F       		.uleb128 0x3f
 1181 0120 19       		.uleb128 0x19
 1182 0121 03       		.uleb128 0x3
 1183 0122 0E       		.uleb128 0xe
 1184 0123 3A       		.uleb128 0x3a
 1185 0124 0B       		.uleb128 0xb
 1186 0125 3B       		.uleb128 0x3b
 1187 0126 05       		.uleb128 0x5
 1188 0127 27       		.uleb128 0x27
 1189 0128 19       		.uleb128 0x19
 1190 0129 11       		.uleb128 0x11
 1191 012a 01       		.uleb128 0x1
 1192 012b 12       		.uleb128 0x12
 1193 012c 06       		.uleb128 0x6
 1194 012d 40       		.uleb128 0x40
 1195 012e 18       		.uleb128 0x18
 1196 012f 9742     		.uleb128 0x2117
 1197 0131 19       		.uleb128 0x19
 1198 0132 00       		.byte	0
 1199 0133 00       		.byte	0
 1200 0134 14       		.uleb128 0x14
 1201 0135 2E       		.uleb128 0x2e
 1202 0136 00       		.byte	0
 1203 0137 3F       		.uleb128 0x3f
 1204 0138 19       		.uleb128 0x19
 1205 0139 03       		.uleb128 0x3
 1206 013a 0E       		.uleb128 0xe
 1207 013b 3A       		.uleb128 0x3a
 1208 013c 0B       		.uleb128 0xb
 1209 013d 3B       		.uleb128 0x3b
 1210 013e 05       		.uleb128 0x5
 1211 013f 27       		.uleb128 0x27
 1212 0140 19       		.uleb128 0x19
 1213 0141 49       		.uleb128 0x49
 1214 0142 13       		.uleb128 0x13
 1215 0143 11       		.uleb128 0x11
 1216 0144 01       		.uleb128 0x1
 1217 0145 12       		.uleb128 0x12
 1218 0146 06       		.uleb128 0x6
 1219 0147 40       		.uleb128 0x40
 1220 0148 18       		.uleb128 0x18
 1221 0149 9742     		.uleb128 0x2117
 1222 014b 19       		.uleb128 0x19
 1223 014c 00       		.byte	0
ARM GAS  C:\Users\pcoud\AppData\Local\Temp\ccW2G5Ui.s 			page 30


 1224 014d 00       		.byte	0
 1225 014e 15       		.uleb128 0x15
 1226 014f 898201   		.uleb128 0x4109
 1227 0152 01       		.byte	0x1
 1228 0153 11       		.uleb128 0x11
 1229 0154 01       		.uleb128 0x1
 1230 0155 31       		.uleb128 0x31
 1231 0156 13       		.uleb128 0x13
 1232 0157 01       		.uleb128 0x1
 1233 0158 13       		.uleb128 0x13
 1234 0159 00       		.byte	0
 1235 015a 00       		.byte	0
 1236 015b 16       		.uleb128 0x16
 1237 015c 8A8201   		.uleb128 0x410a
 1238 015f 00       		.byte	0
 1239 0160 02       		.uleb128 0x2
 1240 0161 18       		.uleb128 0x18
 1241 0162 9142     		.uleb128 0x2111
 1242 0164 18       		.uleb128 0x18
 1243 0165 00       		.byte	0
 1244 0166 00       		.byte	0
 1245 0167 17       		.uleb128 0x17
 1246 0168 05       		.uleb128 0x5
 1247 0169 00       		.byte	0
 1248 016a 03       		.uleb128 0x3
 1249 016b 0E       		.uleb128 0xe
 1250 016c 3A       		.uleb128 0x3a
 1251 016d 0B       		.uleb128 0xb
 1252 016e 3B       		.uleb128 0x3b
 1253 016f 0B       		.uleb128 0xb
 1254 0170 49       		.uleb128 0x49
 1255 0171 13       		.uleb128 0x13
 1256 0172 02       		.uleb128 0x2
 1257 0173 17       		.uleb128 0x17
 1258 0174 00       		.byte	0
 1259 0175 00       		.byte	0
 1260 0176 18       		.uleb128 0x18
 1261 0177 34       		.uleb128 0x34
 1262 0178 00       		.byte	0
 1263 0179 03       		.uleb128 0x3
 1264 017a 0E       		.uleb128 0xe
 1265 017b 3A       		.uleb128 0x3a
 1266 017c 0B       		.uleb128 0xb
 1267 017d 3B       		.uleb128 0x3b
 1268 017e 05       		.uleb128 0x5
 1269 017f 49       		.uleb128 0x49
 1270 0180 13       		.uleb128 0x13
 1271 0181 3F       		.uleb128 0x3f
 1272 0182 19       		.uleb128 0x19
 1273 0183 3C       		.uleb128 0x3c
 1274 0184 19       		.uleb128 0x19
 1275 0185 00       		.byte	0
 1276 0186 00       		.byte	0
 1277 0187 19       		.uleb128 0x19
 1278 0188 34       		.uleb128 0x34
 1279 0189 00       		.byte	0
 1280 018a 03       		.uleb128 0x3
ARM GAS  C:\Users\pcoud\AppData\Local\Temp\ccW2G5Ui.s 			page 31


 1281 018b 0E       		.uleb128 0xe
 1282 018c 3A       		.uleb128 0x3a
 1283 018d 0B       		.uleb128 0xb
 1284 018e 3B       		.uleb128 0x3b
 1285 018f 0B       		.uleb128 0xb
 1286 0190 49       		.uleb128 0x49
 1287 0191 13       		.uleb128 0x13
 1288 0192 3F       		.uleb128 0x3f
 1289 0193 19       		.uleb128 0x19
 1290 0194 3C       		.uleb128 0x3c
 1291 0195 19       		.uleb128 0x19
 1292 0196 00       		.byte	0
 1293 0197 00       		.byte	0
 1294 0198 1A       		.uleb128 0x1a
 1295 0199 01       		.uleb128 0x1
 1296 019a 01       		.byte	0x1
 1297 019b 49       		.uleb128 0x49
 1298 019c 13       		.uleb128 0x13
 1299 019d 01       		.uleb128 0x1
 1300 019e 13       		.uleb128 0x13
 1301 019f 00       		.byte	0
 1302 01a0 00       		.byte	0
 1303 01a1 1B       		.uleb128 0x1b
 1304 01a2 21       		.uleb128 0x21
 1305 01a3 00       		.byte	0
 1306 01a4 49       		.uleb128 0x49
 1307 01a5 13       		.uleb128 0x13
 1308 01a6 2F       		.uleb128 0x2f
 1309 01a7 0B       		.uleb128 0xb
 1310 01a8 00       		.byte	0
 1311 01a9 00       		.byte	0
 1312 01aa 1C       		.uleb128 0x1c
 1313 01ab 2E       		.uleb128 0x2e
 1314 01ac 00       		.byte	0
 1315 01ad 3F       		.uleb128 0x3f
 1316 01ae 19       		.uleb128 0x19
 1317 01af 3C       		.uleb128 0x3c
 1318 01b0 19       		.uleb128 0x19
 1319 01b1 6E       		.uleb128 0x6e
 1320 01b2 0E       		.uleb128 0xe
 1321 01b3 03       		.uleb128 0x3
 1322 01b4 0E       		.uleb128 0xe
 1323 01b5 3A       		.uleb128 0x3a
 1324 01b6 0B       		.uleb128 0xb
 1325 01b7 3B       		.uleb128 0x3b
 1326 01b8 0B       		.uleb128 0xb
 1327 01b9 00       		.byte	0
 1328 01ba 00       		.byte	0
 1329 01bb 00       		.byte	0
 1330              		.section	.debug_loc,"",%progbits
 1331              	.Ldebug_loc0:
 1332              	.LLST0:
 1333 0000 1E000000 		.4byte	.LVL1
 1334 0004 28000000 		.4byte	.LVL2
 1335 0008 0100     		.2byte	0x1
 1336 000a 53       		.byte	0x53
 1337 000b 2A000000 		.4byte	.LVL3
ARM GAS  C:\Users\pcoud\AppData\Local\Temp\ccW2G5Ui.s 			page 32


 1338 000f 2C000000 		.4byte	.LVL4
 1339 0013 0100     		.2byte	0x1
 1340 0015 53       		.byte	0x53
 1341 0016 2E000000 		.4byte	.LVL5
 1342 001a 32000000 		.4byte	.LVL6
 1343 001e 0100     		.2byte	0x1
 1344 0020 53       		.byte	0x53
 1345 0021 38000000 		.4byte	.LVL7
 1346 0025 42000000 		.4byte	.LVL8
 1347 0029 0100     		.2byte	0x1
 1348 002b 53       		.byte	0x53
 1349 002c 44000000 		.4byte	.LVL9
 1350 0030 46000000 		.4byte	.LVL10
 1351 0034 0100     		.2byte	0x1
 1352 0036 53       		.byte	0x53
 1353 0037 48000000 		.4byte	.LVL11
 1354 003b 4C000000 		.4byte	.LVL12
 1355 003f 0100     		.2byte	0x1
 1356 0041 53       		.byte	0x53
 1357 0042 00000000 		.4byte	0
 1358 0046 00000000 		.4byte	0
 1359              	.LLST1:
 1360 004a 00000000 		.4byte	.LVL17
 1361 004e 02000000 		.4byte	.LVL18
 1362 0052 0100     		.2byte	0x1
 1363 0054 50       		.byte	0x50
 1364 0055 02000000 		.4byte	.LVL18
 1365 0059 10000000 		.4byte	.LFE69
 1366 005d 0400     		.2byte	0x4
 1367 005f F3       		.byte	0xf3
 1368 0060 01       		.uleb128 0x1
 1369 0061 50       		.byte	0x50
 1370 0062 9F       		.byte	0x9f
 1371 0063 00000000 		.4byte	0
 1372 0067 00000000 		.4byte	0
 1373              	.LLST2:
 1374 006b 04000000 		.4byte	.LVL19
 1375 006f 06000000 		.4byte	.LVL20
 1376 0073 0500     		.2byte	0x5
 1377 0075 70       		.byte	0x70
 1378 0076 00       		.sleb128 0
 1379 0077 35       		.byte	0x35
 1380 0078 25       		.byte	0x25
 1381 0079 9F       		.byte	0x9f
 1382 007a 00000000 		.4byte	0
 1383 007e 00000000 		.4byte	0
 1384              	.LLST3:
 1385 0082 00000000 		.4byte	.LVL25
 1386 0086 07000000 		.4byte	.LVL26-1
 1387 008a 0100     		.2byte	0x1
 1388 008c 50       		.byte	0x50
 1389 008d 07000000 		.4byte	.LVL26-1
 1390 0091 1A000000 		.4byte	.LFE64
 1391 0095 0100     		.2byte	0x1
 1392 0097 54       		.byte	0x54
 1393 0098 00000000 		.4byte	0
 1394 009c 00000000 		.4byte	0
ARM GAS  C:\Users\pcoud\AppData\Local\Temp\ccW2G5Ui.s 			page 33


 1395              		.section	.debug_aranges,"",%progbits
 1396 0000 7C000000 		.4byte	0x7c
 1397 0004 0200     		.2byte	0x2
 1398 0006 00000000 		.4byte	.Ldebug_info0
 1399 000a 04       		.byte	0x4
 1400 000b 00       		.byte	0
 1401 000c 0000     		.2byte	0
 1402 000e 0000     		.2byte	0
 1403 0010 00000000 		.4byte	.LFB66
 1404 0014 7C000000 		.4byte	.LFE66-.LFB66
 1405 0018 00000000 		.4byte	.LFB67
 1406 001c 0C000000 		.4byte	.LFE67-.LFB67
 1407 0020 00000000 		.4byte	.LFB68
 1408 0024 0C000000 		.4byte	.LFE68-.LFB68
 1409 0028 00000000 		.4byte	.LFB69
 1410 002c 10000000 		.4byte	.LFE69-.LFB69
 1411 0030 00000000 		.4byte	.LFB70
 1412 0034 0C000000 		.4byte	.LFE70-.LFB70
 1413 0038 00000000 		.4byte	.LFB71
 1414 003c 0C000000 		.4byte	.LFE71-.LFB71
 1415 0040 00000000 		.4byte	.LFB72
 1416 0044 18000000 		.4byte	.LFE72-.LFB72
 1417 0048 00000000 		.4byte	.LFB73
 1418 004c 0C000000 		.4byte	.LFE73-.LFB73
 1419 0050 00000000 		.4byte	.LFB63
 1420 0054 1C000000 		.4byte	.LFE63-.LFB63
 1421 0058 00000000 		.4byte	.LFB64
 1422 005c 1A000000 		.4byte	.LFE64-.LFB64
 1423 0060 00000000 		.4byte	.LFB65
 1424 0064 14000000 		.4byte	.LFE65-.LFB65
 1425 0068 00000000 		.4byte	.LFB74
 1426 006c 0C000000 		.4byte	.LFE74-.LFB74
 1427 0070 00000000 		.4byte	.LFB75
 1428 0074 0C000000 		.4byte	.LFE75-.LFB75
 1429 0078 00000000 		.4byte	0
 1430 007c 00000000 		.4byte	0
 1431              		.section	.debug_ranges,"",%progbits
 1432              	.Ldebug_ranges0:
 1433 0000 00000000 		.4byte	.LFB66
 1434 0004 7C000000 		.4byte	.LFE66
 1435 0008 00000000 		.4byte	.LFB67
 1436 000c 0C000000 		.4byte	.LFE67
 1437 0010 00000000 		.4byte	.LFB68
 1438 0014 0C000000 		.4byte	.LFE68
 1439 0018 00000000 		.4byte	.LFB69
 1440 001c 10000000 		.4byte	.LFE69
 1441 0020 00000000 		.4byte	.LFB70
 1442 0024 0C000000 		.4byte	.LFE70
 1443 0028 00000000 		.4byte	.LFB71
 1444 002c 0C000000 		.4byte	.LFE71
 1445 0030 00000000 		.4byte	.LFB72
 1446 0034 18000000 		.4byte	.LFE72
 1447 0038 00000000 		.4byte	.LFB73
 1448 003c 0C000000 		.4byte	.LFE73
 1449 0040 00000000 		.4byte	.LFB63
 1450 0044 1C000000 		.4byte	.LFE63
 1451 0048 00000000 		.4byte	.LFB64
ARM GAS  C:\Users\pcoud\AppData\Local\Temp\ccW2G5Ui.s 			page 34


 1452 004c 1A000000 		.4byte	.LFE64
 1453 0050 00000000 		.4byte	.LFB65
 1454 0054 14000000 		.4byte	.LFE65
 1455 0058 00000000 		.4byte	.LFB74
 1456 005c 0C000000 		.4byte	.LFE74
 1457 0060 00000000 		.4byte	.LFB75
 1458 0064 0C000000 		.4byte	.LFE75
 1459 0068 00000000 		.4byte	0
 1460 006c 00000000 		.4byte	0
 1461              		.section	.debug_line,"",%progbits
 1462              	.Ldebug_line0:
 1463 0000 6D020000 		.section	.debug_str,"MS",%progbits,1
 1463      02006001 
 1463      00000201 
 1463      FB0E0D00 
 1463      01010101 
 1464              	.LASF39:
 1465 0000 6D657373 		.ascii	"message\000"
 1465      61676500 
 1466              	.LASF47:
 1467 0008 6973725F 		.ascii	"isr_serial_GetState\000"
 1467      73657269 
 1467      616C5F47 
 1467      65745374 
 1467      61746500 
 1468              	.LASF45:
 1469 001c 47656E65 		.ascii	"Generated_Source\\PSoC5\\isr_serial.c\000"
 1469      72617465 
 1469      645F536F 
 1469      75726365 
 1469      5C50536F 
 1470              	.LASF19:
 1471 0040 72656733 		.ascii	"reg32\000"
 1471      3200
 1472              	.LASF24:
 1473 0046 6973725F 		.ascii	"isr_serial_SetPriority\000"
 1473      73657269 
 1473      616C5F53 
 1473      65745072 
 1473      696F7269 
 1474              	.LASF34:
 1475 005d 6973725F 		.ascii	"isr_serial_SetPending\000"
 1475      73657269 
 1475      616C5F53 
 1475      65745065 
 1475      6E64696E 
 1476              	.LASF31:
 1477 0073 6973725F 		.ascii	"isr_serial_Start\000"
 1477      73657269 
 1477      616C5F53 
 1477      74617274 
 1477      00
 1478              	.LASF33:
 1479 0084 6973725F 		.ascii	"isr_serial_Stop\000"
 1479      73657269 
 1479      616C5F53 
 1479      746F7000 
ARM GAS  C:\Users\pcoud\AppData\Local\Temp\ccW2G5Ui.s 			page 35


 1480              	.LASF12:
 1481 0094 5F5F696E 		.ascii	"__int32_t\000"
 1481      7433325F 
 1481      7400
 1482              	.LASF6:
 1483 009e 73686F72 		.ascii	"short unsigned int\000"
 1483      7420756E 
 1483      7369676E 
 1483      65642069 
 1483      6E7400
 1484              	.LASF40:
 1485 00b1 62656769 		.ascii	"begin\000"
 1485      6E00
 1486              	.LASF16:
 1487 00b7 666C6F61 		.ascii	"float\000"
 1487      7400
 1488              	.LASF1:
 1489 00bd 6C6F6E67 		.ascii	"long long int\000"
 1489      206C6F6E 
 1489      6720696E 
 1489      7400
 1490              	.LASF4:
 1491 00cb 756E7369 		.ascii	"unsigned char\000"
 1491      676E6564 
 1491      20636861 
 1491      7200
 1492              	.LASF44:
 1493 00d9 474E5520 		.ascii	"GNU C11 5.4.1 20160609 (release) [ARM/embedded-5-br"
 1493      43313120 
 1493      352E342E 
 1493      31203230 
 1493      31363036 
 1494 010c 616E6368 		.ascii	"anch revision 237715] -mcpu=cortex-m3 -mthumb -g -O"
 1494      20726576 
 1494      6973696F 
 1494      6E203233 
 1494      37373135 
 1495 013f 67202D66 		.ascii	"g -ffunction-sections -ffat-lto-objects\000"
 1495      66756E63 
 1495      74696F6E 
 1495      2D736563 
 1495      74696F6E 
 1496              	.LASF18:
 1497 0167 72656738 		.ascii	"reg8\000"
 1497      00
 1498              	.LASF8:
 1499 016c 6C6F6E67 		.ascii	"long unsigned int\000"
 1499      20756E73 
 1499      69676E65 
 1499      6420696E 
 1499      7400
 1500              	.LASF43:
 1501 017e 55415254 		.ascii	"UART_SIG_ClearRxBuffer\000"
 1501      5F534947 
 1501      5F436C65 
 1501      61725278 
 1501      42756666 
ARM GAS  C:\Users\pcoud\AppData\Local\Temp\ccW2G5Ui.s 			page 36


 1502              	.LASF38:
 1503 0195 70686173 		.ascii	"phase\000"
 1503      6500
 1504              	.LASF36:
 1505 019b 49544D5F 		.ascii	"ITM_RxBuffer\000"
 1505      52784275 
 1505      66666572 
 1505      00
 1506              	.LASF17:
 1507 01a8 646F7562 		.ascii	"double\000"
 1507      6C6500
 1508              	.LASF22:
 1509 01af 6973725F 		.ascii	"isr_serial_SetVector\000"
 1509      73657269 
 1509      616C5F53 
 1509      65745665 
 1509      63746F72 
 1510              	.LASF26:
 1511 01c4 7072696F 		.ascii	"priority\000"
 1511      72697479 
 1511      00
 1512              	.LASF15:
 1513 01cd 75696E74 		.ascii	"uint32\000"
 1513      333200
 1514              	.LASF41:
 1515 01d4 72657370 		.ascii	"resp\000"
 1515      00
 1516              	.LASF0:
 1517 01d9 756E7369 		.ascii	"unsigned int\000"
 1517      676E6564 
 1517      20696E74 
 1517      00
 1518              	.LASF25:
 1519 01e6 61646472 		.ascii	"address\000"
 1519      65737300 
 1520              	.LASF9:
 1521 01ee 6C6F6E67 		.ascii	"long long unsigned int\000"
 1521      206C6F6E 
 1521      6720756E 
 1521      7369676E 
 1521      65642069 
 1522              	.LASF46:
 1523 0205 433A5C55 		.ascii	"C:\\Users\\pcoud\\github\\psoc\\ferme\\transmi_cart"
 1523      73657273 
 1523      5C70636F 
 1523      75645C67 
 1523      69746875 
 1524 0232 65732E63 		.ascii	"es.cydsn\000"
 1524      7964736E 
 1524      00
 1525              	.LASF20:
 1526 023b 63796973 		.ascii	"cyisraddress\000"
 1526      72616464 
 1526      72657373 
 1526      00
 1527              	.LASF32:
 1528 0248 6973725F 		.ascii	"isr_serial_StartEx\000"
ARM GAS  C:\Users\pcoud\AppData\Local\Temp\ccW2G5Ui.s 			page 37


 1528      73657269 
 1528      616C5F53 
 1528      74617274 
 1528      457800
 1529              	.LASF13:
 1530 025b 696E7433 		.ascii	"int32_t\000"
 1530      325F7400 
 1531              	.LASF10:
 1532 0263 73697A65 		.ascii	"sizetype\000"
 1532      74797065 
 1532      00
 1533              	.LASF35:
 1534 026c 6973725F 		.ascii	"isr_serial_ClearPending\000"
 1534      73657269 
 1534      616C5F43 
 1534      6C656172 
 1534      50656E64 
 1535              	.LASF29:
 1536 0284 6973725F 		.ascii	"isr_serial_Enable\000"
 1536      73657269 
 1536      616C5F45 
 1536      6E61626C 
 1536      6500
 1537              	.LASF11:
 1538 0296 63686172 		.ascii	"char\000"
 1538      00
 1539              	.LASF23:
 1540 029b 72616D56 		.ascii	"ramVectorTable\000"
 1540      6563746F 
 1540      72546162 
 1540      6C6500
 1541              	.LASF28:
 1542 02aa 6973725F 		.ascii	"isr_serial_GetPriority\000"
 1542      73657269 
 1542      616C5F47 
 1542      65745072 
 1542      696F7269 
 1543              	.LASF37:
 1544 02c1 63707463 		.ascii	"cptcar\000"
 1544      617200
 1545              	.LASF5:
 1546 02c8 73686F72 		.ascii	"short int\000"
 1546      7420696E 
 1546      7400
 1547              	.LASF14:
 1548 02d2 75696E74 		.ascii	"uint8\000"
 1548      3800
 1549              	.LASF27:
 1550 02d8 6973725F 		.ascii	"isr_serial_GetVector\000"
 1550      73657269 
 1550      616C5F47 
 1550      65745665 
 1550      63746F72 
 1551              	.LASF21:
 1552 02ed 6973725F 		.ascii	"isr_serial_Interrupt\000"
 1552      73657269 
 1552      616C5F49 
ARM GAS  C:\Users\pcoud\AppData\Local\Temp\ccW2G5Ui.s 			page 38


 1552      6E746572 
 1552      72757074 
 1553              	.LASF7:
 1554 0302 6C6F6E67 		.ascii	"long int\000"
 1554      20696E74 
 1554      00
 1555              	.LASF2:
 1556 030b 6C6F6E67 		.ascii	"long double\000"
 1556      20646F75 
 1556      626C6500 
 1557              	.LASF3:
 1558 0317 7369676E 		.ascii	"signed char\000"
 1558      65642063 
 1558      68617200 
 1559              	.LASF30:
 1560 0323 6973725F 		.ascii	"isr_serial_Disable\000"
 1560      73657269 
 1560      616C5F44 
 1560      69736162 
 1560      6C6500
 1561              	.LASF42:
 1562 0336 55415254 		.ascii	"UART_SIG_GetChar\000"
 1562      5F534947 
 1562      5F476574 
 1562      43686172 
 1562      00
 1563              		.ident	"GCC: (GNU Tools for ARM Embedded Processors) 5.4.1 20160609 (release) [ARM/embedded-5-bran
