ARM GAS  C:\Users\pcoud\AppData\Local\Temp\ccfBrHDw.s 			page 1


   1              		.syntax unified
   2              		.cpu cortex-m3
   3              		.fpu softvfp
   4              		.eabi_attribute 20, 1
   5              		.eabi_attribute 21, 1
   6              		.eabi_attribute 23, 3
   7              		.eabi_attribute 24, 1
   8              		.eabi_attribute 25, 1
   9              		.eabi_attribute 26, 1
  10              		.eabi_attribute 30, 1
  11              		.eabi_attribute 34, 1
  12              		.eabi_attribute 18, 4
  13              		.thumb
  14              		.syntax unified
  15              		.file	"isr_1.c"
  16              		.text
  17              	.Ltext0:
  18              		.cfi_sections	.debug_frame
  19              		.section	.text.isr_1_Interrupt,"ax",%progbits
  20              		.align	2
  21              		.global	isr_1_Interrupt
  22              		.thumb
  23              		.thumb_func
  24              		.type	isr_1_Interrupt, %function
  25              	isr_1_Interrupt:
  26              	.LFB66:
  27              		.file 1 "Generated_Source\\PSoC5\\isr_1.c"
   1:Generated_Source\PSoC5/isr_1.c **** /*******************************************************************************
   2:Generated_Source\PSoC5/isr_1.c **** * File Name: isr_1.c  
   3:Generated_Source\PSoC5/isr_1.c **** * Version 1.70
   4:Generated_Source\PSoC5/isr_1.c **** *
   5:Generated_Source\PSoC5/isr_1.c **** *  Description:
   6:Generated_Source\PSoC5/isr_1.c **** *   API for controlling the state of an interrupt.
   7:Generated_Source\PSoC5/isr_1.c **** *
   8:Generated_Source\PSoC5/isr_1.c **** *
   9:Generated_Source\PSoC5/isr_1.c **** *  Note:
  10:Generated_Source\PSoC5/isr_1.c **** *
  11:Generated_Source\PSoC5/isr_1.c **** ********************************************************************************
  12:Generated_Source\PSoC5/isr_1.c **** * Copyright 2008-2015, Cypress Semiconductor Corporation.  All rights reserved.
  13:Generated_Source\PSoC5/isr_1.c **** * You may use this file only in accordance with the license, terms, conditions, 
  14:Generated_Source\PSoC5/isr_1.c **** * disclaimers, and limitations in the end user license agreement accompanying 
  15:Generated_Source\PSoC5/isr_1.c **** * the software package with which this file was provided.
  16:Generated_Source\PSoC5/isr_1.c **** *******************************************************************************/
  17:Generated_Source\PSoC5/isr_1.c **** 
  18:Generated_Source\PSoC5/isr_1.c **** 
  19:Generated_Source\PSoC5/isr_1.c **** #include <cydevice_trm.h>
  20:Generated_Source\PSoC5/isr_1.c **** #include <CyLib.h>
  21:Generated_Source\PSoC5/isr_1.c **** #include <isr_1.h>
  22:Generated_Source\PSoC5/isr_1.c **** #include "cyapicallbacks.h"
  23:Generated_Source\PSoC5/isr_1.c **** 
  24:Generated_Source\PSoC5/isr_1.c **** #if !defined(isr_1__REMOVED) /* Check for removal by optimization */
  25:Generated_Source\PSoC5/isr_1.c **** 
  26:Generated_Source\PSoC5/isr_1.c **** /*******************************************************************************
  27:Generated_Source\PSoC5/isr_1.c **** *  Place your includes, defines and code here 
  28:Generated_Source\PSoC5/isr_1.c **** ********************************************************************************/
  29:Generated_Source\PSoC5/isr_1.c **** /* `#START isr_1_intc` */
  30:Generated_Source\PSoC5/isr_1.c **** #include "project.h"
ARM GAS  C:\Users\pcoud\AppData\Local\Temp\ccfBrHDw.s 			page 2


  31:Generated_Source\PSoC5/isr_1.c **** extern uint8 cptcar;
  32:Generated_Source\PSoC5/isr_1.c **** extern char message[100];
  33:Generated_Source\PSoC5/isr_1.c **** 
  34:Generated_Source\PSoC5/isr_1.c **** /* `#END` */
  35:Generated_Source\PSoC5/isr_1.c **** 
  36:Generated_Source\PSoC5/isr_1.c **** #ifndef CYINT_IRQ_BASE
  37:Generated_Source\PSoC5/isr_1.c **** #define CYINT_IRQ_BASE      16
  38:Generated_Source\PSoC5/isr_1.c **** #endif /* CYINT_IRQ_BASE */
  39:Generated_Source\PSoC5/isr_1.c **** #ifndef CYINT_VECT_TABLE
  40:Generated_Source\PSoC5/isr_1.c **** #define CYINT_VECT_TABLE    ((cyisraddress **) CYREG_NVIC_VECT_OFFSET)
  41:Generated_Source\PSoC5/isr_1.c **** #endif /* CYINT_VECT_TABLE */
  42:Generated_Source\PSoC5/isr_1.c **** 
  43:Generated_Source\PSoC5/isr_1.c **** /* Declared in startup, used to set unused interrupts to. */
  44:Generated_Source\PSoC5/isr_1.c **** CY_ISR_PROTO(IntDefaultHandler);
  45:Generated_Source\PSoC5/isr_1.c **** 
  46:Generated_Source\PSoC5/isr_1.c **** 
  47:Generated_Source\PSoC5/isr_1.c **** /*******************************************************************************
  48:Generated_Source\PSoC5/isr_1.c **** * Function Name: isr_1_Start
  49:Generated_Source\PSoC5/isr_1.c **** ********************************************************************************
  50:Generated_Source\PSoC5/isr_1.c **** *
  51:Generated_Source\PSoC5/isr_1.c **** * Summary:
  52:Generated_Source\PSoC5/isr_1.c **** *  Set up the interrupt and enable it. This function disables the interrupt, 
  53:Generated_Source\PSoC5/isr_1.c **** *  sets the default interrupt vector, sets the priority from the value in the
  54:Generated_Source\PSoC5/isr_1.c **** *  Design Wide Resources Interrupt Editor, then enables the interrupt to the 
  55:Generated_Source\PSoC5/isr_1.c **** *  interrupt controller.
  56:Generated_Source\PSoC5/isr_1.c **** *
  57:Generated_Source\PSoC5/isr_1.c **** * Parameters:  
  58:Generated_Source\PSoC5/isr_1.c **** *   None
  59:Generated_Source\PSoC5/isr_1.c **** *
  60:Generated_Source\PSoC5/isr_1.c **** * Return:
  61:Generated_Source\PSoC5/isr_1.c **** *   None
  62:Generated_Source\PSoC5/isr_1.c **** *
  63:Generated_Source\PSoC5/isr_1.c **** *******************************************************************************/
  64:Generated_Source\PSoC5/isr_1.c **** void isr_1_Start(void)
  65:Generated_Source\PSoC5/isr_1.c **** {
  66:Generated_Source\PSoC5/isr_1.c ****     /* For all we know the interrupt is active. */
  67:Generated_Source\PSoC5/isr_1.c ****     isr_1_Disable();
  68:Generated_Source\PSoC5/isr_1.c **** 
  69:Generated_Source\PSoC5/isr_1.c ****     /* Set the ISR to point to the isr_1 Interrupt. */
  70:Generated_Source\PSoC5/isr_1.c ****     isr_1_SetVector(&isr_1_Interrupt);
  71:Generated_Source\PSoC5/isr_1.c **** 
  72:Generated_Source\PSoC5/isr_1.c ****     /* Set the priority. */
  73:Generated_Source\PSoC5/isr_1.c ****     isr_1_SetPriority((uint8)isr_1_INTC_PRIOR_NUMBER);
  74:Generated_Source\PSoC5/isr_1.c **** 
  75:Generated_Source\PSoC5/isr_1.c ****     /* Enable it. */
  76:Generated_Source\PSoC5/isr_1.c ****     isr_1_Enable();
  77:Generated_Source\PSoC5/isr_1.c **** }
  78:Generated_Source\PSoC5/isr_1.c **** 
  79:Generated_Source\PSoC5/isr_1.c **** 
  80:Generated_Source\PSoC5/isr_1.c **** /*******************************************************************************
  81:Generated_Source\PSoC5/isr_1.c **** * Function Name: isr_1_StartEx
  82:Generated_Source\PSoC5/isr_1.c **** ********************************************************************************
  83:Generated_Source\PSoC5/isr_1.c **** *
  84:Generated_Source\PSoC5/isr_1.c **** * Summary:
  85:Generated_Source\PSoC5/isr_1.c **** *  Sets up the interrupt and enables it. This function disables the interrupt,
  86:Generated_Source\PSoC5/isr_1.c **** *  sets the interrupt vector based on the address passed in, sets the priority 
  87:Generated_Source\PSoC5/isr_1.c **** *  from the value in the Design Wide Resources Interrupt Editor, then enables 
ARM GAS  C:\Users\pcoud\AppData\Local\Temp\ccfBrHDw.s 			page 3


  88:Generated_Source\PSoC5/isr_1.c **** *  the interrupt to the interrupt controller.
  89:Generated_Source\PSoC5/isr_1.c **** *  
  90:Generated_Source\PSoC5/isr_1.c **** *  When defining ISR functions, the CY_ISR and CY_ISR_PROTO macros should be 
  91:Generated_Source\PSoC5/isr_1.c **** *  used to provide consistent definition across compilers:
  92:Generated_Source\PSoC5/isr_1.c **** *  
  93:Generated_Source\PSoC5/isr_1.c **** *  Function definition example:
  94:Generated_Source\PSoC5/isr_1.c **** *   CY_ISR(MyISR)
  95:Generated_Source\PSoC5/isr_1.c **** *   {
  96:Generated_Source\PSoC5/isr_1.c **** *   }
  97:Generated_Source\PSoC5/isr_1.c **** *   Function prototype example:
  98:Generated_Source\PSoC5/isr_1.c **** *   CY_ISR_PROTO(MyISR);
  99:Generated_Source\PSoC5/isr_1.c **** *
 100:Generated_Source\PSoC5/isr_1.c **** * Parameters:  
 101:Generated_Source\PSoC5/isr_1.c **** *   address: Address of the ISR to set in the interrupt vector table.
 102:Generated_Source\PSoC5/isr_1.c **** *
 103:Generated_Source\PSoC5/isr_1.c **** * Return:
 104:Generated_Source\PSoC5/isr_1.c **** *   None
 105:Generated_Source\PSoC5/isr_1.c **** *
 106:Generated_Source\PSoC5/isr_1.c **** *******************************************************************************/
 107:Generated_Source\PSoC5/isr_1.c **** void isr_1_StartEx(cyisraddress address)
 108:Generated_Source\PSoC5/isr_1.c **** {
 109:Generated_Source\PSoC5/isr_1.c ****     /* For all we know the interrupt is active. */
 110:Generated_Source\PSoC5/isr_1.c ****     isr_1_Disable();
 111:Generated_Source\PSoC5/isr_1.c **** 
 112:Generated_Source\PSoC5/isr_1.c ****     /* Set the ISR to point to the isr_1 Interrupt. */
 113:Generated_Source\PSoC5/isr_1.c ****     isr_1_SetVector(address);
 114:Generated_Source\PSoC5/isr_1.c **** 
 115:Generated_Source\PSoC5/isr_1.c ****     /* Set the priority. */
 116:Generated_Source\PSoC5/isr_1.c ****     isr_1_SetPriority((uint8)isr_1_INTC_PRIOR_NUMBER);
 117:Generated_Source\PSoC5/isr_1.c **** 
 118:Generated_Source\PSoC5/isr_1.c ****     /* Enable it. */
 119:Generated_Source\PSoC5/isr_1.c ****     isr_1_Enable();
 120:Generated_Source\PSoC5/isr_1.c **** }
 121:Generated_Source\PSoC5/isr_1.c **** 
 122:Generated_Source\PSoC5/isr_1.c **** 
 123:Generated_Source\PSoC5/isr_1.c **** /*******************************************************************************
 124:Generated_Source\PSoC5/isr_1.c **** * Function Name: isr_1_Stop
 125:Generated_Source\PSoC5/isr_1.c **** ********************************************************************************
 126:Generated_Source\PSoC5/isr_1.c **** *
 127:Generated_Source\PSoC5/isr_1.c **** * Summary:
 128:Generated_Source\PSoC5/isr_1.c **** *   Disables and removes the interrupt.
 129:Generated_Source\PSoC5/isr_1.c **** *
 130:Generated_Source\PSoC5/isr_1.c **** * Parameters:  
 131:Generated_Source\PSoC5/isr_1.c **** *   None
 132:Generated_Source\PSoC5/isr_1.c **** *
 133:Generated_Source\PSoC5/isr_1.c **** * Return:
 134:Generated_Source\PSoC5/isr_1.c **** *   None
 135:Generated_Source\PSoC5/isr_1.c **** *
 136:Generated_Source\PSoC5/isr_1.c **** *******************************************************************************/
 137:Generated_Source\PSoC5/isr_1.c **** void isr_1_Stop(void)
 138:Generated_Source\PSoC5/isr_1.c **** {
 139:Generated_Source\PSoC5/isr_1.c ****     /* Disable this interrupt. */
 140:Generated_Source\PSoC5/isr_1.c ****     isr_1_Disable();
 141:Generated_Source\PSoC5/isr_1.c **** 
 142:Generated_Source\PSoC5/isr_1.c ****     /* Set the ISR to point to the passive one. */
 143:Generated_Source\PSoC5/isr_1.c ****     isr_1_SetVector(&IntDefaultHandler);
 144:Generated_Source\PSoC5/isr_1.c **** }
ARM GAS  C:\Users\pcoud\AppData\Local\Temp\ccfBrHDw.s 			page 4


 145:Generated_Source\PSoC5/isr_1.c **** 
 146:Generated_Source\PSoC5/isr_1.c **** 
 147:Generated_Source\PSoC5/isr_1.c **** /*******************************************************************************
 148:Generated_Source\PSoC5/isr_1.c **** * Function Name: isr_1_Interrupt
 149:Generated_Source\PSoC5/isr_1.c **** ********************************************************************************
 150:Generated_Source\PSoC5/isr_1.c **** *
 151:Generated_Source\PSoC5/isr_1.c **** * Summary:
 152:Generated_Source\PSoC5/isr_1.c **** *   The default Interrupt Service Routine for isr_1.
 153:Generated_Source\PSoC5/isr_1.c **** *
 154:Generated_Source\PSoC5/isr_1.c **** *   Add custom code between the coments to keep the next version of this file
 155:Generated_Source\PSoC5/isr_1.c **** *   from over writting your code.
 156:Generated_Source\PSoC5/isr_1.c **** *
 157:Generated_Source\PSoC5/isr_1.c **** * Parameters:  
 158:Generated_Source\PSoC5/isr_1.c **** *
 159:Generated_Source\PSoC5/isr_1.c **** * Return:
 160:Generated_Source\PSoC5/isr_1.c **** *   None
 161:Generated_Source\PSoC5/isr_1.c **** *
 162:Generated_Source\PSoC5/isr_1.c **** *******************************************************************************/
 163:Generated_Source\PSoC5/isr_1.c **** CY_ISR(isr_1_Interrupt)
 164:Generated_Source\PSoC5/isr_1.c **** {
  28              		.loc 1 164 0
  29              		.cfi_startproc
  30              		@ args = 0, pretend = 0, frame = 0
  31              		@ frame_needed = 0, uses_anonymous_args = 0
  32 0000 38B5     		push	{r3, r4, r5, lr}
  33              		.cfi_def_cfa_offset 16
  34              		.cfi_offset 3, -16
  35              		.cfi_offset 4, -12
  36              		.cfi_offset 5, -8
  37              		.cfi_offset 14, -4
 165:Generated_Source\PSoC5/isr_1.c ****     #ifdef isr_1_INTERRUPT_INTERRUPT_CALLBACK
 166:Generated_Source\PSoC5/isr_1.c ****         isr_1_Interrupt_InterruptCallback();
 167:Generated_Source\PSoC5/isr_1.c ****     #endif /* isr_1_INTERRUPT_INTERRUPT_CALLBACK */ 
 168:Generated_Source\PSoC5/isr_1.c **** 
 169:Generated_Source\PSoC5/isr_1.c ****     /*  Place your Interrupt code here. */
 170:Generated_Source\PSoC5/isr_1.c ****     /* `#START isr_1_Interrupt` */
 171:Generated_Source\PSoC5/isr_1.c ****         message[cptcar]=UART_SIG_GetChar() ;
  38              		.loc 1 171 0
  39 0002 084C     		ldr	r4, .L4
  40 0004 2578     		ldrb	r5, [r4]	@ zero_extendqisi2
  41 0006 FFF7FEFF 		bl	UART_SIG_GetChar
  42              	.LVL0:
  43 000a 074B     		ldr	r3, .L4+4
  44 000c 5855     		strb	r0, [r3, r5]
 172:Generated_Source\PSoC5/isr_1.c ****     if (message[cptcar]==0xA) {
  45              		.loc 1 172 0
  46 000e 2278     		ldrb	r2, [r4]	@ zero_extendqisi2
  47 0010 9B5C     		ldrb	r3, [r3, r2]	@ zero_extendqisi2
  48 0012 0A2B     		cmp	r3, #10
  49 0014 01D1     		bne	.L2
 173:Generated_Source\PSoC5/isr_1.c ****         cptcar=0;
  50              		.loc 1 173 0
  51 0016 0022     		movs	r2, #0
  52 0018 2270     		strb	r2, [r4]
  53              	.L2:
 174:Generated_Source\PSoC5/isr_1.c ****         }
 175:Generated_Source\PSoC5/isr_1.c ****    // if ((message[3]=='a')&&(message[4]=='r')&&(message[5]=='t')) {//Lecture (St)art
ARM GAS  C:\Users\pcoud\AppData\Local\Temp\ccfBrHDw.s 			page 5


 176:Generated_Source\PSoC5/isr_1.c ****         
 177:Generated_Source\PSoC5/isr_1.c ****    //     }
 178:Generated_Source\PSoC5/isr_1.c **** 
 179:Generated_Source\PSoC5/isr_1.c ****      cptcar++;
  54              		.loc 1 179 0
  55 001a 024A     		ldr	r2, .L4
  56 001c 1378     		ldrb	r3, [r2]	@ zero_extendqisi2
  57 001e 0133     		adds	r3, r3, #1
  58 0020 1370     		strb	r3, [r2]
  59 0022 38BD     		pop	{r3, r4, r5, pc}
  60              	.L5:
  61              		.align	2
  62              	.L4:
  63 0024 00000000 		.word	cptcar
  64 0028 00000000 		.word	message
  65              		.cfi_endproc
  66              	.LFE66:
  67              		.size	isr_1_Interrupt, .-isr_1_Interrupt
  68              		.section	.text.isr_1_SetVector,"ax",%progbits
  69              		.align	2
  70              		.global	isr_1_SetVector
  71              		.thumb
  72              		.thumb_func
  73              		.type	isr_1_SetVector, %function
  74              	isr_1_SetVector:
  75              	.LFB67:
 180:Generated_Source\PSoC5/isr_1.c ****     /* `#END` */
 181:Generated_Source\PSoC5/isr_1.c **** }
 182:Generated_Source\PSoC5/isr_1.c **** 
 183:Generated_Source\PSoC5/isr_1.c **** 
 184:Generated_Source\PSoC5/isr_1.c **** /*******************************************************************************
 185:Generated_Source\PSoC5/isr_1.c **** * Function Name: isr_1_SetVector
 186:Generated_Source\PSoC5/isr_1.c **** ********************************************************************************
 187:Generated_Source\PSoC5/isr_1.c **** *
 188:Generated_Source\PSoC5/isr_1.c **** * Summary:
 189:Generated_Source\PSoC5/isr_1.c **** *   Change the ISR vector for the Interrupt. Note calling isr_1_Start
 190:Generated_Source\PSoC5/isr_1.c **** *   will override any effect this method would have had. To set the vector 
 191:Generated_Source\PSoC5/isr_1.c **** *   before the component has been started use isr_1_StartEx instead.
 192:Generated_Source\PSoC5/isr_1.c **** * 
 193:Generated_Source\PSoC5/isr_1.c **** *   When defining ISR functions, the CY_ISR and CY_ISR_PROTO macros should be 
 194:Generated_Source\PSoC5/isr_1.c **** *   used to provide consistent definition across compilers:
 195:Generated_Source\PSoC5/isr_1.c **** *
 196:Generated_Source\PSoC5/isr_1.c **** *   Function definition example:
 197:Generated_Source\PSoC5/isr_1.c **** *   CY_ISR(MyISR)
 198:Generated_Source\PSoC5/isr_1.c **** *   {
 199:Generated_Source\PSoC5/isr_1.c **** *   }
 200:Generated_Source\PSoC5/isr_1.c **** *
 201:Generated_Source\PSoC5/isr_1.c **** *   Function prototype example:
 202:Generated_Source\PSoC5/isr_1.c **** *     CY_ISR_PROTO(MyISR);
 203:Generated_Source\PSoC5/isr_1.c **** *
 204:Generated_Source\PSoC5/isr_1.c **** * Parameters:
 205:Generated_Source\PSoC5/isr_1.c **** *   address: Address of the ISR to set in the interrupt vector table.
 206:Generated_Source\PSoC5/isr_1.c **** *
 207:Generated_Source\PSoC5/isr_1.c **** * Return:
 208:Generated_Source\PSoC5/isr_1.c **** *   None
 209:Generated_Source\PSoC5/isr_1.c **** *
 210:Generated_Source\PSoC5/isr_1.c **** *******************************************************************************/
ARM GAS  C:\Users\pcoud\AppData\Local\Temp\ccfBrHDw.s 			page 6


 211:Generated_Source\PSoC5/isr_1.c **** void isr_1_SetVector(cyisraddress address)
 212:Generated_Source\PSoC5/isr_1.c **** {
  76              		.loc 1 212 0
  77              		.cfi_startproc
  78              		@ args = 0, pretend = 0, frame = 0
  79              		@ frame_needed = 0, uses_anonymous_args = 0
  80              		@ link register save eliminated.
  81              	.LVL1:
 213:Generated_Source\PSoC5/isr_1.c ****     cyisraddress * ramVectorTable;
 214:Generated_Source\PSoC5/isr_1.c **** 
 215:Generated_Source\PSoC5/isr_1.c ****     ramVectorTable = (cyisraddress *) *CYINT_VECT_TABLE;
  82              		.loc 1 215 0
  83 0000 014B     		ldr	r3, .L7
  84 0002 1B68     		ldr	r3, [r3]
  85              	.LVL2:
 216:Generated_Source\PSoC5/isr_1.c **** 
 217:Generated_Source\PSoC5/isr_1.c ****     ramVectorTable[CYINT_IRQ_BASE + (uint32)isr_1__INTC_NUMBER] = address;
  86              		.loc 1 217 0
  87 0004 5864     		str	r0, [r3, #68]
  88 0006 7047     		bx	lr
  89              	.L8:
  90              		.align	2
  91              	.L7:
  92 0008 08ED00E0 		.word	-536810232
  93              		.cfi_endproc
  94              	.LFE67:
  95              		.size	isr_1_SetVector, .-isr_1_SetVector
  96              		.section	.text.isr_1_GetVector,"ax",%progbits
  97              		.align	2
  98              		.global	isr_1_GetVector
  99              		.thumb
 100              		.thumb_func
 101              		.type	isr_1_GetVector, %function
 102              	isr_1_GetVector:
 103              	.LFB68:
 218:Generated_Source\PSoC5/isr_1.c **** }
 219:Generated_Source\PSoC5/isr_1.c **** 
 220:Generated_Source\PSoC5/isr_1.c **** 
 221:Generated_Source\PSoC5/isr_1.c **** /*******************************************************************************
 222:Generated_Source\PSoC5/isr_1.c **** * Function Name: isr_1_GetVector
 223:Generated_Source\PSoC5/isr_1.c **** ********************************************************************************
 224:Generated_Source\PSoC5/isr_1.c **** *
 225:Generated_Source\PSoC5/isr_1.c **** * Summary:
 226:Generated_Source\PSoC5/isr_1.c **** *   Gets the "address" of the current ISR vector for the Interrupt.
 227:Generated_Source\PSoC5/isr_1.c **** *
 228:Generated_Source\PSoC5/isr_1.c **** * Parameters:
 229:Generated_Source\PSoC5/isr_1.c **** *   None
 230:Generated_Source\PSoC5/isr_1.c **** *
 231:Generated_Source\PSoC5/isr_1.c **** * Return:
 232:Generated_Source\PSoC5/isr_1.c **** *   Address of the ISR in the interrupt vector table.
 233:Generated_Source\PSoC5/isr_1.c **** *
 234:Generated_Source\PSoC5/isr_1.c **** *******************************************************************************/
 235:Generated_Source\PSoC5/isr_1.c **** cyisraddress isr_1_GetVector(void)
 236:Generated_Source\PSoC5/isr_1.c **** {
 104              		.loc 1 236 0
 105              		.cfi_startproc
 106              		@ args = 0, pretend = 0, frame = 0
ARM GAS  C:\Users\pcoud\AppData\Local\Temp\ccfBrHDw.s 			page 7


 107              		@ frame_needed = 0, uses_anonymous_args = 0
 108              		@ link register save eliminated.
 237:Generated_Source\PSoC5/isr_1.c ****     cyisraddress * ramVectorTable;
 238:Generated_Source\PSoC5/isr_1.c **** 
 239:Generated_Source\PSoC5/isr_1.c ****     ramVectorTable = (cyisraddress *) *CYINT_VECT_TABLE;
 109              		.loc 1 239 0
 110 0000 014B     		ldr	r3, .L10
 111 0002 1B68     		ldr	r3, [r3]
 112              	.LVL3:
 240:Generated_Source\PSoC5/isr_1.c **** 
 241:Generated_Source\PSoC5/isr_1.c ****     return ramVectorTable[CYINT_IRQ_BASE + (uint32)isr_1__INTC_NUMBER];
 242:Generated_Source\PSoC5/isr_1.c **** }
 113              		.loc 1 242 0
 114 0004 586C     		ldr	r0, [r3, #68]
 115 0006 7047     		bx	lr
 116              	.L11:
 117              		.align	2
 118              	.L10:
 119 0008 08ED00E0 		.word	-536810232
 120              		.cfi_endproc
 121              	.LFE68:
 122              		.size	isr_1_GetVector, .-isr_1_GetVector
 123              		.section	.text.isr_1_SetPriority,"ax",%progbits
 124              		.align	2
 125              		.global	isr_1_SetPriority
 126              		.thumb
 127              		.thumb_func
 128              		.type	isr_1_SetPriority, %function
 129              	isr_1_SetPriority:
 130              	.LFB69:
 243:Generated_Source\PSoC5/isr_1.c **** 
 244:Generated_Source\PSoC5/isr_1.c **** 
 245:Generated_Source\PSoC5/isr_1.c **** /*******************************************************************************
 246:Generated_Source\PSoC5/isr_1.c **** * Function Name: isr_1_SetPriority
 247:Generated_Source\PSoC5/isr_1.c **** ********************************************************************************
 248:Generated_Source\PSoC5/isr_1.c **** *
 249:Generated_Source\PSoC5/isr_1.c **** * Summary:
 250:Generated_Source\PSoC5/isr_1.c **** *   Sets the Priority of the Interrupt. 
 251:Generated_Source\PSoC5/isr_1.c **** *
 252:Generated_Source\PSoC5/isr_1.c **** *   Note calling isr_1_Start or isr_1_StartEx will 
 253:Generated_Source\PSoC5/isr_1.c **** *   override any effect this API would have had. This API should only be called
 254:Generated_Source\PSoC5/isr_1.c **** *   after isr_1_Start or isr_1_StartEx has been called. 
 255:Generated_Source\PSoC5/isr_1.c **** *   To set the initial priority for the component, use the Design-Wide Resources
 256:Generated_Source\PSoC5/isr_1.c **** *   Interrupt Editor.
 257:Generated_Source\PSoC5/isr_1.c **** *
 258:Generated_Source\PSoC5/isr_1.c **** *   Note This API has no effect on Non-maskable interrupt NMI).
 259:Generated_Source\PSoC5/isr_1.c **** *
 260:Generated_Source\PSoC5/isr_1.c **** * Parameters:
 261:Generated_Source\PSoC5/isr_1.c **** *   priority: Priority of the interrupt, 0 being the highest priority
 262:Generated_Source\PSoC5/isr_1.c **** *             PSoC 3 and PSoC 5LP: Priority is from 0 to 7.
 263:Generated_Source\PSoC5/isr_1.c **** *             PSoC 4: Priority is from 0 to 3.
 264:Generated_Source\PSoC5/isr_1.c **** *
 265:Generated_Source\PSoC5/isr_1.c **** * Return:
 266:Generated_Source\PSoC5/isr_1.c **** *   None
 267:Generated_Source\PSoC5/isr_1.c **** *
 268:Generated_Source\PSoC5/isr_1.c **** *******************************************************************************/
 269:Generated_Source\PSoC5/isr_1.c **** void isr_1_SetPriority(uint8 priority)
ARM GAS  C:\Users\pcoud\AppData\Local\Temp\ccfBrHDw.s 			page 8


 270:Generated_Source\PSoC5/isr_1.c **** {
 131              		.loc 1 270 0
 132              		.cfi_startproc
 133              		@ args = 0, pretend = 0, frame = 0
 134              		@ frame_needed = 0, uses_anonymous_args = 0
 135              		@ link register save eliminated.
 136              	.LVL4:
 271:Generated_Source\PSoC5/isr_1.c ****     *isr_1_INTC_PRIOR = priority << 5;
 137              		.loc 1 271 0
 138 0000 4001     		lsls	r0, r0, #5
 139              	.LVL5:
 140 0002 C0B2     		uxtb	r0, r0
 141 0004 014B     		ldr	r3, .L13
 142 0006 1870     		strb	r0, [r3]
 143 0008 7047     		bx	lr
 144              	.L14:
 145 000a 00BF     		.align	2
 146              	.L13:
 147 000c 01E400E0 		.word	-536812543
 148              		.cfi_endproc
 149              	.LFE69:
 150              		.size	isr_1_SetPriority, .-isr_1_SetPriority
 151              		.section	.text.isr_1_GetPriority,"ax",%progbits
 152              		.align	2
 153              		.global	isr_1_GetPriority
 154              		.thumb
 155              		.thumb_func
 156              		.type	isr_1_GetPriority, %function
 157              	isr_1_GetPriority:
 158              	.LFB70:
 272:Generated_Source\PSoC5/isr_1.c **** }
 273:Generated_Source\PSoC5/isr_1.c **** 
 274:Generated_Source\PSoC5/isr_1.c **** 
 275:Generated_Source\PSoC5/isr_1.c **** /*******************************************************************************
 276:Generated_Source\PSoC5/isr_1.c **** * Function Name: isr_1_GetPriority
 277:Generated_Source\PSoC5/isr_1.c **** ********************************************************************************
 278:Generated_Source\PSoC5/isr_1.c **** *
 279:Generated_Source\PSoC5/isr_1.c **** * Summary:
 280:Generated_Source\PSoC5/isr_1.c **** *   Gets the Priority of the Interrupt.
 281:Generated_Source\PSoC5/isr_1.c **** *
 282:Generated_Source\PSoC5/isr_1.c **** * Parameters:
 283:Generated_Source\PSoC5/isr_1.c **** *   None
 284:Generated_Source\PSoC5/isr_1.c **** *
 285:Generated_Source\PSoC5/isr_1.c **** * Return:
 286:Generated_Source\PSoC5/isr_1.c **** *   Priority of the interrupt, 0 being the highest priority
 287:Generated_Source\PSoC5/isr_1.c **** *    PSoC 3 and PSoC 5LP: Priority is from 0 to 7.
 288:Generated_Source\PSoC5/isr_1.c **** *    PSoC 4: Priority is from 0 to 3.
 289:Generated_Source\PSoC5/isr_1.c **** *
 290:Generated_Source\PSoC5/isr_1.c **** *******************************************************************************/
 291:Generated_Source\PSoC5/isr_1.c **** uint8 isr_1_GetPriority(void)
 292:Generated_Source\PSoC5/isr_1.c **** {
 159              		.loc 1 292 0
 160              		.cfi_startproc
 161              		@ args = 0, pretend = 0, frame = 0
 162              		@ frame_needed = 0, uses_anonymous_args = 0
 163              		@ link register save eliminated.
 293:Generated_Source\PSoC5/isr_1.c ****     uint8 priority;
ARM GAS  C:\Users\pcoud\AppData\Local\Temp\ccfBrHDw.s 			page 9


 294:Generated_Source\PSoC5/isr_1.c **** 
 295:Generated_Source\PSoC5/isr_1.c **** 
 296:Generated_Source\PSoC5/isr_1.c ****     priority = *isr_1_INTC_PRIOR >> 5;
 164              		.loc 1 296 0
 165 0000 014B     		ldr	r3, .L16
 166 0002 1878     		ldrb	r0, [r3]	@ zero_extendqisi2
 167              	.LVL6:
 297:Generated_Source\PSoC5/isr_1.c **** 
 298:Generated_Source\PSoC5/isr_1.c ****     return priority;
 299:Generated_Source\PSoC5/isr_1.c **** }
 168              		.loc 1 299 0
 169 0004 4009     		lsrs	r0, r0, #5
 170              	.LVL7:
 171 0006 7047     		bx	lr
 172              	.L17:
 173              		.align	2
 174              	.L16:
 175 0008 01E400E0 		.word	-536812543
 176              		.cfi_endproc
 177              	.LFE70:
 178              		.size	isr_1_GetPriority, .-isr_1_GetPriority
 179              		.section	.text.isr_1_Enable,"ax",%progbits
 180              		.align	2
 181              		.global	isr_1_Enable
 182              		.thumb
 183              		.thumb_func
 184              		.type	isr_1_Enable, %function
 185              	isr_1_Enable:
 186              	.LFB71:
 300:Generated_Source\PSoC5/isr_1.c **** 
 301:Generated_Source\PSoC5/isr_1.c **** 
 302:Generated_Source\PSoC5/isr_1.c **** /*******************************************************************************
 303:Generated_Source\PSoC5/isr_1.c **** * Function Name: isr_1_Enable
 304:Generated_Source\PSoC5/isr_1.c **** ********************************************************************************
 305:Generated_Source\PSoC5/isr_1.c **** *
 306:Generated_Source\PSoC5/isr_1.c **** * Summary:
 307:Generated_Source\PSoC5/isr_1.c **** *   Enables the interrupt to the interrupt controller. Do not call this function
 308:Generated_Source\PSoC5/isr_1.c **** *   unless ISR_Start() has been called or the functionality of the ISR_Start() 
 309:Generated_Source\PSoC5/isr_1.c **** *   function, which sets the vector and the priority, has been called.
 310:Generated_Source\PSoC5/isr_1.c **** *
 311:Generated_Source\PSoC5/isr_1.c **** * Parameters:
 312:Generated_Source\PSoC5/isr_1.c **** *   None
 313:Generated_Source\PSoC5/isr_1.c **** *
 314:Generated_Source\PSoC5/isr_1.c **** * Return:
 315:Generated_Source\PSoC5/isr_1.c **** *   None
 316:Generated_Source\PSoC5/isr_1.c **** *
 317:Generated_Source\PSoC5/isr_1.c **** *******************************************************************************/
 318:Generated_Source\PSoC5/isr_1.c **** void isr_1_Enable(void)
 319:Generated_Source\PSoC5/isr_1.c **** {
 187              		.loc 1 319 0
 188              		.cfi_startproc
 189              		@ args = 0, pretend = 0, frame = 0
 190              		@ frame_needed = 0, uses_anonymous_args = 0
 191              		@ link register save eliminated.
 320:Generated_Source\PSoC5/isr_1.c ****     /* Enable the general interrupt. */
 321:Generated_Source\PSoC5/isr_1.c ****     *isr_1_INTC_SET_EN = isr_1__INTC_MASK;
 192              		.loc 1 321 0
ARM GAS  C:\Users\pcoud\AppData\Local\Temp\ccfBrHDw.s 			page 10


 193 0000 0222     		movs	r2, #2
 194 0002 014B     		ldr	r3, .L19
 195 0004 1A60     		str	r2, [r3]
 196 0006 7047     		bx	lr
 197              	.L20:
 198              		.align	2
 199              	.L19:
 200 0008 00E100E0 		.word	-536813312
 201              		.cfi_endproc
 202              	.LFE71:
 203              		.size	isr_1_Enable, .-isr_1_Enable
 204              		.section	.text.isr_1_GetState,"ax",%progbits
 205              		.align	2
 206              		.global	isr_1_GetState
 207              		.thumb
 208              		.thumb_func
 209              		.type	isr_1_GetState, %function
 210              	isr_1_GetState:
 211              	.LFB72:
 322:Generated_Source\PSoC5/isr_1.c **** }
 323:Generated_Source\PSoC5/isr_1.c **** 
 324:Generated_Source\PSoC5/isr_1.c **** 
 325:Generated_Source\PSoC5/isr_1.c **** /*******************************************************************************
 326:Generated_Source\PSoC5/isr_1.c **** * Function Name: isr_1_GetState
 327:Generated_Source\PSoC5/isr_1.c **** ********************************************************************************
 328:Generated_Source\PSoC5/isr_1.c **** *
 329:Generated_Source\PSoC5/isr_1.c **** * Summary:
 330:Generated_Source\PSoC5/isr_1.c **** *   Gets the state (enabled, disabled) of the Interrupt.
 331:Generated_Source\PSoC5/isr_1.c **** *
 332:Generated_Source\PSoC5/isr_1.c **** * Parameters:
 333:Generated_Source\PSoC5/isr_1.c **** *   None
 334:Generated_Source\PSoC5/isr_1.c **** *
 335:Generated_Source\PSoC5/isr_1.c **** * Return:
 336:Generated_Source\PSoC5/isr_1.c **** *   1 if enabled, 0 if disabled.
 337:Generated_Source\PSoC5/isr_1.c **** *
 338:Generated_Source\PSoC5/isr_1.c **** *******************************************************************************/
 339:Generated_Source\PSoC5/isr_1.c **** uint8 isr_1_GetState(void)
 340:Generated_Source\PSoC5/isr_1.c **** {
 212              		.loc 1 340 0
 213              		.cfi_startproc
 214              		@ args = 0, pretend = 0, frame = 0
 215              		@ frame_needed = 0, uses_anonymous_args = 0
 216              		@ link register save eliminated.
 341:Generated_Source\PSoC5/isr_1.c ****     /* Get the state of the general interrupt. */
 342:Generated_Source\PSoC5/isr_1.c ****     return ((*isr_1_INTC_SET_EN & (uint32)isr_1__INTC_MASK) != 0u) ? 1u:0u;
 217              		.loc 1 342 0
 218 0000 044B     		ldr	r3, .L24
 219 0002 1B68     		ldr	r3, [r3]
 220 0004 13F0020F 		tst	r3, #2
 221 0008 01D0     		beq	.L23
 222 000a 0120     		movs	r0, #1
 223 000c 7047     		bx	lr
 224              	.L23:
 225 000e 0020     		movs	r0, #0
 343:Generated_Source\PSoC5/isr_1.c **** }
 226              		.loc 1 343 0
 227 0010 7047     		bx	lr
ARM GAS  C:\Users\pcoud\AppData\Local\Temp\ccfBrHDw.s 			page 11


 228              	.L25:
 229 0012 00BF     		.align	2
 230              	.L24:
 231 0014 00E100E0 		.word	-536813312
 232              		.cfi_endproc
 233              	.LFE72:
 234              		.size	isr_1_GetState, .-isr_1_GetState
 235              		.section	.text.isr_1_Disable,"ax",%progbits
 236              		.align	2
 237              		.global	isr_1_Disable
 238              		.thumb
 239              		.thumb_func
 240              		.type	isr_1_Disable, %function
 241              	isr_1_Disable:
 242              	.LFB73:
 344:Generated_Source\PSoC5/isr_1.c **** 
 345:Generated_Source\PSoC5/isr_1.c **** 
 346:Generated_Source\PSoC5/isr_1.c **** /*******************************************************************************
 347:Generated_Source\PSoC5/isr_1.c **** * Function Name: isr_1_Disable
 348:Generated_Source\PSoC5/isr_1.c **** ********************************************************************************
 349:Generated_Source\PSoC5/isr_1.c **** *
 350:Generated_Source\PSoC5/isr_1.c **** * Summary:
 351:Generated_Source\PSoC5/isr_1.c **** *   Disables the Interrupt in the interrupt controller.
 352:Generated_Source\PSoC5/isr_1.c **** *
 353:Generated_Source\PSoC5/isr_1.c **** * Parameters:
 354:Generated_Source\PSoC5/isr_1.c **** *   None
 355:Generated_Source\PSoC5/isr_1.c **** *
 356:Generated_Source\PSoC5/isr_1.c **** * Return:
 357:Generated_Source\PSoC5/isr_1.c **** *   None
 358:Generated_Source\PSoC5/isr_1.c **** *
 359:Generated_Source\PSoC5/isr_1.c **** *******************************************************************************/
 360:Generated_Source\PSoC5/isr_1.c **** void isr_1_Disable(void)
 361:Generated_Source\PSoC5/isr_1.c **** {
 243              		.loc 1 361 0
 244              		.cfi_startproc
 245              		@ args = 0, pretend = 0, frame = 0
 246              		@ frame_needed = 0, uses_anonymous_args = 0
 247              		@ link register save eliminated.
 362:Generated_Source\PSoC5/isr_1.c ****     /* Disable the general interrupt. */
 363:Generated_Source\PSoC5/isr_1.c ****     *isr_1_INTC_CLR_EN = isr_1__INTC_MASK;
 248              		.loc 1 363 0
 249 0000 0222     		movs	r2, #2
 250 0002 014B     		ldr	r3, .L27
 251 0004 1A60     		str	r2, [r3]
 252 0006 7047     		bx	lr
 253              	.L28:
 254              		.align	2
 255              	.L27:
 256 0008 80E100E0 		.word	-536813184
 257              		.cfi_endproc
 258              	.LFE73:
 259              		.size	isr_1_Disable, .-isr_1_Disable
 260              		.section	.text.isr_1_Start,"ax",%progbits
 261              		.align	2
 262              		.global	isr_1_Start
 263              		.thumb
 264              		.thumb_func
ARM GAS  C:\Users\pcoud\AppData\Local\Temp\ccfBrHDw.s 			page 12


 265              		.type	isr_1_Start, %function
 266              	isr_1_Start:
 267              	.LFB63:
  65:Generated_Source\PSoC5/isr_1.c ****     /* For all we know the interrupt is active. */
 268              		.loc 1 65 0
 269              		.cfi_startproc
 270              		@ args = 0, pretend = 0, frame = 0
 271              		@ frame_needed = 0, uses_anonymous_args = 0
 272 0000 08B5     		push	{r3, lr}
 273              		.cfi_def_cfa_offset 8
 274              		.cfi_offset 3, -8
 275              		.cfi_offset 14, -4
  67:Generated_Source\PSoC5/isr_1.c **** 
 276              		.loc 1 67 0
 277 0002 FFF7FEFF 		bl	isr_1_Disable
 278              	.LVL8:
  70:Generated_Source\PSoC5/isr_1.c **** 
 279              		.loc 1 70 0
 280 0006 0448     		ldr	r0, .L31
 281 0008 FFF7FEFF 		bl	isr_1_SetVector
 282              	.LVL9:
  73:Generated_Source\PSoC5/isr_1.c **** 
 283              		.loc 1 73 0
 284 000c 0720     		movs	r0, #7
 285 000e FFF7FEFF 		bl	isr_1_SetPriority
 286              	.LVL10:
  76:Generated_Source\PSoC5/isr_1.c **** }
 287              		.loc 1 76 0
 288 0012 FFF7FEFF 		bl	isr_1_Enable
 289              	.LVL11:
 290 0016 08BD     		pop	{r3, pc}
 291              	.L32:
 292              		.align	2
 293              	.L31:
 294 0018 00000000 		.word	isr_1_Interrupt
 295              		.cfi_endproc
 296              	.LFE63:
 297              		.size	isr_1_Start, .-isr_1_Start
 298              		.section	.text.isr_1_StartEx,"ax",%progbits
 299              		.align	2
 300              		.global	isr_1_StartEx
 301              		.thumb
 302              		.thumb_func
 303              		.type	isr_1_StartEx, %function
 304              	isr_1_StartEx:
 305              	.LFB64:
 108:Generated_Source\PSoC5/isr_1.c ****     /* For all we know the interrupt is active. */
 306              		.loc 1 108 0
 307              		.cfi_startproc
 308              		@ args = 0, pretend = 0, frame = 0
 309              		@ frame_needed = 0, uses_anonymous_args = 0
 310              	.LVL12:
 311 0000 10B5     		push	{r4, lr}
 312              		.cfi_def_cfa_offset 8
 313              		.cfi_offset 4, -8
 314              		.cfi_offset 14, -4
 315 0002 0446     		mov	r4, r0
ARM GAS  C:\Users\pcoud\AppData\Local\Temp\ccfBrHDw.s 			page 13


 110:Generated_Source\PSoC5/isr_1.c **** 
 316              		.loc 1 110 0
 317 0004 FFF7FEFF 		bl	isr_1_Disable
 318              	.LVL13:
 113:Generated_Source\PSoC5/isr_1.c **** 
 319              		.loc 1 113 0
 320 0008 2046     		mov	r0, r4
 321 000a FFF7FEFF 		bl	isr_1_SetVector
 322              	.LVL14:
 116:Generated_Source\PSoC5/isr_1.c **** 
 323              		.loc 1 116 0
 324 000e 0720     		movs	r0, #7
 325 0010 FFF7FEFF 		bl	isr_1_SetPriority
 326              	.LVL15:
 119:Generated_Source\PSoC5/isr_1.c **** }
 327              		.loc 1 119 0
 328 0014 FFF7FEFF 		bl	isr_1_Enable
 329              	.LVL16:
 330 0018 10BD     		pop	{r4, pc}
 331              		.cfi_endproc
 332              	.LFE64:
 333              		.size	isr_1_StartEx, .-isr_1_StartEx
 334 001a 00BF     		.section	.text.isr_1_Stop,"ax",%progbits
 335              		.align	2
 336              		.global	isr_1_Stop
 337              		.thumb
 338              		.thumb_func
 339              		.type	isr_1_Stop, %function
 340              	isr_1_Stop:
 341              	.LFB65:
 138:Generated_Source\PSoC5/isr_1.c ****     /* Disable this interrupt. */
 342              		.loc 1 138 0
 343              		.cfi_startproc
 344              		@ args = 0, pretend = 0, frame = 0
 345              		@ frame_needed = 0, uses_anonymous_args = 0
 346 0000 08B5     		push	{r3, lr}
 347              		.cfi_def_cfa_offset 8
 348              		.cfi_offset 3, -8
 349              		.cfi_offset 14, -4
 140:Generated_Source\PSoC5/isr_1.c **** 
 350              		.loc 1 140 0
 351 0002 FFF7FEFF 		bl	isr_1_Disable
 352              	.LVL17:
 143:Generated_Source\PSoC5/isr_1.c **** }
 353              		.loc 1 143 0
 354 0006 0248     		ldr	r0, .L37
 355 0008 FFF7FEFF 		bl	isr_1_SetVector
 356              	.LVL18:
 357 000c 08BD     		pop	{r3, pc}
 358              	.L38:
 359 000e 00BF     		.align	2
 360              	.L37:
 361 0010 00000000 		.word	IntDefaultHandler
 362              		.cfi_endproc
 363              	.LFE65:
 364              		.size	isr_1_Stop, .-isr_1_Stop
 365              		.section	.text.isr_1_SetPending,"ax",%progbits
ARM GAS  C:\Users\pcoud\AppData\Local\Temp\ccfBrHDw.s 			page 14


 366              		.align	2
 367              		.global	isr_1_SetPending
 368              		.thumb
 369              		.thumb_func
 370              		.type	isr_1_SetPending, %function
 371              	isr_1_SetPending:
 372              	.LFB74:
 364:Generated_Source\PSoC5/isr_1.c **** }
 365:Generated_Source\PSoC5/isr_1.c **** 
 366:Generated_Source\PSoC5/isr_1.c **** 
 367:Generated_Source\PSoC5/isr_1.c **** /*******************************************************************************
 368:Generated_Source\PSoC5/isr_1.c **** * Function Name: isr_1_SetPending
 369:Generated_Source\PSoC5/isr_1.c **** ********************************************************************************
 370:Generated_Source\PSoC5/isr_1.c **** *
 371:Generated_Source\PSoC5/isr_1.c **** * Summary:
 372:Generated_Source\PSoC5/isr_1.c **** *   Causes the Interrupt to enter the pending state, a software method of
 373:Generated_Source\PSoC5/isr_1.c **** *   generating the interrupt.
 374:Generated_Source\PSoC5/isr_1.c **** *
 375:Generated_Source\PSoC5/isr_1.c **** * Parameters:
 376:Generated_Source\PSoC5/isr_1.c **** *   None
 377:Generated_Source\PSoC5/isr_1.c **** *
 378:Generated_Source\PSoC5/isr_1.c **** * Return:
 379:Generated_Source\PSoC5/isr_1.c **** *   None
 380:Generated_Source\PSoC5/isr_1.c **** *
 381:Generated_Source\PSoC5/isr_1.c **** * Side Effects:
 382:Generated_Source\PSoC5/isr_1.c **** *   If interrupts are enabled and the interrupt is set up properly, the ISR is
 383:Generated_Source\PSoC5/isr_1.c **** *   entered (depending on the priority of this interrupt and other pending 
 384:Generated_Source\PSoC5/isr_1.c **** *   interrupts).
 385:Generated_Source\PSoC5/isr_1.c **** *
 386:Generated_Source\PSoC5/isr_1.c **** *******************************************************************************/
 387:Generated_Source\PSoC5/isr_1.c **** void isr_1_SetPending(void)
 388:Generated_Source\PSoC5/isr_1.c **** {
 373              		.loc 1 388 0
 374              		.cfi_startproc
 375              		@ args = 0, pretend = 0, frame = 0
 376              		@ frame_needed = 0, uses_anonymous_args = 0
 377              		@ link register save eliminated.
 389:Generated_Source\PSoC5/isr_1.c ****     *isr_1_INTC_SET_PD = isr_1__INTC_MASK;
 378              		.loc 1 389 0
 379 0000 0222     		movs	r2, #2
 380 0002 014B     		ldr	r3, .L40
 381 0004 1A60     		str	r2, [r3]
 382 0006 7047     		bx	lr
 383              	.L41:
 384              		.align	2
 385              	.L40:
 386 0008 00E200E0 		.word	-536813056
 387              		.cfi_endproc
 388              	.LFE74:
 389              		.size	isr_1_SetPending, .-isr_1_SetPending
 390              		.section	.text.isr_1_ClearPending,"ax",%progbits
 391              		.align	2
 392              		.global	isr_1_ClearPending
 393              		.thumb
 394              		.thumb_func
 395              		.type	isr_1_ClearPending, %function
 396              	isr_1_ClearPending:
ARM GAS  C:\Users\pcoud\AppData\Local\Temp\ccfBrHDw.s 			page 15


 397              	.LFB75:
 390:Generated_Source\PSoC5/isr_1.c **** }
 391:Generated_Source\PSoC5/isr_1.c **** 
 392:Generated_Source\PSoC5/isr_1.c **** 
 393:Generated_Source\PSoC5/isr_1.c **** /*******************************************************************************
 394:Generated_Source\PSoC5/isr_1.c **** * Function Name: isr_1_ClearPending
 395:Generated_Source\PSoC5/isr_1.c **** ********************************************************************************
 396:Generated_Source\PSoC5/isr_1.c **** *
 397:Generated_Source\PSoC5/isr_1.c **** * Summary:
 398:Generated_Source\PSoC5/isr_1.c **** *   Clears a pending interrupt in the interrupt controller.
 399:Generated_Source\PSoC5/isr_1.c **** *
 400:Generated_Source\PSoC5/isr_1.c **** *   Note Some interrupt sources are clear-on-read and require the block 
 401:Generated_Source\PSoC5/isr_1.c **** *   interrupt/status register to be read/cleared with the appropriate block API 
 402:Generated_Source\PSoC5/isr_1.c **** *   (GPIO, UART, and so on). Otherwise the ISR will continue to remain in 
 403:Generated_Source\PSoC5/isr_1.c **** *   pending state even though the interrupt itself is cleared using this API.
 404:Generated_Source\PSoC5/isr_1.c **** *
 405:Generated_Source\PSoC5/isr_1.c **** * Parameters:
 406:Generated_Source\PSoC5/isr_1.c **** *   None
 407:Generated_Source\PSoC5/isr_1.c **** *
 408:Generated_Source\PSoC5/isr_1.c **** * Return:
 409:Generated_Source\PSoC5/isr_1.c **** *   None
 410:Generated_Source\PSoC5/isr_1.c **** *
 411:Generated_Source\PSoC5/isr_1.c **** *******************************************************************************/
 412:Generated_Source\PSoC5/isr_1.c **** void isr_1_ClearPending(void)
 413:Generated_Source\PSoC5/isr_1.c **** {
 398              		.loc 1 413 0
 399              		.cfi_startproc
 400              		@ args = 0, pretend = 0, frame = 0
 401              		@ frame_needed = 0, uses_anonymous_args = 0
 402              		@ link register save eliminated.
 414:Generated_Source\PSoC5/isr_1.c ****     *isr_1_INTC_CLR_PD = isr_1__INTC_MASK;
 403              		.loc 1 414 0
 404 0000 0222     		movs	r2, #2
 405 0002 014B     		ldr	r3, .L43
 406 0004 1A60     		str	r2, [r3]
 407 0006 7047     		bx	lr
 408              	.L44:
 409              		.align	2
 410              	.L43:
 411 0008 80E200E0 		.word	-536812928
 412              		.cfi_endproc
 413              	.LFE75:
 414              		.size	isr_1_ClearPending, .-isr_1_ClearPending
 415              		.text
 416              	.Letext0:
 417              		.file 2 "c:\\program files (x86)\\cypress\\psoc creator\\4.1\\psoc creator\\import\\gnu\\arm\\5.4.
 418              		.file 3 "c:\\program files (x86)\\cypress\\psoc creator\\4.1\\psoc creator\\import\\gnu\\arm\\5.4.
 419              		.file 4 "Generated_Source\\PSoC5/cytypes.h"
 420              		.file 5 "Generated_Source\\PSoC5/core_cm3.h"
 421              		.file 6 "Generated_Source\\PSoC5\\UART_SIG.h"
 422              		.section	.debug_info,"",%progbits
 423              	.Ldebug_info0:
 424 0000 34030000 		.4byte	0x334
 425 0004 0400     		.2byte	0x4
 426 0006 00000000 		.4byte	.Ldebug_abbrev0
 427 000a 04       		.byte	0x4
 428 000b 01       		.uleb128 0x1
ARM GAS  C:\Users\pcoud\AppData\Local\Temp\ccfBrHDw.s 			page 16


 429 000c 7E000000 		.4byte	.LASF39
 430 0010 0C       		.byte	0xc
 431 0011 B7010000 		.4byte	.LASF40
 432 0015 23010000 		.4byte	.LASF41
 433 0019 00000000 		.4byte	.Ldebug_ranges0+0
 434 001d 00000000 		.4byte	0
 435 0021 00000000 		.4byte	.Ldebug_line0
 436 0025 02       		.uleb128 0x2
 437 0026 04       		.byte	0x4
 438 0027 05       		.byte	0x5
 439 0028 696E7400 		.ascii	"int\000"
 440 002c 03       		.uleb128 0x3
 441 002d 04       		.byte	0x4
 442 002e 07       		.byte	0x7
 443 002f DD010000 		.4byte	.LASF0
 444 0033 03       		.uleb128 0x3
 445 0034 08       		.byte	0x8
 446 0035 05       		.byte	0x5
 447 0036 34020000 		.4byte	.LASF1
 448 003a 03       		.uleb128 0x3
 449 003b 08       		.byte	0x8
 450 003c 04       		.byte	0x4
 451 003d 90020000 		.4byte	.LASF2
 452 0041 03       		.uleb128 0x3
 453 0042 01       		.byte	0x1
 454 0043 06       		.byte	0x6
 455 0044 9C020000 		.4byte	.LASF3
 456 0048 03       		.uleb128 0x3
 457 0049 01       		.byte	0x1
 458 004a 08       		.byte	0x8
 459 004b 70000000 		.4byte	.LASF4
 460 004f 03       		.uleb128 0x3
 461 0050 02       		.byte	0x2
 462 0051 05       		.byte	0x5
 463 0052 5D020000 		.4byte	.LASF5
 464 0056 03       		.uleb128 0x3
 465 0057 02       		.byte	0x2
 466 0058 07       		.byte	0x7
 467 0059 59010000 		.4byte	.LASF6
 468 005d 04       		.uleb128 0x4
 469 005e 3C000000 		.4byte	.LASF12
 470 0062 02       		.byte	0x2
 471 0063 3F       		.byte	0x3f
 472 0064 68000000 		.4byte	0x68
 473 0068 03       		.uleb128 0x3
 474 0069 04       		.byte	0x4
 475 006a 05       		.byte	0x5
 476 006b 87020000 		.4byte	.LASF7
 477 006f 03       		.uleb128 0x3
 478 0070 04       		.byte	0x4
 479 0071 07       		.byte	0x7
 480 0072 11010000 		.4byte	.LASF8
 481 0076 03       		.uleb128 0x3
 482 0077 08       		.byte	0x8
 483 0078 07       		.byte	0x7
 484 0079 F2010000 		.4byte	.LASF9
 485 007d 03       		.uleb128 0x3
ARM GAS  C:\Users\pcoud\AppData\Local\Temp\ccfBrHDw.s 			page 17


 486 007e 04       		.byte	0x4
 487 007f 07       		.byte	0x7
 488 0080 2B020000 		.4byte	.LASF10
 489 0084 03       		.uleb128 0x3
 490 0085 01       		.byte	0x1
 491 0086 08       		.byte	0x8
 492 0087 42020000 		.4byte	.LASF11
 493 008b 05       		.uleb128 0x5
 494 008c 04       		.byte	0x4
 495 008d 91000000 		.4byte	0x91
 496 0091 06       		.uleb128 0x6
 497 0092 04       		.uleb128 0x4
 498 0093 23020000 		.4byte	.LASF13
 499 0097 03       		.byte	0x3
 500 0098 2C       		.byte	0x2c
 501 0099 5D000000 		.4byte	0x5d
 502 009d 07       		.uleb128 0x7
 503 009e 6A000000 		.4byte	.LASF14
 504 00a2 04       		.byte	0x4
 505 00a3 9201     		.2byte	0x192
 506 00a5 48000000 		.4byte	0x48
 507 00a9 07       		.uleb128 0x7
 508 00aa D6010000 		.4byte	.LASF15
 509 00ae 04       		.byte	0x4
 510 00af 9401     		.2byte	0x194
 511 00b1 6F000000 		.4byte	0x6f
 512 00b5 03       		.uleb128 0x3
 513 00b6 04       		.byte	0x4
 514 00b7 04       		.byte	0x4
 515 00b8 64000000 		.4byte	.LASF16
 516 00bc 03       		.uleb128 0x3
 517 00bd 08       		.byte	0x8
 518 00be 04       		.byte	0x4
 519 00bf A8020000 		.4byte	.LASF17
 520 00c3 07       		.uleb128 0x7
 521 00c4 0C010000 		.4byte	.LASF18
 522 00c8 04       		.byte	0x4
 523 00c9 3C02     		.2byte	0x23c
 524 00cb CF000000 		.4byte	0xcf
 525 00cf 08       		.uleb128 0x8
 526 00d0 9D000000 		.4byte	0x9d
 527 00d4 07       		.uleb128 0x7
 528 00d5 08000000 		.4byte	.LASF19
 529 00d9 04       		.byte	0x4
 530 00da 3E02     		.2byte	0x23e
 531 00dc E0000000 		.4byte	0xe0
 532 00e0 08       		.uleb128 0x8
 533 00e1 A9000000 		.4byte	0xa9
 534 00e5 07       		.uleb128 0x7
 535 00e6 09020000 		.4byte	.LASF20
 536 00ea 04       		.byte	0x4
 537 00eb 4E02     		.2byte	0x24e
 538 00ed 8B000000 		.4byte	0x8b
 539 00f1 09       		.uleb128 0x9
 540 00f2 77020000 		.4byte	.LASF21
 541 00f6 01       		.byte	0x1
 542 00f7 A3       		.byte	0xa3
ARM GAS  C:\Users\pcoud\AppData\Local\Temp\ccfBrHDw.s 			page 18


 543 00f8 00000000 		.4byte	.LFB66
 544 00fc 2C000000 		.4byte	.LFE66-.LFB66
 545 0100 01       		.uleb128 0x1
 546 0101 9C       		.byte	0x9c
 547 0102 10010000 		.4byte	0x110
 548 0106 0A       		.uleb128 0xa
 549 0107 0A000000 		.4byte	.LVL0
 550 010b 2C030000 		.4byte	0x32c
 551 010f 00       		.byte	0
 552 0110 09       		.uleb128 0x9
 553 0111 8C010000 		.4byte	.LASF22
 554 0115 01       		.byte	0x1
 555 0116 D3       		.byte	0xd3
 556 0117 00000000 		.4byte	.LFB67
 557 011b 0C000000 		.4byte	.LFE67-.LFB67
 558 011f 01       		.uleb128 0x1
 559 0120 9C       		.byte	0x9c
 560 0121 40010000 		.4byte	0x140
 561 0125 0B       		.uleb128 0xb
 562 0126 EA010000 		.4byte	.LASF25
 563 012a 01       		.byte	0x1
 564 012b D3       		.byte	0xd3
 565 012c E5000000 		.4byte	0xe5
 566 0130 01       		.uleb128 0x1
 567 0131 50       		.byte	0x50
 568 0132 0C       		.uleb128 0xc
 569 0133 47020000 		.4byte	.LASF23
 570 0137 01       		.byte	0x1
 571 0138 D5       		.byte	0xd5
 572 0139 40010000 		.4byte	0x140
 573 013d 01       		.uleb128 0x1
 574 013e 53       		.byte	0x53
 575 013f 00       		.byte	0
 576 0140 05       		.uleb128 0x5
 577 0141 04       		.byte	0x4
 578 0142 E5000000 		.4byte	0xe5
 579 0146 0D       		.uleb128 0xd
 580 0147 67020000 		.4byte	.LASF27
 581 014b 01       		.byte	0x1
 582 014c EB       		.byte	0xeb
 583 014d E5000000 		.4byte	0xe5
 584 0151 00000000 		.4byte	.LFB68
 585 0155 0C000000 		.4byte	.LFE68-.LFB68
 586 0159 01       		.uleb128 0x1
 587 015a 9C       		.byte	0x9c
 588 015b 6D010000 		.4byte	0x16d
 589 015f 0C       		.uleb128 0xc
 590 0160 47020000 		.4byte	.LASF23
 591 0164 01       		.byte	0x1
 592 0165 ED       		.byte	0xed
 593 0166 40010000 		.4byte	0x140
 594 016a 01       		.uleb128 0x1
 595 016b 53       		.byte	0x53
 596 016c 00       		.byte	0
 597 016d 0E       		.uleb128 0xe
 598 016e 9C010000 		.4byte	.LASF24
 599 0172 01       		.byte	0x1
ARM GAS  C:\Users\pcoud\AppData\Local\Temp\ccfBrHDw.s 			page 19


 600 0173 0D01     		.2byte	0x10d
 601 0175 00000000 		.4byte	.LFB69
 602 0179 10000000 		.4byte	.LFE69-.LFB69
 603 017d 01       		.uleb128 0x1
 604 017e 9C       		.byte	0x9c
 605 017f 94010000 		.4byte	0x194
 606 0183 0F       		.uleb128 0xf
 607 0184 AE010000 		.4byte	.LASF26
 608 0188 01       		.byte	0x1
 609 0189 0D01     		.2byte	0x10d
 610 018b 9D000000 		.4byte	0x9d
 611 018f 00000000 		.4byte	.LLST0
 612 0193 00       		.byte	0
 613 0194 10       		.uleb128 0x10
 614 0195 52000000 		.4byte	.LASF28
 615 0199 01       		.byte	0x1
 616 019a 2301     		.2byte	0x123
 617 019c 9D000000 		.4byte	0x9d
 618 01a0 00000000 		.4byte	.LFB70
 619 01a4 0C000000 		.4byte	.LFE70-.LFB70
 620 01a8 01       		.uleb128 0x1
 621 01a9 9C       		.byte	0x9c
 622 01aa BF010000 		.4byte	0x1bf
 623 01ae 11       		.uleb128 0x11
 624 01af AE010000 		.4byte	.LASF26
 625 01b3 01       		.byte	0x1
 626 01b4 2501     		.2byte	0x125
 627 01b6 9D000000 		.4byte	0x9d
 628 01ba 21000000 		.4byte	.LLST1
 629 01be 00       		.byte	0
 630 01bf 12       		.uleb128 0x12
 631 01c0 6C010000 		.4byte	.LASF29
 632 01c4 01       		.byte	0x1
 633 01c5 3E01     		.2byte	0x13e
 634 01c7 00000000 		.4byte	.LFB71
 635 01cb 0C000000 		.4byte	.LFE71-.LFB71
 636 01cf 01       		.uleb128 0x1
 637 01d0 9C       		.byte	0x9c
 638 01d1 13       		.uleb128 0x13
 639 01d2 1F000000 		.4byte	.LASF42
 640 01d6 01       		.byte	0x1
 641 01d7 5301     		.2byte	0x153
 642 01d9 9D000000 		.4byte	0x9d
 643 01dd 00000000 		.4byte	.LFB72
 644 01e1 18000000 		.4byte	.LFE72-.LFB72
 645 01e5 01       		.uleb128 0x1
 646 01e6 9C       		.byte	0x9c
 647 01e7 12       		.uleb128 0x12
 648 01e8 2E000000 		.4byte	.LASF30
 649 01ec 01       		.byte	0x1
 650 01ed 6801     		.2byte	0x168
 651 01ef 00000000 		.4byte	.LFB73
 652 01f3 0C000000 		.4byte	.LFE73-.LFB73
 653 01f7 01       		.uleb128 0x1
 654 01f8 9C       		.byte	0x9c
 655 01f9 09       		.uleb128 0x9
 656 01fa 46000000 		.4byte	.LASF31
ARM GAS  C:\Users\pcoud\AppData\Local\Temp\ccfBrHDw.s 			page 20


 657 01fe 01       		.byte	0x1
 658 01ff 40       		.byte	0x40
 659 0200 00000000 		.4byte	.LFB63
 660 0204 1C000000 		.4byte	.LFE63-.LFB63
 661 0208 01       		.uleb128 0x1
 662 0209 9C       		.byte	0x9c
 663 020a 4B020000 		.4byte	0x24b
 664 020e 0A       		.uleb128 0xa
 665 020f 06000000 		.4byte	.LVL8
 666 0213 E7010000 		.4byte	0x1e7
 667 0217 14       		.uleb128 0x14
 668 0218 0C000000 		.4byte	.LVL9
 669 021c 10010000 		.4byte	0x110
 670 0220 2E020000 		.4byte	0x22e
 671 0224 15       		.uleb128 0x15
 672 0225 01       		.uleb128 0x1
 673 0226 50       		.byte	0x50
 674 0227 05       		.uleb128 0x5
 675 0228 03       		.byte	0x3
 676 0229 00000000 		.4byte	isr_1_Interrupt
 677 022d 00       		.byte	0
 678 022e 14       		.uleb128 0x14
 679 022f 12000000 		.4byte	.LVL10
 680 0233 6D010000 		.4byte	0x16d
 681 0237 41020000 		.4byte	0x241
 682 023b 15       		.uleb128 0x15
 683 023c 01       		.uleb128 0x1
 684 023d 50       		.byte	0x50
 685 023e 01       		.uleb128 0x1
 686 023f 37       		.byte	0x37
 687 0240 00       		.byte	0
 688 0241 0A       		.uleb128 0xa
 689 0242 16000000 		.4byte	.LVL11
 690 0246 BF010000 		.4byte	0x1bf
 691 024a 00       		.byte	0
 692 024b 09       		.uleb128 0x9
 693 024c AF020000 		.4byte	.LASF32
 694 0250 01       		.byte	0x1
 695 0251 6B       		.byte	0x6b
 696 0252 00000000 		.4byte	.LFB64
 697 0256 1A000000 		.4byte	.LFE64-.LFB64
 698 025a 01       		.uleb128 0x1
 699 025b 9C       		.byte	0x9c
 700 025c A9020000 		.4byte	0x2a9
 701 0260 16       		.uleb128 0x16
 702 0261 EA010000 		.4byte	.LASF25
 703 0265 01       		.byte	0x1
 704 0266 6B       		.byte	0x6b
 705 0267 E5000000 		.4byte	0xe5
 706 026b 38000000 		.4byte	.LLST2
 707 026f 0A       		.uleb128 0xa
 708 0270 08000000 		.4byte	.LVL13
 709 0274 E7010000 		.4byte	0x1e7
 710 0278 14       		.uleb128 0x14
 711 0279 0E000000 		.4byte	.LVL14
 712 027d 10010000 		.4byte	0x110
 713 0281 8C020000 		.4byte	0x28c
ARM GAS  C:\Users\pcoud\AppData\Local\Temp\ccfBrHDw.s 			page 21


 714 0285 15       		.uleb128 0x15
 715 0286 01       		.uleb128 0x1
 716 0287 50       		.byte	0x50
 717 0288 02       		.uleb128 0x2
 718 0289 74       		.byte	0x74
 719 028a 00       		.sleb128 0
 720 028b 00       		.byte	0
 721 028c 14       		.uleb128 0x14
 722 028d 14000000 		.4byte	.LVL15
 723 0291 6D010000 		.4byte	0x16d
 724 0295 9F020000 		.4byte	0x29f
 725 0299 15       		.uleb128 0x15
 726 029a 01       		.uleb128 0x1
 727 029b 50       		.byte	0x50
 728 029c 01       		.uleb128 0x1
 729 029d 37       		.byte	0x37
 730 029e 00       		.byte	0
 731 029f 0A       		.uleb128 0xa
 732 02a0 18000000 		.4byte	.LVL16
 733 02a4 BF010000 		.4byte	0x1bf
 734 02a8 00       		.byte	0
 735 02a9 09       		.uleb128 0x9
 736 02aa BD020000 		.4byte	.LASF33
 737 02ae 01       		.byte	0x1
 738 02af 89       		.byte	0x89
 739 02b0 00000000 		.4byte	.LFB65
 740 02b4 14000000 		.4byte	.LFE65-.LFB65
 741 02b8 01       		.uleb128 0x1
 742 02b9 9C       		.byte	0x9c
 743 02ba D1020000 		.4byte	0x2d1
 744 02be 0A       		.uleb128 0xa
 745 02bf 06000000 		.4byte	.LVL17
 746 02c3 E7010000 		.4byte	0x1e7
 747 02c7 0A       		.uleb128 0xa
 748 02c8 0C000000 		.4byte	.LVL18
 749 02cc 10010000 		.4byte	0x110
 750 02d0 00       		.byte	0
 751 02d1 12       		.uleb128 0x12
 752 02d2 0E000000 		.4byte	.LASF34
 753 02d6 01       		.byte	0x1
 754 02d7 8301     		.2byte	0x183
 755 02d9 00000000 		.4byte	.LFB74
 756 02dd 0C000000 		.4byte	.LFE74-.LFB74
 757 02e1 01       		.uleb128 0x1
 758 02e2 9C       		.byte	0x9c
 759 02e3 12       		.uleb128 0x12
 760 02e4 79010000 		.4byte	.LASF35
 761 02e8 01       		.byte	0x1
 762 02e9 9C01     		.2byte	0x19c
 763 02eb 00000000 		.4byte	.LFB75
 764 02ef 0C000000 		.4byte	.LFE75-.LFB75
 765 02f3 01       		.uleb128 0x1
 766 02f4 9C       		.byte	0x9c
 767 02f5 17       		.uleb128 0x17
 768 02f6 16020000 		.4byte	.LASF36
 769 02fa 05       		.byte	0x5
 770 02fb 1207     		.2byte	0x712
ARM GAS  C:\Users\pcoud\AppData\Local\Temp\ccfBrHDw.s 			page 22


 771 02fd 01030000 		.4byte	0x301
 772 0301 08       		.uleb128 0x8
 773 0302 92000000 		.4byte	0x92
 774 0306 18       		.uleb128 0x18
 775 0307 56020000 		.4byte	.LASF37
 776 030b 01       		.byte	0x1
 777 030c 1F       		.byte	0x1f
 778 030d 9D000000 		.4byte	0x9d
 779 0311 19       		.uleb128 0x19
 780 0312 84000000 		.4byte	0x84
 781 0316 21030000 		.4byte	0x321
 782 031a 1A       		.uleb128 0x1a
 783 031b 7D000000 		.4byte	0x7d
 784 031f 63       		.byte	0x63
 785 0320 00       		.byte	0
 786 0321 18       		.uleb128 0x18
 787 0322 00000000 		.4byte	.LASF38
 788 0326 01       		.byte	0x1
 789 0327 20       		.byte	0x20
 790 0328 11030000 		.4byte	0x311
 791 032c 1B       		.uleb128 0x1b
 792 032d C8020000 		.4byte	.LASF43
 793 0331 C8020000 		.4byte	.LASF43
 794 0335 06       		.byte	0x6
 795 0336 71       		.byte	0x71
 796 0337 00       		.byte	0
 797              		.section	.debug_abbrev,"",%progbits
 798              	.Ldebug_abbrev0:
 799 0000 01       		.uleb128 0x1
 800 0001 11       		.uleb128 0x11
 801 0002 01       		.byte	0x1
 802 0003 25       		.uleb128 0x25
 803 0004 0E       		.uleb128 0xe
 804 0005 13       		.uleb128 0x13
 805 0006 0B       		.uleb128 0xb
 806 0007 03       		.uleb128 0x3
 807 0008 0E       		.uleb128 0xe
 808 0009 1B       		.uleb128 0x1b
 809 000a 0E       		.uleb128 0xe
 810 000b 55       		.uleb128 0x55
 811 000c 17       		.uleb128 0x17
 812 000d 11       		.uleb128 0x11
 813 000e 01       		.uleb128 0x1
 814 000f 10       		.uleb128 0x10
 815 0010 17       		.uleb128 0x17
 816 0011 00       		.byte	0
 817 0012 00       		.byte	0
 818 0013 02       		.uleb128 0x2
 819 0014 24       		.uleb128 0x24
 820 0015 00       		.byte	0
 821 0016 0B       		.uleb128 0xb
 822 0017 0B       		.uleb128 0xb
 823 0018 3E       		.uleb128 0x3e
 824 0019 0B       		.uleb128 0xb
 825 001a 03       		.uleb128 0x3
 826 001b 08       		.uleb128 0x8
 827 001c 00       		.byte	0
ARM GAS  C:\Users\pcoud\AppData\Local\Temp\ccfBrHDw.s 			page 23


 828 001d 00       		.byte	0
 829 001e 03       		.uleb128 0x3
 830 001f 24       		.uleb128 0x24
 831 0020 00       		.byte	0
 832 0021 0B       		.uleb128 0xb
 833 0022 0B       		.uleb128 0xb
 834 0023 3E       		.uleb128 0x3e
 835 0024 0B       		.uleb128 0xb
 836 0025 03       		.uleb128 0x3
 837 0026 0E       		.uleb128 0xe
 838 0027 00       		.byte	0
 839 0028 00       		.byte	0
 840 0029 04       		.uleb128 0x4
 841 002a 16       		.uleb128 0x16
 842 002b 00       		.byte	0
 843 002c 03       		.uleb128 0x3
 844 002d 0E       		.uleb128 0xe
 845 002e 3A       		.uleb128 0x3a
 846 002f 0B       		.uleb128 0xb
 847 0030 3B       		.uleb128 0x3b
 848 0031 0B       		.uleb128 0xb
 849 0032 49       		.uleb128 0x49
 850 0033 13       		.uleb128 0x13
 851 0034 00       		.byte	0
 852 0035 00       		.byte	0
 853 0036 05       		.uleb128 0x5
 854 0037 0F       		.uleb128 0xf
 855 0038 00       		.byte	0
 856 0039 0B       		.uleb128 0xb
 857 003a 0B       		.uleb128 0xb
 858 003b 49       		.uleb128 0x49
 859 003c 13       		.uleb128 0x13
 860 003d 00       		.byte	0
 861 003e 00       		.byte	0
 862 003f 06       		.uleb128 0x6
 863 0040 15       		.uleb128 0x15
 864 0041 00       		.byte	0
 865 0042 27       		.uleb128 0x27
 866 0043 19       		.uleb128 0x19
 867 0044 00       		.byte	0
 868 0045 00       		.byte	0
 869 0046 07       		.uleb128 0x7
 870 0047 16       		.uleb128 0x16
 871 0048 00       		.byte	0
 872 0049 03       		.uleb128 0x3
 873 004a 0E       		.uleb128 0xe
 874 004b 3A       		.uleb128 0x3a
 875 004c 0B       		.uleb128 0xb
 876 004d 3B       		.uleb128 0x3b
 877 004e 05       		.uleb128 0x5
 878 004f 49       		.uleb128 0x49
 879 0050 13       		.uleb128 0x13
 880 0051 00       		.byte	0
 881 0052 00       		.byte	0
 882 0053 08       		.uleb128 0x8
 883 0054 35       		.uleb128 0x35
 884 0055 00       		.byte	0
ARM GAS  C:\Users\pcoud\AppData\Local\Temp\ccfBrHDw.s 			page 24


 885 0056 49       		.uleb128 0x49
 886 0057 13       		.uleb128 0x13
 887 0058 00       		.byte	0
 888 0059 00       		.byte	0
 889 005a 09       		.uleb128 0x9
 890 005b 2E       		.uleb128 0x2e
 891 005c 01       		.byte	0x1
 892 005d 3F       		.uleb128 0x3f
 893 005e 19       		.uleb128 0x19
 894 005f 03       		.uleb128 0x3
 895 0060 0E       		.uleb128 0xe
 896 0061 3A       		.uleb128 0x3a
 897 0062 0B       		.uleb128 0xb
 898 0063 3B       		.uleb128 0x3b
 899 0064 0B       		.uleb128 0xb
 900 0065 27       		.uleb128 0x27
 901 0066 19       		.uleb128 0x19
 902 0067 11       		.uleb128 0x11
 903 0068 01       		.uleb128 0x1
 904 0069 12       		.uleb128 0x12
 905 006a 06       		.uleb128 0x6
 906 006b 40       		.uleb128 0x40
 907 006c 18       		.uleb128 0x18
 908 006d 9742     		.uleb128 0x2117
 909 006f 19       		.uleb128 0x19
 910 0070 01       		.uleb128 0x1
 911 0071 13       		.uleb128 0x13
 912 0072 00       		.byte	0
 913 0073 00       		.byte	0
 914 0074 0A       		.uleb128 0xa
 915 0075 898201   		.uleb128 0x4109
 916 0078 00       		.byte	0
 917 0079 11       		.uleb128 0x11
 918 007a 01       		.uleb128 0x1
 919 007b 31       		.uleb128 0x31
 920 007c 13       		.uleb128 0x13
 921 007d 00       		.byte	0
 922 007e 00       		.byte	0
 923 007f 0B       		.uleb128 0xb
 924 0080 05       		.uleb128 0x5
 925 0081 00       		.byte	0
 926 0082 03       		.uleb128 0x3
 927 0083 0E       		.uleb128 0xe
 928 0084 3A       		.uleb128 0x3a
 929 0085 0B       		.uleb128 0xb
 930 0086 3B       		.uleb128 0x3b
 931 0087 0B       		.uleb128 0xb
 932 0088 49       		.uleb128 0x49
 933 0089 13       		.uleb128 0x13
 934 008a 02       		.uleb128 0x2
 935 008b 18       		.uleb128 0x18
 936 008c 00       		.byte	0
 937 008d 00       		.byte	0
 938 008e 0C       		.uleb128 0xc
 939 008f 34       		.uleb128 0x34
 940 0090 00       		.byte	0
 941 0091 03       		.uleb128 0x3
ARM GAS  C:\Users\pcoud\AppData\Local\Temp\ccfBrHDw.s 			page 25


 942 0092 0E       		.uleb128 0xe
 943 0093 3A       		.uleb128 0x3a
 944 0094 0B       		.uleb128 0xb
 945 0095 3B       		.uleb128 0x3b
 946 0096 0B       		.uleb128 0xb
 947 0097 49       		.uleb128 0x49
 948 0098 13       		.uleb128 0x13
 949 0099 02       		.uleb128 0x2
 950 009a 18       		.uleb128 0x18
 951 009b 00       		.byte	0
 952 009c 00       		.byte	0
 953 009d 0D       		.uleb128 0xd
 954 009e 2E       		.uleb128 0x2e
 955 009f 01       		.byte	0x1
 956 00a0 3F       		.uleb128 0x3f
 957 00a1 19       		.uleb128 0x19
 958 00a2 03       		.uleb128 0x3
 959 00a3 0E       		.uleb128 0xe
 960 00a4 3A       		.uleb128 0x3a
 961 00a5 0B       		.uleb128 0xb
 962 00a6 3B       		.uleb128 0x3b
 963 00a7 0B       		.uleb128 0xb
 964 00a8 27       		.uleb128 0x27
 965 00a9 19       		.uleb128 0x19
 966 00aa 49       		.uleb128 0x49
 967 00ab 13       		.uleb128 0x13
 968 00ac 11       		.uleb128 0x11
 969 00ad 01       		.uleb128 0x1
 970 00ae 12       		.uleb128 0x12
 971 00af 06       		.uleb128 0x6
 972 00b0 40       		.uleb128 0x40
 973 00b1 18       		.uleb128 0x18
 974 00b2 9742     		.uleb128 0x2117
 975 00b4 19       		.uleb128 0x19
 976 00b5 01       		.uleb128 0x1
 977 00b6 13       		.uleb128 0x13
 978 00b7 00       		.byte	0
 979 00b8 00       		.byte	0
 980 00b9 0E       		.uleb128 0xe
 981 00ba 2E       		.uleb128 0x2e
 982 00bb 01       		.byte	0x1
 983 00bc 3F       		.uleb128 0x3f
 984 00bd 19       		.uleb128 0x19
 985 00be 03       		.uleb128 0x3
 986 00bf 0E       		.uleb128 0xe
 987 00c0 3A       		.uleb128 0x3a
 988 00c1 0B       		.uleb128 0xb
 989 00c2 3B       		.uleb128 0x3b
 990 00c3 05       		.uleb128 0x5
 991 00c4 27       		.uleb128 0x27
 992 00c5 19       		.uleb128 0x19
 993 00c6 11       		.uleb128 0x11
 994 00c7 01       		.uleb128 0x1
 995 00c8 12       		.uleb128 0x12
 996 00c9 06       		.uleb128 0x6
 997 00ca 40       		.uleb128 0x40
 998 00cb 18       		.uleb128 0x18
ARM GAS  C:\Users\pcoud\AppData\Local\Temp\ccfBrHDw.s 			page 26


 999 00cc 9742     		.uleb128 0x2117
 1000 00ce 19       		.uleb128 0x19
 1001 00cf 01       		.uleb128 0x1
 1002 00d0 13       		.uleb128 0x13
 1003 00d1 00       		.byte	0
 1004 00d2 00       		.byte	0
 1005 00d3 0F       		.uleb128 0xf
 1006 00d4 05       		.uleb128 0x5
 1007 00d5 00       		.byte	0
 1008 00d6 03       		.uleb128 0x3
 1009 00d7 0E       		.uleb128 0xe
 1010 00d8 3A       		.uleb128 0x3a
 1011 00d9 0B       		.uleb128 0xb
 1012 00da 3B       		.uleb128 0x3b
 1013 00db 05       		.uleb128 0x5
 1014 00dc 49       		.uleb128 0x49
 1015 00dd 13       		.uleb128 0x13
 1016 00de 02       		.uleb128 0x2
 1017 00df 17       		.uleb128 0x17
 1018 00e0 00       		.byte	0
 1019 00e1 00       		.byte	0
 1020 00e2 10       		.uleb128 0x10
 1021 00e3 2E       		.uleb128 0x2e
 1022 00e4 01       		.byte	0x1
 1023 00e5 3F       		.uleb128 0x3f
 1024 00e6 19       		.uleb128 0x19
 1025 00e7 03       		.uleb128 0x3
 1026 00e8 0E       		.uleb128 0xe
 1027 00e9 3A       		.uleb128 0x3a
 1028 00ea 0B       		.uleb128 0xb
 1029 00eb 3B       		.uleb128 0x3b
 1030 00ec 05       		.uleb128 0x5
 1031 00ed 27       		.uleb128 0x27
 1032 00ee 19       		.uleb128 0x19
 1033 00ef 49       		.uleb128 0x49
 1034 00f0 13       		.uleb128 0x13
 1035 00f1 11       		.uleb128 0x11
 1036 00f2 01       		.uleb128 0x1
 1037 00f3 12       		.uleb128 0x12
 1038 00f4 06       		.uleb128 0x6
 1039 00f5 40       		.uleb128 0x40
 1040 00f6 18       		.uleb128 0x18
 1041 00f7 9742     		.uleb128 0x2117
 1042 00f9 19       		.uleb128 0x19
 1043 00fa 01       		.uleb128 0x1
 1044 00fb 13       		.uleb128 0x13
 1045 00fc 00       		.byte	0
 1046 00fd 00       		.byte	0
 1047 00fe 11       		.uleb128 0x11
 1048 00ff 34       		.uleb128 0x34
 1049 0100 00       		.byte	0
 1050 0101 03       		.uleb128 0x3
 1051 0102 0E       		.uleb128 0xe
 1052 0103 3A       		.uleb128 0x3a
 1053 0104 0B       		.uleb128 0xb
 1054 0105 3B       		.uleb128 0x3b
 1055 0106 05       		.uleb128 0x5
ARM GAS  C:\Users\pcoud\AppData\Local\Temp\ccfBrHDw.s 			page 27


 1056 0107 49       		.uleb128 0x49
 1057 0108 13       		.uleb128 0x13
 1058 0109 02       		.uleb128 0x2
 1059 010a 17       		.uleb128 0x17
 1060 010b 00       		.byte	0
 1061 010c 00       		.byte	0
 1062 010d 12       		.uleb128 0x12
 1063 010e 2E       		.uleb128 0x2e
 1064 010f 00       		.byte	0
 1065 0110 3F       		.uleb128 0x3f
 1066 0111 19       		.uleb128 0x19
 1067 0112 03       		.uleb128 0x3
 1068 0113 0E       		.uleb128 0xe
 1069 0114 3A       		.uleb128 0x3a
 1070 0115 0B       		.uleb128 0xb
 1071 0116 3B       		.uleb128 0x3b
 1072 0117 05       		.uleb128 0x5
 1073 0118 27       		.uleb128 0x27
 1074 0119 19       		.uleb128 0x19
 1075 011a 11       		.uleb128 0x11
 1076 011b 01       		.uleb128 0x1
 1077 011c 12       		.uleb128 0x12
 1078 011d 06       		.uleb128 0x6
 1079 011e 40       		.uleb128 0x40
 1080 011f 18       		.uleb128 0x18
 1081 0120 9742     		.uleb128 0x2117
 1082 0122 19       		.uleb128 0x19
 1083 0123 00       		.byte	0
 1084 0124 00       		.byte	0
 1085 0125 13       		.uleb128 0x13
 1086 0126 2E       		.uleb128 0x2e
 1087 0127 00       		.byte	0
 1088 0128 3F       		.uleb128 0x3f
 1089 0129 19       		.uleb128 0x19
 1090 012a 03       		.uleb128 0x3
 1091 012b 0E       		.uleb128 0xe
 1092 012c 3A       		.uleb128 0x3a
 1093 012d 0B       		.uleb128 0xb
 1094 012e 3B       		.uleb128 0x3b
 1095 012f 05       		.uleb128 0x5
 1096 0130 27       		.uleb128 0x27
 1097 0131 19       		.uleb128 0x19
 1098 0132 49       		.uleb128 0x49
 1099 0133 13       		.uleb128 0x13
 1100 0134 11       		.uleb128 0x11
 1101 0135 01       		.uleb128 0x1
 1102 0136 12       		.uleb128 0x12
 1103 0137 06       		.uleb128 0x6
 1104 0138 40       		.uleb128 0x40
 1105 0139 18       		.uleb128 0x18
 1106 013a 9742     		.uleb128 0x2117
 1107 013c 19       		.uleb128 0x19
 1108 013d 00       		.byte	0
 1109 013e 00       		.byte	0
 1110 013f 14       		.uleb128 0x14
 1111 0140 898201   		.uleb128 0x4109
 1112 0143 01       		.byte	0x1
ARM GAS  C:\Users\pcoud\AppData\Local\Temp\ccfBrHDw.s 			page 28


 1113 0144 11       		.uleb128 0x11
 1114 0145 01       		.uleb128 0x1
 1115 0146 31       		.uleb128 0x31
 1116 0147 13       		.uleb128 0x13
 1117 0148 01       		.uleb128 0x1
 1118 0149 13       		.uleb128 0x13
 1119 014a 00       		.byte	0
 1120 014b 00       		.byte	0
 1121 014c 15       		.uleb128 0x15
 1122 014d 8A8201   		.uleb128 0x410a
 1123 0150 00       		.byte	0
 1124 0151 02       		.uleb128 0x2
 1125 0152 18       		.uleb128 0x18
 1126 0153 9142     		.uleb128 0x2111
 1127 0155 18       		.uleb128 0x18
 1128 0156 00       		.byte	0
 1129 0157 00       		.byte	0
 1130 0158 16       		.uleb128 0x16
 1131 0159 05       		.uleb128 0x5
 1132 015a 00       		.byte	0
 1133 015b 03       		.uleb128 0x3
 1134 015c 0E       		.uleb128 0xe
 1135 015d 3A       		.uleb128 0x3a
 1136 015e 0B       		.uleb128 0xb
 1137 015f 3B       		.uleb128 0x3b
 1138 0160 0B       		.uleb128 0xb
 1139 0161 49       		.uleb128 0x49
 1140 0162 13       		.uleb128 0x13
 1141 0163 02       		.uleb128 0x2
 1142 0164 17       		.uleb128 0x17
 1143 0165 00       		.byte	0
 1144 0166 00       		.byte	0
 1145 0167 17       		.uleb128 0x17
 1146 0168 34       		.uleb128 0x34
 1147 0169 00       		.byte	0
 1148 016a 03       		.uleb128 0x3
 1149 016b 0E       		.uleb128 0xe
 1150 016c 3A       		.uleb128 0x3a
 1151 016d 0B       		.uleb128 0xb
 1152 016e 3B       		.uleb128 0x3b
 1153 016f 05       		.uleb128 0x5
 1154 0170 49       		.uleb128 0x49
 1155 0171 13       		.uleb128 0x13
 1156 0172 3F       		.uleb128 0x3f
 1157 0173 19       		.uleb128 0x19
 1158 0174 3C       		.uleb128 0x3c
 1159 0175 19       		.uleb128 0x19
 1160 0176 00       		.byte	0
 1161 0177 00       		.byte	0
 1162 0178 18       		.uleb128 0x18
 1163 0179 34       		.uleb128 0x34
 1164 017a 00       		.byte	0
 1165 017b 03       		.uleb128 0x3
 1166 017c 0E       		.uleb128 0xe
 1167 017d 3A       		.uleb128 0x3a
 1168 017e 0B       		.uleb128 0xb
 1169 017f 3B       		.uleb128 0x3b
ARM GAS  C:\Users\pcoud\AppData\Local\Temp\ccfBrHDw.s 			page 29


 1170 0180 0B       		.uleb128 0xb
 1171 0181 49       		.uleb128 0x49
 1172 0182 13       		.uleb128 0x13
 1173 0183 3F       		.uleb128 0x3f
 1174 0184 19       		.uleb128 0x19
 1175 0185 3C       		.uleb128 0x3c
 1176 0186 19       		.uleb128 0x19
 1177 0187 00       		.byte	0
 1178 0188 00       		.byte	0
 1179 0189 19       		.uleb128 0x19
 1180 018a 01       		.uleb128 0x1
 1181 018b 01       		.byte	0x1
 1182 018c 49       		.uleb128 0x49
 1183 018d 13       		.uleb128 0x13
 1184 018e 01       		.uleb128 0x1
 1185 018f 13       		.uleb128 0x13
 1186 0190 00       		.byte	0
 1187 0191 00       		.byte	0
 1188 0192 1A       		.uleb128 0x1a
 1189 0193 21       		.uleb128 0x21
 1190 0194 00       		.byte	0
 1191 0195 49       		.uleb128 0x49
 1192 0196 13       		.uleb128 0x13
 1193 0197 2F       		.uleb128 0x2f
 1194 0198 0B       		.uleb128 0xb
 1195 0199 00       		.byte	0
 1196 019a 00       		.byte	0
 1197 019b 1B       		.uleb128 0x1b
 1198 019c 2E       		.uleb128 0x2e
 1199 019d 00       		.byte	0
 1200 019e 3F       		.uleb128 0x3f
 1201 019f 19       		.uleb128 0x19
 1202 01a0 3C       		.uleb128 0x3c
 1203 01a1 19       		.uleb128 0x19
 1204 01a2 6E       		.uleb128 0x6e
 1205 01a3 0E       		.uleb128 0xe
 1206 01a4 03       		.uleb128 0x3
 1207 01a5 0E       		.uleb128 0xe
 1208 01a6 3A       		.uleb128 0x3a
 1209 01a7 0B       		.uleb128 0xb
 1210 01a8 3B       		.uleb128 0x3b
 1211 01a9 0B       		.uleb128 0xb
 1212 01aa 00       		.byte	0
 1213 01ab 00       		.byte	0
 1214 01ac 00       		.byte	0
 1215              		.section	.debug_loc,"",%progbits
 1216              	.Ldebug_loc0:
 1217              	.LLST0:
 1218 0000 00000000 		.4byte	.LVL4
 1219 0004 02000000 		.4byte	.LVL5
 1220 0008 0100     		.2byte	0x1
 1221 000a 50       		.byte	0x50
 1222 000b 02000000 		.4byte	.LVL5
 1223 000f 10000000 		.4byte	.LFE69
 1224 0013 0400     		.2byte	0x4
 1225 0015 F3       		.byte	0xf3
 1226 0016 01       		.uleb128 0x1
ARM GAS  C:\Users\pcoud\AppData\Local\Temp\ccfBrHDw.s 			page 30


 1227 0017 50       		.byte	0x50
 1228 0018 9F       		.byte	0x9f
 1229 0019 00000000 		.4byte	0
 1230 001d 00000000 		.4byte	0
 1231              	.LLST1:
 1232 0021 04000000 		.4byte	.LVL6
 1233 0025 06000000 		.4byte	.LVL7
 1234 0029 0500     		.2byte	0x5
 1235 002b 70       		.byte	0x70
 1236 002c 00       		.sleb128 0
 1237 002d 35       		.byte	0x35
 1238 002e 25       		.byte	0x25
 1239 002f 9F       		.byte	0x9f
 1240 0030 00000000 		.4byte	0
 1241 0034 00000000 		.4byte	0
 1242              	.LLST2:
 1243 0038 00000000 		.4byte	.LVL12
 1244 003c 07000000 		.4byte	.LVL13-1
 1245 0040 0100     		.2byte	0x1
 1246 0042 50       		.byte	0x50
 1247 0043 07000000 		.4byte	.LVL13-1
 1248 0047 1A000000 		.4byte	.LFE64
 1249 004b 0100     		.2byte	0x1
 1250 004d 54       		.byte	0x54
 1251 004e 00000000 		.4byte	0
 1252 0052 00000000 		.4byte	0
 1253              		.section	.debug_aranges,"",%progbits
 1254 0000 7C000000 		.4byte	0x7c
 1255 0004 0200     		.2byte	0x2
 1256 0006 00000000 		.4byte	.Ldebug_info0
 1257 000a 04       		.byte	0x4
 1258 000b 00       		.byte	0
 1259 000c 0000     		.2byte	0
 1260 000e 0000     		.2byte	0
 1261 0010 00000000 		.4byte	.LFB66
 1262 0014 2C000000 		.4byte	.LFE66-.LFB66
 1263 0018 00000000 		.4byte	.LFB67
 1264 001c 0C000000 		.4byte	.LFE67-.LFB67
 1265 0020 00000000 		.4byte	.LFB68
 1266 0024 0C000000 		.4byte	.LFE68-.LFB68
 1267 0028 00000000 		.4byte	.LFB69
 1268 002c 10000000 		.4byte	.LFE69-.LFB69
 1269 0030 00000000 		.4byte	.LFB70
 1270 0034 0C000000 		.4byte	.LFE70-.LFB70
 1271 0038 00000000 		.4byte	.LFB71
 1272 003c 0C000000 		.4byte	.LFE71-.LFB71
 1273 0040 00000000 		.4byte	.LFB72
 1274 0044 18000000 		.4byte	.LFE72-.LFB72
 1275 0048 00000000 		.4byte	.LFB73
 1276 004c 0C000000 		.4byte	.LFE73-.LFB73
 1277 0050 00000000 		.4byte	.LFB63
 1278 0054 1C000000 		.4byte	.LFE63-.LFB63
 1279 0058 00000000 		.4byte	.LFB64
 1280 005c 1A000000 		.4byte	.LFE64-.LFB64
 1281 0060 00000000 		.4byte	.LFB65
 1282 0064 14000000 		.4byte	.LFE65-.LFB65
 1283 0068 00000000 		.4byte	.LFB74
ARM GAS  C:\Users\pcoud\AppData\Local\Temp\ccfBrHDw.s 			page 31


 1284 006c 0C000000 		.4byte	.LFE74-.LFB74
 1285 0070 00000000 		.4byte	.LFB75
 1286 0074 0C000000 		.4byte	.LFE75-.LFB75
 1287 0078 00000000 		.4byte	0
 1288 007c 00000000 		.4byte	0
 1289              		.section	.debug_ranges,"",%progbits
 1290              	.Ldebug_ranges0:
 1291 0000 00000000 		.4byte	.LFB66
 1292 0004 2C000000 		.4byte	.LFE66
 1293 0008 00000000 		.4byte	.LFB67
 1294 000c 0C000000 		.4byte	.LFE67
 1295 0010 00000000 		.4byte	.LFB68
 1296 0014 0C000000 		.4byte	.LFE68
 1297 0018 00000000 		.4byte	.LFB69
 1298 001c 10000000 		.4byte	.LFE69
 1299 0020 00000000 		.4byte	.LFB70
 1300 0024 0C000000 		.4byte	.LFE70
 1301 0028 00000000 		.4byte	.LFB71
 1302 002c 0C000000 		.4byte	.LFE71
 1303 0030 00000000 		.4byte	.LFB72
 1304 0034 18000000 		.4byte	.LFE72
 1305 0038 00000000 		.4byte	.LFB73
 1306 003c 0C000000 		.4byte	.LFE73
 1307 0040 00000000 		.4byte	.LFB63
 1308 0044 1C000000 		.4byte	.LFE63
 1309 0048 00000000 		.4byte	.LFB64
 1310 004c 1A000000 		.4byte	.LFE64
 1311 0050 00000000 		.4byte	.LFB65
 1312 0054 14000000 		.4byte	.LFE65
 1313 0058 00000000 		.4byte	.LFB74
 1314 005c 0C000000 		.4byte	.LFE74
 1315 0060 00000000 		.4byte	.LFB75
 1316 0064 0C000000 		.4byte	.LFE75
 1317 0068 00000000 		.4byte	0
 1318 006c 00000000 		.4byte	0
 1319              		.section	.debug_line,"",%progbits
 1320              	.Ldebug_line0:
 1321 0000 4C020000 		.section	.debug_str,"MS",%progbits,1
 1321      02005B01 
 1321      00000201 
 1321      FB0E0D00 
 1321      01010101 
 1322              	.LASF38:
 1323 0000 6D657373 		.ascii	"message\000"
 1323      61676500 
 1324              	.LASF19:
 1325 0008 72656733 		.ascii	"reg32\000"
 1325      3200
 1326              	.LASF34:
 1327 000e 6973725F 		.ascii	"isr_1_SetPending\000"
 1327      315F5365 
 1327      7450656E 
 1327      64696E67 
 1327      00
 1328              	.LASF42:
 1329 001f 6973725F 		.ascii	"isr_1_GetState\000"
 1329      315F4765 
ARM GAS  C:\Users\pcoud\AppData\Local\Temp\ccfBrHDw.s 			page 32


 1329      74537461 
 1329      746500
 1330              	.LASF30:
 1331 002e 6973725F 		.ascii	"isr_1_Disable\000"
 1331      315F4469 
 1331      7361626C 
 1331      6500
 1332              	.LASF12:
 1333 003c 5F5F696E 		.ascii	"__int32_t\000"
 1333      7433325F 
 1333      7400
 1334              	.LASF31:
 1335 0046 6973725F 		.ascii	"isr_1_Start\000"
 1335      315F5374 
 1335      61727400 
 1336              	.LASF28:
 1337 0052 6973725F 		.ascii	"isr_1_GetPriority\000"
 1337      315F4765 
 1337      74507269 
 1337      6F726974 
 1337      7900
 1338              	.LASF16:
 1339 0064 666C6F61 		.ascii	"float\000"
 1339      7400
 1340              	.LASF14:
 1341 006a 75696E74 		.ascii	"uint8\000"
 1341      3800
 1342              	.LASF4:
 1343 0070 756E7369 		.ascii	"unsigned char\000"
 1343      676E6564 
 1343      20636861 
 1343      7200
 1344              	.LASF39:
 1345 007e 474E5520 		.ascii	"GNU C11 5.4.1 20160609 (release) [ARM/embedded-5-br"
 1345      43313120 
 1345      352E342E 
 1345      31203230 
 1345      31363036 
 1346 00b1 616E6368 		.ascii	"anch revision 237715] -mcpu=cortex-m3 -mthumb -g -O"
 1346      20726576 
 1346      6973696F 
 1346      6E203233 
 1346      37373135 
 1347 00e4 67202D66 		.ascii	"g -ffunction-sections -ffat-lto-objects\000"
 1347      66756E63 
 1347      74696F6E 
 1347      2D736563 
 1347      74696F6E 
 1348              	.LASF18:
 1349 010c 72656738 		.ascii	"reg8\000"
 1349      00
 1350              	.LASF8:
 1351 0111 6C6F6E67 		.ascii	"long unsigned int\000"
 1351      20756E73 
 1351      69676E65 
 1351      6420696E 
 1351      7400
ARM GAS  C:\Users\pcoud\AppData\Local\Temp\ccfBrHDw.s 			page 33


 1352              	.LASF41:
 1353 0123 433A5C55 		.ascii	"C:\\Users\\pcoud\\githup\\psoc\\ferme\\transmi_cart"
 1353      73657273 
 1353      5C70636F 
 1353      75645C67 
 1353      69746875 
 1354 0150 65732E63 		.ascii	"es.cydsn\000"
 1354      7964736E 
 1354      00
 1355              	.LASF6:
 1356 0159 73686F72 		.ascii	"short unsigned int\000"
 1356      7420756E 
 1356      7369676E 
 1356      65642069 
 1356      6E7400
 1357              	.LASF29:
 1358 016c 6973725F 		.ascii	"isr_1_Enable\000"
 1358      315F456E 
 1358      61626C65 
 1358      00
 1359              	.LASF35:
 1360 0179 6973725F 		.ascii	"isr_1_ClearPending\000"
 1360      315F436C 
 1360      65617250 
 1360      656E6469 
 1360      6E6700
 1361              	.LASF22:
 1362 018c 6973725F 		.ascii	"isr_1_SetVector\000"
 1362      315F5365 
 1362      74566563 
 1362      746F7200 
 1363              	.LASF24:
 1364 019c 6973725F 		.ascii	"isr_1_SetPriority\000"
 1364      315F5365 
 1364      74507269 
 1364      6F726974 
 1364      7900
 1365              	.LASF26:
 1366 01ae 7072696F 		.ascii	"priority\000"
 1366      72697479 
 1366      00
 1367              	.LASF40:
 1368 01b7 47656E65 		.ascii	"Generated_Source\\PSoC5\\isr_1.c\000"
 1368      72617465 
 1368      645F536F 
 1368      75726365 
 1368      5C50536F 
 1369              	.LASF15:
 1370 01d6 75696E74 		.ascii	"uint32\000"
 1370      333200
 1371              	.LASF0:
 1372 01dd 756E7369 		.ascii	"unsigned int\000"
 1372      676E6564 
 1372      20696E74 
 1372      00
 1373              	.LASF25:
 1374 01ea 61646472 		.ascii	"address\000"
ARM GAS  C:\Users\pcoud\AppData\Local\Temp\ccfBrHDw.s 			page 34


 1374      65737300 
 1375              	.LASF9:
 1376 01f2 6C6F6E67 		.ascii	"long long unsigned int\000"
 1376      206C6F6E 
 1376      6720756E 
 1376      7369676E 
 1376      65642069 
 1377              	.LASF20:
 1378 0209 63796973 		.ascii	"cyisraddress\000"
 1378      72616464 
 1378      72657373 
 1378      00
 1379              	.LASF36:
 1380 0216 49544D5F 		.ascii	"ITM_RxBuffer\000"
 1380      52784275 
 1380      66666572 
 1380      00
 1381              	.LASF13:
 1382 0223 696E7433 		.ascii	"int32_t\000"
 1382      325F7400 
 1383              	.LASF10:
 1384 022b 73697A65 		.ascii	"sizetype\000"
 1384      74797065 
 1384      00
 1385              	.LASF1:
 1386 0234 6C6F6E67 		.ascii	"long long int\000"
 1386      206C6F6E 
 1386      6720696E 
 1386      7400
 1387              	.LASF11:
 1388 0242 63686172 		.ascii	"char\000"
 1388      00
 1389              	.LASF23:
 1390 0247 72616D56 		.ascii	"ramVectorTable\000"
 1390      6563746F 
 1390      72546162 
 1390      6C6500
 1391              	.LASF37:
 1392 0256 63707463 		.ascii	"cptcar\000"
 1392      617200
 1393              	.LASF5:
 1394 025d 73686F72 		.ascii	"short int\000"
 1394      7420696E 
 1394      7400
 1395              	.LASF27:
 1396 0267 6973725F 		.ascii	"isr_1_GetVector\000"
 1396      315F4765 
 1396      74566563 
 1396      746F7200 
 1397              	.LASF21:
 1398 0277 6973725F 		.ascii	"isr_1_Interrupt\000"
 1398      315F496E 
 1398      74657272 
 1398      75707400 
 1399              	.LASF7:
 1400 0287 6C6F6E67 		.ascii	"long int\000"
 1400      20696E74 
ARM GAS  C:\Users\pcoud\AppData\Local\Temp\ccfBrHDw.s 			page 35


 1400      00
 1401              	.LASF2:
 1402 0290 6C6F6E67 		.ascii	"long double\000"
 1402      20646F75 
 1402      626C6500 
 1403              	.LASF3:
 1404 029c 7369676E 		.ascii	"signed char\000"
 1404      65642063 
 1404      68617200 
 1405              	.LASF17:
 1406 02a8 646F7562 		.ascii	"double\000"
 1406      6C6500
 1407              	.LASF32:
 1408 02af 6973725F 		.ascii	"isr_1_StartEx\000"
 1408      315F5374 
 1408      61727445 
 1408      7800
 1409              	.LASF33:
 1410 02bd 6973725F 		.ascii	"isr_1_Stop\000"
 1410      315F5374 
 1410      6F7000
 1411              	.LASF43:
 1412 02c8 55415254 		.ascii	"UART_SIG_GetChar\000"
 1412      5F534947 
 1412      5F476574 
 1412      43686172 
 1412      00
 1413              		.ident	"GCC: (GNU Tools for ARM Embedded Processors) 5.4.1 20160609 (release) [ARM/embedded-5-bran
